# /Users/marinabarrueco/Downloads/gibbscluster-2.0/bin/gibbs_cluster_1.2.2_DB.Darwin_x86_64 -mhc1 -l 9 -g 2 -ts 1.5 -blf /Users/marinabarrueco/Downloads/gibbscluster-2.0/data/blosum%i.freq_rownorm -blm 62 -base 0 -bg 1 -i 10 -s 1 -nt 20 -fr 20 -fs 100 -wlc 200 -swt 0 -lambda 0.8 -dlen 5 -ilen 1 -findels 10 -sigma 5 /Users/marinabarrueco/Downloads/gibbscluster-2.0/test/gibbs_43881/data/pepdata.txt
# Thu Jan 30 18:17:26 2025
# User: marinabarrueco
# PWD : /Users/marinabarrueco/Downloads/gibbscluster-2.0/test
# Host: Darwin MacBook-Air-de-Marina.local 23.6.0 x86_64
# -mhc1    1                    Use peptides of fixed length, no window shift
# -l       9                    Motif length
# -g       2                    Number of initial clusters
# -ts      1.500000             Start temperature
# -blf     /Users/marinabarrueco/Downloads/gibbscluster-2.0/data/blosum%i.freq_rownorm Real value blosum matrix filename
# -blm     62                   Blosum matrix number
# -base    0.000000             Baseline value to discard to trash
# -bg      1                    [0] Flat (0.05) [1] Precalculated [2] From data
# -i       10                   Number of iterations per train example
# -s       1                    Seed [-1] Default, [0] Time [>0] Specific seed
# -nt      20                   Number of temperature steps
# -fr      20                   Interval between Single sequence moves (if -mhc1 == 1)
# -fs      100                  Interval between Phase shift moves
# -wlc     200.000000           Weigth on low count
# -swt     0                    [0] 1/ns [1] Clustering [2] No sequence weighting
# -lambda  0.800000             Penalty factor for overlapping clusters
# -dlen    5                    Max length of deletions
# -ilen    1                    Max length of insertions
# -findels 10                   Interval between Indel moves
# -sigma   5.000000             Weight on blosum for small cluster confidence
# Command line parameters set to:
#	[-l int]             9                    Motif length
#	[-g int]             2                    Number of initial clusters
#	[-trash]             0                    Use trash cluster to remove outliers
#	[-i int]             10                   Number of iterations per train example
#	[-s int]             1                    Seed [-1] Default, [0] Time [>0] Specific seed
#	[-f filename]        0                    File for frequency matrices
#	[-m filename]        0                    File for log-odds matrices
#	[-a filename]        aln.txt              File for multiple alignments
#	[-pc]                0                    Print core of alignment
#	[-c filename]        core.txt             File for core
#	[-alp string]        ARNDCQEGHILKMFPSTWYV Amino acid alphabet
#	[-bg int]            1                    [0] Flat (0.05) [1] Precalculated [2] From data
#	[-base float]        0.000000             Baseline value to discard to trash
#	[-mhc1]              1                    Use peptides of fixed length, no window shift
#	[-ts float]          1.500000             Start temperature
#	[-te float]          0.000010             Final temperature
#	[-nt int]            20                   Number of temperature steps
#	[-ms int]            3                    Max phase shift distance
#	[-fs int]            100                  Interval between Phase shift moves
#	[-findels int]       10                   Interval between Indel moves
#	[-fr int]            20                   Interval between Single sequence moves (if -mhc1 == 1)
#	[-lambda float]      0.800000             Penalty factor for overlapping clusters
#	[-sigma float]       5.000000             Weight on blosum for small cluster confidence
#	[-noph]              0                    Exclude phase shift move
#	[-r float]           5.000000             Scale factor for phase shift moves
#	[-wlc float]         200.000000           Weigth on low count
#	[-blf filename]      /Users/marinabarrueco/Downloads/gibbscluster-2.0/data/blosum%i.freq_rownorm Real value blosum matrix filename
#	[-blm int]           62                   Blosum matrix number
#	[-cX int]            1                    [0] Count X as A, [1] Exclude X from count
#	[-v]                 0                    Verbose mode
#	[-debug]             0                    Debug model
#	[-cthr float]        0.620000             Clustering threshold for sequence weighting
#	[-swt int]           0                    [0] 1/ns [1] Clustering [2] No sequence weighting
#	[-w string]          1,3,1,1,1,1,1,1,3    Weigths on positions
#	[-iw]                0                    Include weights on positions
#	[-noc float]         0.000000             Log-odds score assignment to no count elements
#	[-p1a]               0                    Allow only Hydrophobic AA at P1
#	[-p1l filename]      ILVMFYW              Allowed letters at P1 [Only with -p1a option]
#	[-factor float]      2.885400             Scale factor for matrix 2/log2
#	[-cntthr int]        0                    Low bound for amino acids counts to include in matrix
#	[-p1s]               0                    Penalize disallowed P1 amino acids in shift
#	[-pkld]              0                    Print KLD list (file to -kldf)
#	[-kldf string]       kldfq.txt            Print complete list of KLD values to specified file
#	[-kldq int]          1000                 Total datapoints when printing KLDs
#	[-ilen int]          1                    Max length of insertions
#	[-dlen int]          5                    Max length of deletions
#	[-xc]                0                    Exclude final check of all peptides to clusters
# Random seed is 1
# Read 200 elements on seqlist /Users/marinabarrueco/Downloads/gibbscluster-2.0/test/gibbs_43881/data/pepdata.txt
# Number of temperature steps 20 dt 0.078947
# Back ground frequences
# 0 A  0.07400
# 1 R  0.05200
# 2 N  0.04500
# 3 D  0.05400
# 4 C  0.02500
# 5 Q  0.03400
# 6 E  0.05400
# 7 G  0.07400
# 8 H  0.02600
# 9 I  0.06800
# 10 L  0.09900
# 11 K  0.05800
# 12 M  0.02500
# 13 F  0.04700
# 14 P  0.03900
# 15 S  0.05700
# 16 T  0.05100
# 17 W  0.01300
# 18 Y  0.03200
# 19 V  0.07300
# Read_realblosum done. Alphabet ARNDCQEGHILKMFPSTWYV
# G 0 100
# G 1 100
### Initial alignments weighed KLD sum 0.000000

# Doing temprature step 0 1.500000
# Doing temprature step 1 1.421053
# Doing temprature step 2 1.342106
# Doing temprature step 3 1.263160
# Doing temprature step 4 1.184213
# Doing temprature step 5 1.105266
# Doing temprature step 6 1.026319
# Doing temprature step 7 0.947372
# Doing temprature step 8 0.868425
# Doing temprature step 9 0.789479
# Doing temprature step 10 0.710532
# Doing temprature step 11 0.631585
# Doing temprature step 12 0.552638
# Doing temprature step 13 0.473691
# Doing temprature step 14 0.394744
# Doing temprature step 15 0.315798
# Doing temprature step 16 0.236851
# Doing temprature step 17 0.157904
# Doing temprature step 18 0.078957
# Doing temprature step 19 0.000010
## Sequence alignment for group 0
G  0    0         FTASWGDLHY  FTASWGLHY o  0 ip -99 il -99 dp   6 dl   1 HLA-A01:01 sS 16.224 bgG  -1 bgS  0.000 cS 16.224
G  0    1         HTDHHMFFDY  HTDHHMFFY o  0 ip -99 il -99 dp   8 dl   1 HLA-A01:01 sS 14.756 bgG  -1 bgS  0.000 cS 14.756
G  0    2         FSDFLGLHSK  FSDFLGLHS o  0 ip -99 il -99 dp -99 dl -99 HLA-A01:01 sS 10.608 bgG  -1 bgS  0.000 cS 10.608
G  0    3          LQDPFHGVY  LQDPFHGVY o  0 ip -99 il -99 dp -99 dl -99 HLA-A01:01 sS 14.726 bgG  -1 bgS  0.000 cS 14.726
G  0    4          ITSTRSLNY  ITSTRSLNY o  0 ip -99 il -99 dp -99 dl -99 HLA-A01:01 sS 11.779 bgG  -1 bgS  0.000 cS 11.779
G  0    5          ETDPVENTY  ETDPVENTY o  0 ip -99 il -99 dp -99 dl -99 HLA-A01:01 sS 11.754 bgG  -1 bgS  0.000 cS 11.754
G  0    6         ATNPESKVFY  ATNPESVFY o  0 ip -99 il -99 dp   6 dl   1 HLA-A01:01 sS 15.214 bgG  -1 bgS  0.000 cS 15.214
G  0    7          VLEINSLKY  VLEINSLKY o  0 ip -99 il -99 dp -99 dl -99 HLA-A01:01 sS 11.252 bgG  -1 bgS  0.000 cS 11.252
G  0    8           FTDKAASY  FTD-KAASY o  0 ip   3 il   1 dp -99 dl -99 HLA-A01:01 sS 15.813 bgG  -1 bgS  0.000 cS 15.813
G  0    9        DTSRPLGDSMY  TSRPLGDMY o  1 ip -99 il -99 dp   7 dl   1 HLA-A01:01 sS 15.516 bgG  -1 bgS  0.000 cS 15.516
G  0   10          YIDAQFENY  YIDAQFENY o  0 ip -99 il -99 dp -99 dl -99 HLA-A01:01 sS 15.491 bgG   1 bgS  0.310 cS 15.242
G  0   11          VVDNLQHLY  VVDNLQHLY o  0 ip -99 il -99 dp -99 dl -99 HLA-A01:01 sS 15.202 bgG  -1 bgS  0.000 cS 15.202
G  0   12          TTDFEDDEF  TTDFEDDEF o  0 ip -99 il -99 dp -99 dl -99 HLA-A01:01 sS 13.500 bgG  -1 bgS  0.000 cS 13.500
G  0   13         TLEESAMLRY  TLEESMLRY o  0 ip -99 il -99 dp   5 dl   1 HLA-A01:01 sS 16.396 bgG   1 bgS  6.403 cS 11.274
G  0   14         MVESLVGWGY  MVESLGWGY o  0 ip -99 il -99 dp   5 dl   1 HLA-A01:01 sS 13.335 bgG  -1 bgS  0.000 cS 13.335
G  0   15          YTDNLVRVW  YTDNLVRVW o  0 ip -99 il -99 dp -99 dl -99 HLA-A01:01 sS 10.794 bgG  -1 bgS  0.000 cS 10.794
G  0   16        LSDIGSGIRYL  LSDIGSGRY o  0 ip -99 il -99 dp   7 dl   1 HLA-A01:01 sS 15.901 bgG  -1 bgS  0.000 cS 15.901
G  0   17          LMELTMLDY  LMELTMLDY o  0 ip -99 il -99 dp -99 dl -99 HLA-A01:01 sS 10.685 bgG  -1 bgS  0.000 cS 10.685
G  0   18         LTETIYKNYY  LTETYKNYY o  0 ip -99 il -99 dp   4 dl   1 HLA-A01:01 sS 16.047 bgG  -1 bgS  0.000 cS 16.047
G  0   19          TTEFLYNLY  TTEFLYNLY o  0 ip -99 il -99 dp -99 dl -99 HLA-A01:01 sS 16.936 bgG  -1 bgS  0.000 cS 16.936
G  0   20         ETVPRSGEVY  ETVPSGEVY o  0 ip -99 il -99 dp   4 dl   1 HLA-A01:01 sS 12.883 bgG  -1 bgS  0.000 cS 12.883
G  0   21          ITDYLIEEV  ITDYLIEEV o  0 ip -99 il -99 dp -99 dl -99 HLA-A01:01 sS  7.109 bgG   1 bgS  0.494 cS  6.714
G  0   22          TADGKTYYY  TADGKTYYY o  0 ip -99 il -99 dp -99 dl -99 HLA-A01:01 sS 15.755 bgG  -1 bgS  0.000 cS 15.755
G  0   23          LTDIKLGKY  LTDIKLGKY o  0 ip -99 il -99 dp -99 dl -99 HLA-A01:01 sS 14.209 bgG  -1 bgS  0.000 cS 14.209
G  0   24        YSQSPAYNSQY  YSQSPAYNY o  0 ip -99 il -99 dp   8 dl   2 HLA-A01:01 sS 15.082 bgG  -1 bgS  0.000 cS 15.082
G  0   25        PTDLETRSYKY  PTDTRSYKY o  0 ip -99 il -99 dp   3 dl   2 HLA-A01:01 sS 17.171 bgG  -1 bgS  0.000 cS 17.171
G  0   26         TSEQNPPYSY  TSENPPYSY o  0 ip -99 il -99 dp   3 dl   1 HLA-A01:01 sS 15.044 bgG  -1 bgS  0.000 cS 15.044
G  0   27        YADIAVNSDRY  YADVNSDRY o  0 ip -99 il -99 dp   3 dl   2 HLA-A01:01 sS 17.868 bgG  -1 bgS  0.000 cS 17.868
G  0   28         YINASFLDGY  YINASFLDY o  0 ip -99 il -99 dp   8 dl   1 HLA-A01:01 sS 11.285 bgG   1 bgS  0.974 cS 10.506
G  0   29         NSELGSETRY  NSELGSERY o  0 ip -99 il -99 dp   7 dl   1 HLA-A01:01 sS 13.766 bgG  -1 bgS  0.000 cS 13.766
G  0   30          LIDVGTGYY  LIDVGTGYY o  0 ip -99 il -99 dp -99 dl -99 HLA-A01:01 sS 12.735 bgG  -1 bgS  0.000 cS 12.735
G  0   31         KTDMEKLTFY  KTDEKLTFY o  0 ip -99 il -99 dp   3 dl   1 HLA-A01:01 sS 15.280 bgG   1 bgS  2.375 cS 13.380
G  0   32          TTEAVHYLY  TTEAVHYLY o  0 ip -99 il -99 dp -99 dl -99 HLA-A01:01 sS 17.989 bgG  -1 bgS  0.000 cS 17.989
G  0   33          YSDSAVLKL  YSDSAVLKL o  0 ip -99 il -99 dp -99 dl -99 HLA-A01:01 sS  7.699 bgG   1 bgS  4.693 cS  3.945
G  0   34         NTDLWIVMEY  NTDLWIVMY o  0 ip -99 il -99 dp   8 dl   1 HLA-A01:01 sS 15.236 bgG  -1 bgS  0.000 cS 15.236
G  0   35        LTDLVLKSSVY  LTDLKSSVY o  0 ip -99 il -99 dp   3 dl   2 HLA-A01:01 sS 16.547 bgG  -1 bgS  0.000 cS 16.547
G  0   36         LMEDEMKEYY  LMDEMKEYY o  0 ip -99 il -99 dp   2 dl   1 HLA-A01:01 sS 15.005 bgG   1 bgS  2.019 cS 13.391
G  0   37          VVEDKVEGY  VVEDKVEGY o  0 ip -99 il -99 dp -99 dl -99 HLA-A01:01 sS 11.074 bgG  -1 bgS  0.000 cS 11.074
G  0   38         PTEISQSLLY  PTESQSLLY o  0 ip -99 il -99 dp   3 dl   1 HLA-A01:01 sS 16.257 bgG  -1 bgS  0.000 cS 16.257
G  0   39          NSDVSLLNY  NSDVSLLNY o  0 ip -99 il -99 dp -99 dl -99 HLA-A01:01 sS 17.083 bgG  -1 bgS  0.000 cS 17.083
G  0   40          VADDPNDPY  VADDPNDPY o  0 ip -99 il -99 dp -99 dl -99 HLA-A01:01 sS 11.713 bgG  -1 bgS  0.000 cS 11.713
G  0   41         FSSDDSKLEY  FSDDSKLEY o  0 ip -99 il -99 dp   1 dl   1 HLA-A01:01 sS 20.191 bgG  -1 bgS  0.000 cS 20.191
G  0   42        VLERNPNGWWY  VLEPNGWWY o  0 ip -99 il -99 dp   3 dl   2 HLA-A01:01 sS 11.778 bgG  -1 bgS  0.000 cS 11.778
G  0   43         QTENSLHMGY  QTENSLHMY o  0 ip -99 il -99 dp   8 dl   1 HLA-A01:01 sS 15.348 bgG  -1 bgS  0.000 cS 15.348
G  0   44          TLDSDQVGY  TLDSDQVGY o  0 ip -99 il -99 dp -99 dl -99 HLA-A01:01 sS 10.569 bgG   1 bgS  4.351 cS  7.088
G  0   45         ATDVLHAVWY  ATDVLHAVY o  0 ip -99 il -99 dp   8 dl   1 HLA-A01:01 sS 15.987 bgG  -1 bgS  0.000 cS 15.987
G  0   46         ASEPSAQLSY  ASEPSQLSY o  0 ip -99 il -99 dp   5 dl   1 HLA-A01:01 sS 17.559 bgG  -1 bgS  0.000 cS 17.559
G  0   47        KTDPVRLTQLY  KTDPLTQLY o  0 ip -99 il -99 dp   4 dl   2 HLA-A01:01 sS 19.078 bgG  -1 bgS  0.000 cS 19.078
G  0   48         MLDWASGTLY  MLDASGTLY o  0 ip -99 il -99 dp   3 dl   1 HLA-A01:01 sS 14.190 bgG  -1 bgS  0.000 cS 14.190
G  0   49         LTEADLQYGY  LTEDLQYGY o  0 ip -99 il -99 dp   3 dl   1 HLA-A01:01 sS 18.982 bgG  -1 bgS  0.000 cS 18.982
G  0   50          GTVYEDLRY  GTVYEDLRY o  0 ip -99 il -99 dp -99 dl -99 HLA-A01:01 sS  6.260 bgG  -1 bgS  0.000 cS  6.260
G  0   51          NTDFYQTSY  NTDFYQTSY o  0 ip -99 il -99 dp -99 dl -99 HLA-A01:01 sS 15.934 bgG  -1 bgS  0.000 cS 15.934
G  0   52        ISYGPDWKDFY  ISPDWKDFY o  0 ip -99 il -99 dp   2 dl   2 HLA-A01:01 sS 10.175 bgG  -1 bgS  0.000 cS 10.175
G  0   53         TSDHFETIMK  TSDFETIMK o  0 ip -99 il -99 dp   3 dl   1 HLA-A01:01 sS  7.594 bgG  -1 bgS  0.000 cS  7.594
G  0   54         TSEPKPFLYY  TSEPPFLYY o  0 ip -99 il -99 dp   4 dl   1 HLA-A01:01 sS 19.866 bgG  -1 bgS  0.000 cS 19.866
G  0   55         LLESAKMFNY  LLESKMFNY o  0 ip -99 il -99 dp   4 dl   1 HLA-A01:01 sS 12.723 bgG   1 bgS  2.859 cS 10.435
G  0   56          FTEDSLLRH  FTEDSLLRH o  0 ip -99 il -99 dp -99 dl -99 HLA-A01:01 sS 11.411 bgG   1 bgS  1.289 cS 10.380
G  0   57          ETEVSFLDY  ETEVSFLDY o  0 ip -99 il -99 dp -99 dl -99 HLA-A01:01 sS 14.400 bgG  -1 bgS  0.000 cS 14.400
G  0   58          ATDRFRSLY  ATDRFRSLY o  0 ip -99 il -99 dp -99 dl -99 HLA-A01:01 sS 13.160 bgG  -1 bgS  0.000 cS 13.160
G  0   59        SSDEEFAAALY  SSDEEAALY o  0 ip -99 il -99 dp   5 dl   2 HLA-A01:01 sS 15.093 bgG  -1 bgS  0.000 cS 15.093
G  0   60         FTEVLSPNMY  FTEVLSNMY o  0 ip -99 il -99 dp   6 dl   1 HLA-A01:01 sS 19.704 bgG  -1 bgS  0.000 cS 19.704
G  0   61        SSEYHYVGGFY  SSEYHGGFY o  0 ip -99 il -99 dp   5 dl   2 HLA-A01:01 sS 12.711 bgG  -1 bgS  0.000 cS 12.711
G  0   62          SSEVTSQLY  SSEVTSQLY o  0 ip -99 il -99 dp -99 dl -99 HLA-A01:01 sS 12.856 bgG  -1 bgS  0.000 cS 12.856
G  0   63        LTEVNKTGTQY  LTEVNGTQY o  0 ip -99 il -99 dp   5 dl   2 HLA-A01:01 sS 13.547 bgG  -1 bgS  0.000 cS 13.547
G  0   64         LSEYSKFLSY  LSEYSKFLY o  0 ip -99 il -99 dp   8 dl   1 HLA-A01:01 sS 16.975 bgG  -1 bgS  0.000 cS 16.975
G  0   65        QTAEASHVSRY  TAEASHSRY o  1 ip -99 il -99 dp   6 dl   1 HLA-A01:01 sS 13.767 bgG  -1 bgS  0.000 cS 13.767
G  0   66          VADVLVDGY  VADVLVDGY o  0 ip -99 il -99 dp -99 dl -99 HLA-A01:01 sS 12.339 bgG  -1 bgS  0.000 cS 12.339
G  0   67          YVDEYRNDY  YVDEYRNDY o  0 ip -99 il -99 dp -99 dl -99 HLA-A01:01 sS 15.605 bgG   1 bgS  1.690 cS 14.253
G  0   68          MSEERTLLY  MSEERTLLY o  0 ip -99 il -99 dp -99 dl -99 HLA-A01:01 sS 16.546 bgG  -1 bgS  0.000 cS 16.546
G  0   69          QSERQLLLY  QSERQLLLY o  0 ip -99 il -99 dp -99 dl -99 HLA-A01:01 sS 11.938 bgG  -1 bgS  0.000 cS 11.938
G  0   70          ASDPNSSIF  ASDPNSSIF o  0 ip -99 il -99 dp -99 dl -99 HLA-A01:01 sS 11.486 bgG  -1 bgS  0.000 cS 11.486
G  0   71          TVDVLKEAY  TVDVLKEAY o  0 ip -99 il -99 dp -99 dl -99 HLA-A01:01 sS 14.533 bgG  -1 bgS  0.000 cS 14.533
G  0   72         NTDPYKRAVY  NTDPYKRVY o  0 ip -99 il -99 dp   7 dl   1 HLA-A01:01 sS 17.958 bgG  -1 bgS  0.000 cS 17.958
G  0   73        DVYADHLDWHY  YADHLDWHY o  2 ip -99 il -99 dp -99 dl -99 HLA-A01:01 sS 18.167 bgG  -1 bgS  0.000 cS 18.167
G  0   74        DLDLESPKSLY  LLESPKSLY o  1 ip -99 il -99 dp   1 dl   1 HLA-A01:01 sS 13.507 bgG   1 bgS 10.289 cS  5.275
G  0   75        YTDAPPAYSEL  YTDPPAYSE o  0 ip -99 il -99 dp   3 dl   1 HLA-A01:01 sS 13.090 bgG  -1 bgS  0.000 cS 13.090
G  0   76          LVEKSQLGY  LVEKSQLGY o  0 ip -99 il -99 dp -99 dl -99 HLA-A01:01 sS 12.841 bgG  -1 bgS  0.000 cS 12.841
G  0   77         TIDLGAAAHY  TIDLGAAHY o  0 ip -99 il -99 dp   5 dl   1 HLA-A01:01 sS 11.686 bgG  -1 bgS  0.000 cS 11.686
G  0   78        LVDNSIRELQY  LVDNSELQY o  0 ip -99 il -99 dp   5 dl   2 HLA-A01:01 sS 14.643 bgG   1 bgS  0.895 cS 13.927
G  0   79        YTDFDGTRVYS  YTDDGTRVY o  0 ip -99 il -99 dp   3 dl   1 HLA-A01:01 sS 19.861 bgG  -1 bgS  0.000 cS 19.861
G  0   80         ATDIFSYLVE  ATDIFSYLV o  0 ip -99 il -99 dp -99 dl -99 HLA-A01:01 sS 10.668 bgG  -1 bgS  0.000 cS 10.668
G  0   81          ATDIFSYLV  ATDIFSYLV o  0 ip -99 il -99 dp -99 dl -99 HLA-A01:01 sS 10.668 bgG  -1 bgS  0.000 cS 10.668
G  0   82          LADFGFGNF  LADFGFGNF o  0 ip -99 il -99 dp -99 dl -99 HLA-A01:01 sS  8.107 bgG  -1 bgS  0.000 cS  8.107
G  0   83          FTDTEGLPY  FTDTEGLPY o  0 ip -99 il -99 dp -99 dl -99 HLA-A01:01 sS 19.534 bgG  -1 bgS  0.000 cS 19.534
G  0   84         TSDFIPRLVY  TSDFPRLVY o  0 ip -99 il -99 dp   4 dl   1 HLA-A01:01 sS 19.412 bgG  -1 bgS  0.000 cS 19.412
G  0   85         TFNLEGSLIY  TFNEGSLIY o  0 ip -99 il -99 dp   3 dl   1 HLA-A01:01 sS  9.177 bgG   1 bgS  1.010 cS  8.369
G  0   86        VIDEDVKSGRY  VIDEKSGRY o  0 ip -99 il -99 dp   4 dl   2 HLA-A01:01 sS 14.394 bgG   1 bgS  0.166 cS 14.261
G  0   87        YVDDTQFVGFD  YVDDTQFVF o  0 ip -99 il -99 dp   8 dl   1 HLA-A01:01 sS 11.185 bgG   1 bgS  1.503 cS  9.983
G  0   88        ATAAALTYGLY  TAAALTYLY o  1 ip -99 il -99 dp   7 dl   1 HLA-A01:01 sS 11.688 bgG   1 bgS  3.461 cS  8.919
G  0   89          FIEERLLMY  FIEERLLMY o  0 ip -99 il -99 dp -99 dl -99 HLA-A01:01 sS 15.815 bgG   1 bgS  5.373 cS 11.516
G  0   90         RADDADEFGY  RADDADEFY o  0 ip -99 il -99 dp   8 dl   1 HLA-A01:01 sS 11.608 bgG  -1 bgS  0.000 cS 11.608
G  0   91          VLDRLTFDY  VLDRLTFDY o  0 ip -99 il -99 dp -99 dl -99 HLA-A01:01 sS 12.787 bgG   1 bgS  2.075 cS 11.126
G  0   92         LSDTKYLEMI  LSDTYLEMI o  0 ip -99 il -99 dp   4 dl   1 HLA-A01:01 sS  8.875 bgG  -1 bgS  0.000 cS  8.875
G  0   93          FQDQLHQLY  FQDQLHQLY o  0 ip -99 il -99 dp -99 dl -99 HLA-A01:01 sS 13.447 bgG  -1 bgS  0.000 cS 13.447
G  0   94          LMDKSSTIY  LMDKSSTIY o  0 ip -99 il -99 dp -99 dl -99 HLA-A01:01 sS 14.691 bgG  -1 bgS  0.000 cS 14.691
G  0   95         LLDNSYYEQY  LLDNSYYEY o  0 ip -99 il -99 dp   8 dl   1 HLA-A01:01 sS 15.009 bgG   1 bgS  3.877 cS 11.907
G  0   96          YVDEELPDY  YVDEELPDY o  0 ip -99 il -99 dp -99 dl -99 HLA-A01:01 sS 13.352 bgG   1 bgS  7.253 cS  7.549
G  0   97         HLEEGKDLEY  HLEEGKDLY o  0 ip -99 il -99 dp   8 dl   1 HLA-A01:01 sS 12.528 bgG   1 bgS  3.337 cS  9.859
G  0   98         YLDGRLEPLY  YLDGRLELY o  0 ip -99 il -99 dp   7 dl   1 HLA-A01:01 sS 14.902 bgG   1 bgS  6.396 cS  9.785
G  0   99          FMDKLGENL  FMDKLGENL o  0 ip -99 il -99 dp -99 dl -99 HLA-A02:01 sS  8.481 bgG   1 bgS  6.468 cS  3.307
## Sequence alignment for group 1
G  1    0         KLLEPVPVSV  KLLEVPVSV o  0 ip -99 il -99 dp   4 dl   1 HLA-A02:01 sS 16.735 bgG  -1 bgS  0.000 cS 16.735
G  1    1          KVASLLHQV  KVASLLHQV o  0 ip -99 il -99 dp -99 dl -99 HLA-A02:01 sS 11.253 bgG  -1 bgS  0.000 cS 11.253
G  1    2         AVYEGHVSCV  AVYEGHVSV o  0 ip -99 il -99 dp   8 dl   1 HLA-A02:01 sS  8.887 bgG  -1 bgS  0.000 cS  8.887
G  1    3          FLWERPTLL  FLWERPTLL o  0 ip -99 il -99 dp -99 dl -99 HLA-A02:01 sS 13.663 bgG  -1 bgS  0.000 cS 13.663
G  1    4          YLKEILEQL  YLKEILEQL o  0 ip -99 il -99 dp -99 dl -99 HLA-A02:01 sS 15.401 bgG   0 bgS  0.254 cS 15.198
G  1    5          AMNGHTAAV  AMNGHTAAV o  0 ip -99 il -99 dp -99 dl -99 HLA-A02:01 sS  7.555 bgG  -1 bgS  0.000 cS  7.555
G  1    6         SLLPEGPPAI  SLLEGPPAI o  0 ip -99 il -99 dp   3 dl   1 HLA-A02:01 sS 15.745 bgG  -1 bgS  0.000 cS 15.745
G  1    7          TLQEFLERI  TLQEFLERI o  0 ip -99 il -99 dp -99 dl -99 HLA-A02:01 sS 11.277 bgG   0 bgS  3.239 cS  8.686
G  1    8          FLLPKFHGV  FLLPKFHGV o  0 ip -99 il -99 dp -99 dl -99 HLA-A02:01 sS 13.084 bgG  -1 bgS  0.000 cS 13.084
G  1    9          FLLWATAEA  FLLWATAEA o  0 ip -99 il -99 dp -99 dl -99 HLA-A02:01 sS  4.720 bgG  -1 bgS  0.000 cS  4.720
G  1   10        ALLEQTGDMSL  ALLEGDMSL o  0 ip -99 il -99 dp   4 dl   2 HLA-A02:01 sS 15.480 bgG  -1 bgS  0.000 cS 15.480
G  1   11          FLTRIISQL  FLTRIISQL o  0 ip -99 il -99 dp -99 dl -99 HLA-A02:01 sS 10.175 bgG  -1 bgS  0.000 cS 10.175
G  1   12          YLEEDVYQL  YLEEDVYQL o  0 ip -99 il -99 dp -99 dl -99 HLA-A02:01 sS 15.327 bgG   0 bgS  5.673 cS 10.788
G  1   13          YLEEYKFQV  YLEEYKFQV o  0 ip -99 il -99 dp -99 dl -99 HLA-A02:01 sS 12.471 bgG   0 bgS  7.151 cS  6.750
G  1   14         FLDPRPLTVV  FLDPRPLTV o  0 ip -99 il -99 dp -99 dl -99 HLA-A02:01 sS 14.420 bgG   0 bgS  7.356 cS  8.536
G  1   15          TLIDSLDTL  TLIDSLDTL o  0 ip -99 il -99 dp -99 dl -99 HLA-A02:01 sS  9.116 bgG  -1 bgS  0.000 cS  9.116
G  1   16        FLNGGILNYMI  FLNGGLNYM o  0 ip -99 il -99 dp   5 dl   1 HLA-A02:01 sS 12.277 bgG  -1 bgS  0.000 cS 12.277
G  1   17          NLIANVLYL  NLIANVLYL o  0 ip -99 il -99 dp -99 dl -99 HLA-A02:01 sS  4.984 bgG  -1 bgS  0.000 cS  4.984
G  1   18        RLGEAEGLMKV  RLAEGLMKV o  0 ip -99 il -99 dp   2 dl   2 HLA-A02:01 sS 14.945 bgG  -1 bgS  0.000 cS 14.945
G  1   19          SLDGKAIKV  SLDGKAIKV o  0 ip -99 il -99 dp -99 dl -99 HLA-A02:01 sS  8.310 bgG   0 bgS  0.067 cS  8.256
G  1   20        TLIELWEGLTV  TLIELGLTV o  0 ip -99 il -99 dp   5 dl   2 HLA-A02:01 sS  9.719 bgG   0 bgS  0.792 cS  9.086
G  1   21          FLLEKGYEV  FLLEKGYEV o  0 ip -99 il -99 dp -99 dl -99 HLA-A02:01 sS 14.214 bgG   0 bgS  0.832 cS 13.549
G  1   22          ILLDRLLYL  ILLDRLLYL o  0 ip -99 il -99 dp -99 dl -99 HLA-A02:01 sS 11.737 bgG  -1 bgS  0.000 cS 11.737
G  1   23         TLIRVPIPQV  TLIRVPPQV o  0 ip -99 il -99 dp   6 dl   1 HLA-A02:01 sS 14.255 bgG  -1 bgS  0.000 cS 14.255
G  1   24         YLLGLGPLEV  YLLGGPLEV o  0 ip -99 il -99 dp   4 dl   1 HLA-A02:01 sS 17.914 bgG  -1 bgS  0.000 cS 17.914
G  1   25        KLLCGLLAERL  KLLCGLLRL o  0 ip -99 il -99 dp   7 dl   2 HLA-A02:01 sS 10.668 bgG  -1 bgS  0.000 cS 10.668
G  1   26          ALLETMFGV  ALLETMFGV o  0 ip -99 il -99 dp -99 dl -99 HLA-A02:01 sS 11.181 bgG  -1 bgS  0.000 cS 11.181
G  1   27          VLQGKLAEV  VLQGKLAEV o  0 ip -99 il -99 dp -99 dl -99 HLA-A02:01 sS 12.622 bgG  -1 bgS  0.000 cS 12.622
G  1   28          SLAESLDQA  SLAESLDQA o  0 ip -99 il -99 dp -99 dl -99 HLA-A02:01 sS  9.682 bgG  -1 bgS  0.000 cS  9.682
G  1   29          SLYGGTITI  SLYGGTITI o  0 ip -99 il -99 dp -99 dl -99 HLA-A02:01 sS 10.070 bgG  -1 bgS  0.000 cS 10.070
G  1   30          YLAERIPTL  YLAERIPTL o  0 ip -99 il -99 dp -99 dl -99 HLA-A02:01 sS 15.572 bgG  -1 bgS  0.000 cS 15.572
G  1   31          ELFSSPPAV  ELFSSPPAV o  0 ip -99 il -99 dp -99 dl -99 HLA-A02:01 sS 10.553 bgG  -1 bgS  0.000 cS 10.553
G  1   32          YLAKLIFQM  YLAKLIFQM o  0 ip -99 il -99 dp -99 dl -99 HLA-A02:01 sS 10.509 bgG  -1 bgS  0.000 cS 10.509
G  1   33          TMADQIVTV  TMADQIVTV o  0 ip -99 il -99 dp -99 dl -99 HLA-A02:01 sS  7.855 bgG  -1 bgS  0.000 cS  7.855
G  1   34          LLLPDYYLV  LLLPDYYLV o  0 ip -99 il -99 dp -99 dl -99 HLA-A02:01 sS  9.121 bgG  -1 bgS  0.000 cS  9.121
G  1   35          KLQNLNIFL  KLQNLNIFL o  0 ip -99 il -99 dp -99 dl -99 HLA-A02:01 sS  8.567 bgG  -1 bgS  0.000 cS  8.567
G  1   36          KLQLVEMPL  KLQLVEMPL o  0 ip -99 il -99 dp -99 dl -99 HLA-A02:01 sS  5.140 bgG  -1 bgS  0.000 cS  5.140
G  1   37          YILRELPKV  YILRELPKV o  0 ip -99 il -99 dp -99 dl -99 HLA-A02:01 sS 12.120 bgG  -1 bgS  0.000 cS 12.120
G  1   38          KLQIVEMPL  KLQIVEMPL o  0 ip -99 il -99 dp -99 dl -99 HLA-A02:01 sS  5.270 bgG  -1 bgS  0.000 cS  5.270
G  1   39          AMFGKLMTI  AMFGKLMTI o  0 ip -99 il -99 dp -99 dl -99 HLA-A02:01 sS  9.304 bgG  -1 bgS  0.000 cS  9.304
G  1   40          YLKELLNLA  YLKELLNLA o  0 ip -99 il -99 dp -99 dl -99 HLA-A02:01 sS  8.399 bgG   0 bgS  2.006 cS  6.794
G  1   41          TIMKKVTSV  TIMKKVTSV o  0 ip -99 il -99 dp -99 dl -99 HLA-A02:01 sS  5.085 bgG  -1 bgS  0.000 cS  5.085
G  1   42          ALYASRLYL  ALYASRLYL o  0 ip -99 il -99 dp -99 dl -99 HLA-A02:01 sS  6.933 bgG  -1 bgS  0.000 cS  6.933
G  1   43          HLLNESPML  HLLNESPML o  0 ip -99 il -99 dp -99 dl -99 HLA-A02:01 sS  8.195 bgG  -1 bgS  0.000 cS  8.195
G  1   44          GLLGYLHFV  GLLGYLHFV o  0 ip -99 il -99 dp -99 dl -99 HLA-A02:01 sS 11.615 bgG  -1 bgS  0.000 cS 11.615
G  1   45          VLGEGVPIL  VLGEGVPIL o  0 ip -99 il -99 dp -99 dl -99 HLA-A02:01 sS  9.369 bgG  -1 bgS  0.000 cS  9.369
G  1   46          HLYSEVKEV  HLYSEVKEV o  0 ip -99 il -99 dp -99 dl -99 HLA-A02:01 sS 10.290 bgG  -1 bgS  0.000 cS 10.290
G  1   47         LLWPGAALLV  LLWPGAALV o  0 ip -99 il -99 dp   7 dl   1 HLA-A02:01 sS  9.455 bgG  -1 bgS  0.000 cS  9.455
G  1   48          HIAEVSQEV  HIAEVSQEV o  0 ip -99 il -99 dp -99 dl -99 HLA-A02:01 sS  7.859 bgG  -1 bgS  0.000 cS  7.859
G  1   49          SLLESVQKL  SLLESVQKL o  0 ip -99 il -99 dp -99 dl -99 HLA-A02:01 sS 11.794 bgG  -1 bgS  0.000 cS 11.794
G  1   50          NLLKLIAEV  NLLKLIAEV o  0 ip -99 il -99 dp -99 dl -99 HLA-A02:01 sS 10.935 bgG  -1 bgS  0.000 cS 10.935
G  1   51         GILGIQPPSV  GILGIPPSV o  0 ip -99 il -99 dp   5 dl   1 HLA-A02:01 sS 11.131 bgG  -1 bgS  0.000 cS 11.131
G  1   52          LLLKYTEKL  LLLKYTEKL o  0 ip -99 il -99 dp -99 dl -99 HLA-A02:01 sS  8.370 bgG  -1 bgS  0.000 cS  8.370
G  1   53          LLDRFLATV  LLDRFLATV o  0 ip -99 il -99 dp -99 dl -99 HLA-A02:01 sS  9.695 bgG   0 bgS  1.667 cS  8.362
G  1   54          MLDEILLQL  MLDEILLQL o  0 ip -99 il -99 dp -99 dl -99 HLA-A02:01 sS 13.730 bgG   0 bgS  4.051 cS 10.490
G  1   55         KLFSGVLMDL  KLFSGLMDL o  0 ip -99 il -99 dp   5 dl   1 HLA-A02:01 sS 12.727 bgG  -1 bgS  0.000 cS 12.727
G  1   56          KLLDGPPGV  KLLDGPPGV o  0 ip -99 il -99 dp -99 dl -99 HLA-A02:01 sS 17.439 bgG  -1 bgS  0.000 cS 17.439
G  1   57        YLLPQQPPPSL  YLLPQPPSL o  0 ip -99 il -99 dp   5 dl   2 HLA-A02:01 sS 16.973 bgG  -1 bgS  0.000 cS 16.973
G  1   58          VLFGLLREV  VLFGLLREV o  0 ip -99 il -99 dp -99 dl -99 HLA-A02:01 sS  9.794 bgG  -1 bgS  0.000 cS  9.794
G  1   59          FVDERPEEV  FVDERPEEV o  0 ip -99 il -99 dp -99 dl -99 HLA-A02:01 sS 12.040 bgG   0 bgS  6.764 cS  6.629
G  1   60          VLIKDLFHI  VLIKDLFHI o  0 ip -99 il -99 dp -99 dl -99 HLA-A02:01 sS  8.060 bgG  -1 bgS  0.000 cS  8.060
G  1   61          FIEALLPHV  FIEALLPHV o  0 ip -99 il -99 dp -99 dl -99 HLA-A02:01 sS 10.207 bgG   0 bgS  3.495 cS  7.412
G  1   62           FLGDGMGV  FLGDG-MGV o  0 ip   5 il   1 dp -99 dl -99 HLA-A02:01 sS 12.851 bgG  -1 bgS  0.000 cS 12.851
G  1   63          LMNPNIASV  LMNPNIASV o  0 ip -99 il -99 dp -99 dl -99 HLA-A02:01 sS  8.210 bgG   0 bgS  1.319 cS  7.155
G  1   64        YLAEKYEWDVA  YLAEKYEWV o  0 ip -99 il -99 dp   8 dl   1 HLA-A02:01 sS 12.357 bgG   0 bgS  3.773 cS  9.339
G  1   65          ALNNLLHSL  ALNNLLHSL o  0 ip -99 il -99 dp -99 dl -99 HLA-A02:01 sS 13.342 bgG   0 bgS  0.036 cS 13.313
G  1   66          ILNEIVNFV  ILNEIVNFV o  0 ip -99 il -99 dp -99 dl -99 HLA-A02:01 sS 11.875 bgG  -1 bgS  0.000 cS 11.875
G  1   67          FLNQVLAEI  FLNQVLAEI o  0 ip -99 il -99 dp -99 dl -99 HLA-A02:01 sS 11.890 bgG  -1 bgS  0.000 cS 11.890
G  1   68          KLNPQQFEV  KLNPQQFEV o  0 ip -99 il -99 dp -99 dl -99 HLA-A02:01 sS 11.971 bgG   0 bgS  1.166 cS 11.038
G  1   69          KQVSDLISV  KQVSDLISV o  0 ip -99 il -99 dp -99 dl -99 HLA-A02:01 sS  2.295 bgG  -1 bgS  0.000 cS  2.295
G  1   70          VLTEHVAAA  VLTEHVAAA o  0 ip -99 il -99 dp -99 dl -99 HLA-A02:01 sS  5.056 bgG  -1 bgS  0.000 cS  5.056
G  1   71         LLYEDIPDKV  LLYEDIPKV o  0 ip -99 il -99 dp   7 dl   1 HLA-A02:01 sS 16.498 bgG  -1 bgS  0.000 cS 16.498
G  1   72          LLLDMQNRL  LLLDMQNRL o  0 ip -99 il -99 dp -99 dl -99 HLA-A02:01 sS  8.063 bgG  -1 bgS  0.000 cS  8.063
G  1   73          ALPEIFTEL  ALPEIFTEL o  0 ip -99 il -99 dp -99 dl -99 HLA-A02:01 sS  8.577 bgG  -1 bgS  0.000 cS  8.577
G  1   74         SLFGGSVKLA  SLFGGSVKL o  0 ip -99 il -99 dp -99 dl -99 HLA-A02:01 sS 10.620 bgG  -1 bgS  0.000 cS 10.620
G  1   75          ALARTALAL  ALARTALAL o  0 ip -99 il -99 dp -99 dl -99 HLA-A02:01 sS  5.905 bgG  -1 bgS  0.000 cS  5.905
G  1   76         LLLPDYYLVT  LLLPDYYLV o  0 ip -99 il -99 dp -99 dl -99 HLA-A02:01 sS  9.121 bgG   0 bgS  0.192 cS  8.967
G  1   77         FLSLINVGLI  FLSLINVGL o  0 ip -99 il -99 dp -99 dl -99 HLA-A02:01 sS  4.775 bgG  -1 bgS  0.000 cS  4.775
G  1   78          FLNDIFERI  FLNDIFERI o  0 ip -99 il -99 dp -99 dl -99 HLA-A02:01 sS 11.807 bgG   0 bgS  1.947 cS 10.249
G  1   79          ALYTGDPNL  ALYTGDPNL o  0 ip -99 il -99 dp -99 dl -99 HLA-A02:01 sS  9.498 bgG  -1 bgS  0.000 cS  9.498
G  1   80         ALADGVVSQA  ALADGVVQA o  0 ip -99 il -99 dp   7 dl   1 HLA-A02:01 sS 11.618 bgG  -1 bgS  0.000 cS 11.618
G  1   81          GLSSLSIHL  GLSSLSIHL o  0 ip -99 il -99 dp -99 dl -99 HLA-A02:01 sS  5.511 bgG  -1 bgS  0.000 cS  5.511
G  1   82         YLFDEIDQAL  YLFDEIDQL o  0 ip -99 il -99 dp   8 dl   1 HLA-A02:01 sS 13.195 bgG  -1 bgS  0.000 cS 13.195
G  1   83          FMYDRPLRL  FMYDRPLRL o  0 ip -99 il -99 dp -99 dl -99 HLA-A02:01 sS 13.679 bgG  -1 bgS  0.000 cS 13.679
G  1   84          FLLFINHRL  FLLFINHRL o  0 ip -99 il -99 dp -99 dl -99 HLA-A02:01 sS  8.814 bgG  -1 bgS  0.000 cS  8.814
G  1   85          ALMPVLNQV  ALMPVLNQV o  0 ip -99 il -99 dp -99 dl -99 HLA-A02:01 sS 13.985 bgG  -1 bgS  0.000 cS 13.985
G  1   86          SLLDIDPLI  SLLDIDPLI o  0 ip -99 il -99 dp -99 dl -99 HLA-A02:01 sS 10.027 bgG  -1 bgS  0.000 cS 10.027
G  1   87          KLFIGGLNV  KLFIGGLNV o  0 ip -99 il -99 dp -99 dl -99 HLA-A02:01 sS  6.059 bgG  -1 bgS  0.000 cS  6.059
G  1   88          ALYSAEHGL  ALYSAEHGL o  0 ip -99 il -99 dp -99 dl -99 HLA-A02:01 sS  8.827 bgG  -1 bgS  0.000 cS  8.827
G  1   89          ALQEKLQYL  ALQEKLQYL o  0 ip -99 il -99 dp -99 dl -99 HLA-A02:01 sS 13.500 bgG   0 bgS  0.023 cS 13.482
G  1   90          ILNPLLTLL  ILNPLLTLL o  0 ip -99 il -99 dp -99 dl -99 HLA-A02:01 sS  8.673 bgG   0 bgS  3.516 cS  5.860
G  1   91          YLWNTVSKL  YLWNTVSKL o  0 ip -99 il -99 dp -99 dl -99 HLA-A02:01 sS  9.591 bgG  -1 bgS  0.000 cS  9.591
G  1   92          LLLAAPAQA  LLLAAPAQA o  0 ip -99 il -99 dp -99 dl -99 HLA-A02:01 sS  8.299 bgG  -1 bgS  0.000 cS  8.299
G  1   93          KLGDLFFRV  KLGDLFFRV o  0 ip -99 il -99 dp -99 dl -99 HLA-A02:01 sS 10.687 bgG  -1 bgS  0.000 cS 10.687
G  1   94          TLEGTPVFV  TLEGTPVFV o  0 ip -99 il -99 dp -99 dl -99 HLA-A02:01 sS  9.788 bgG   0 bgS  0.359 cS  9.501
G  1   95          GLDNINVFL  GLDNINVFL o  0 ip -99 il -99 dp -99 dl -99 HLA-A02:01 sS  6.590 bgG   0 bgS  0.146 cS  6.473
G  1   96         TLGSFSGLRV  TLGSFSLRV o  0 ip -99 il -99 dp   6 dl   1 HLA-A02:01 sS  8.036 bgG   0 bgS  2.434 cS  6.089
G  1   97          SLDDFQAWL  SLDDFQAWL o  0 ip -99 il -99 dp -99 dl -99 HLA-A02:01 sS  8.112 bgG   0 bgS  4.191 cS  4.759
G  1   98          FVDDYTVRV  FVDDYTVRV o  0 ip -99 il -99 dp -99 dl -99 HLA-A01:01 sS  9.092 bgG   0 bgS  8.584 cS  2.225
G  1   99        RMLEDRDLFVM  RMLEDDLFV o  0 ip -99 il -99 dp   5 dl   1 HLA-A02:01 sS  8.345 bgG   0 bgS  1.901 cS  6.824
# group 0, size 100: Final KLD sum after 40000 epochs - 13.354561
# group 1, size 100: Final KLD sum after 40000 epochs - 9.907871
#
# Final number of non-empty clusters: 2

### Final KLD sum after 40000 iterations: 11.631216
