# /Users/marinabarrueco/Downloads/gibbscluster-2.0/bin/gibbs_cluster_1.2.2_DB.Darwin_x86_64 -mhc1 -l 9 -g 2 -ts 1.5 -blf /Users/marinabarrueco/Downloads/gibbscluster-2.0/data/blosum%i.freq_rownorm -blm 62 -base 0 -bg 1 -i 10 -s 2 -nt 20 -fr 20 -fs 100 -wlc 200 -swt 0 -lambda 0.8 -dlen 5 -ilen 1 -findels 10 -sigma 5 /Users/marinabarrueco/Downloads/gibbscluster-2.0/test/gibbs_43262/data/pepdata.txt
# Thu Jan 30 17:24:03 2025
# User: marinabarrueco
# PWD : /Users/marinabarrueco/Downloads/gibbscluster-2.0/test
# Host: Darwin MacBook-Air-de-Marina.local 23.6.0 x86_64
# -mhc1    1                    Use peptides of fixed length, no window shift
# -l       9                    Motif length
# -g       2                    Number of initial clusters
# -ts      1.500000             Start temperature
# -blf     /Users/marinabarrueco/Downloads/gibbscluster-2.0/data/blosum%i.freq_rownorm Real value blosum matrix filename
# -blm     62                   Blosum matrix number
# -base    0.000000             Baseline value to discard to trash
# -bg      1                    [0] Flat (0.05) [1] Precalculated [2] From data
# -i       10                   Number of iterations per train example
# -s       2                    Seed [-1] Default, [0] Time [>0] Specific seed
# -nt      20                   Number of temperature steps
# -fr      20                   Interval between Single sequence moves (if -mhc1 == 1)
# -fs      100                  Interval between Phase shift moves
# -wlc     200.000000           Weigth on low count
# -swt     0                    [0] 1/ns [1] Clustering [2] No sequence weighting
# -lambda  0.800000             Penalty factor for overlapping clusters
# -dlen    5                    Max length of deletions
# -ilen    1                    Max length of insertions
# -findels 10                   Interval between Indel moves
# -sigma   5.000000             Weight on blosum for small cluster confidence
# Command line parameters set to:
#	[-l int]             9                    Motif length
#	[-g int]             2                    Number of initial clusters
#	[-trash]             0                    Use trash cluster to remove outliers
#	[-i int]             10                   Number of iterations per train example
#	[-s int]             2                    Seed [-1] Default, [0] Time [>0] Specific seed
#	[-f filename]        0                    File for frequency matrices
#	[-m filename]        0                    File for log-odds matrices
#	[-a filename]        aln.txt              File for multiple alignments
#	[-pc]                0                    Print core of alignment
#	[-c filename]        core.txt             File for core
#	[-alp string]        ARNDCQEGHILKMFPSTWYV Amino acid alphabet
#	[-bg int]            1                    [0] Flat (0.05) [1] Precalculated [2] From data
#	[-base float]        0.000000             Baseline value to discard to trash
#	[-mhc1]              1                    Use peptides of fixed length, no window shift
#	[-ts float]          1.500000             Start temperature
#	[-te float]          0.000010             Final temperature
#	[-nt int]            20                   Number of temperature steps
#	[-ms int]            3                    Max phase shift distance
#	[-fs int]            100                  Interval between Phase shift moves
#	[-findels int]       10                   Interval between Indel moves
#	[-fr int]            20                   Interval between Single sequence moves (if -mhc1 == 1)
#	[-lambda float]      0.800000             Penalty factor for overlapping clusters
#	[-sigma float]       5.000000             Weight on blosum for small cluster confidence
#	[-noph]              0                    Exclude phase shift move
#	[-r float]           5.000000             Scale factor for phase shift moves
#	[-wlc float]         200.000000           Weigth on low count
#	[-blf filename]      /Users/marinabarrueco/Downloads/gibbscluster-2.0/data/blosum%i.freq_rownorm Real value blosum matrix filename
#	[-blm int]           62                   Blosum matrix number
#	[-cX int]            1                    [0] Count X as A, [1] Exclude X from count
#	[-v]                 0                    Verbose mode
#	[-debug]             0                    Debug model
#	[-cthr float]        0.620000             Clustering threshold for sequence weighting
#	[-swt int]           0                    [0] 1/ns [1] Clustering [2] No sequence weighting
#	[-w string]          1,3,1,1,1,1,1,1,3    Weigths on positions
#	[-iw]                0                    Include weights on positions
#	[-noc float]         0.000000             Log-odds score assignment to no count elements
#	[-p1a]               0                    Allow only Hydrophobic AA at P1
#	[-p1l filename]      ILVMFYW              Allowed letters at P1 [Only with -p1a option]
#	[-factor float]      2.885400             Scale factor for matrix 2/log2
#	[-cntthr int]        0                    Low bound for amino acids counts to include in matrix
#	[-p1s]               0                    Penalize disallowed P1 amino acids in shift
#	[-pkld]              0                    Print KLD list (file to -kldf)
#	[-kldf string]       kldfq.txt            Print complete list of KLD values to specified file
#	[-kldq int]          1000                 Total datapoints when printing KLDs
#	[-ilen int]          1                    Max length of insertions
#	[-dlen int]          5                    Max length of deletions
#	[-xc]                0                    Exclude final check of all peptides to clusters
# Random seed is 2
# Read 200 elements on seqlist /Users/marinabarrueco/Downloads/gibbscluster-2.0/test/gibbs_43262/data/pepdata.txt
# Number of temperature steps 20 dt 0.078947
# Back ground frequences
# 0 A  0.07400
# 1 R  0.05200
# 2 N  0.04500
# 3 D  0.05400
# 4 C  0.02500
# 5 Q  0.03400
# 6 E  0.05400
# 7 G  0.07400
# 8 H  0.02600
# 9 I  0.06800
# 10 L  0.09900
# 11 K  0.05800
# 12 M  0.02500
# 13 F  0.04700
# 14 P  0.03900
# 15 S  0.05700
# 16 T  0.05100
# 17 W  0.01300
# 18 Y  0.03200
# 19 V  0.07300
# Read_realblosum done. Alphabet ARNDCQEGHILKMFPSTWYV
# G 0 100
# G 1 100
### Initial alignments weighed KLD sum 0.000000

# Doing temprature step 0 1.500000
# Doing temprature step 1 1.421053
# Doing temprature step 2 1.342106
# Doing temprature step 3 1.263160
# Doing temprature step 4 1.184213
# Doing temprature step 5 1.105266
# Doing temprature step 6 1.026319
# Doing temprature step 7 0.947372
# Doing temprature step 8 0.868425
# Doing temprature step 9 0.789479
# Doing temprature step 10 0.710532
# Doing temprature step 11 0.631585
# Doing temprature step 12 0.552638
# Doing temprature step 13 0.473691
# Doing temprature step 14 0.394744
# Doing temprature step 15 0.315798
# Doing temprature step 16 0.236851
# Doing temprature step 17 0.157904
# Doing temprature step 18 0.078957
# Doing temprature step 19 0.000010
## Sequence alignment for group 0
G  0    0         LTEADLQYGY  LTEDLQYGY o  0 ip -99 il -99 dp   3 dl   1 HLA-A01:01 sS 20.195 bgG  -1 bgS  0.000 cS 20.195
G  0    1        VLERNPNGWWY  VLEPNGWWY o  0 ip -99 il -99 dp   3 dl   2 HLA-A01:01 sS 10.268 bgG  -1 bgS  0.000 cS 10.268
G  0    2          FQDQLHQLY  FQDQLHQLY o  0 ip -99 il -99 dp -99 dl -99 HLA-A01:01 sS 12.957 bgG  -1 bgS  0.000 cS 12.957
G  0    3        ATAAALTYGLY  TAAALTYLY o  1 ip -99 il -99 dp   7 dl   1 HLA-A01:01 sS  9.723 bgG   1 bgS  3.414 cS  6.992
G  0    4          FTEDSLLRH  FTEDSLLRH o  0 ip -99 il -99 dp -99 dl -99 HLA-A01:01 sS 10.833 bgG   1 bgS  1.297 cS  9.796
G  0    5        LVDNSIRELQY  LVDNSELQY o  0 ip -99 il -99 dp   5 dl   2 HLA-A01:01 sS 14.757 bgG   1 bgS  1.029 cS 13.934
G  0    6          LVEKSQLGY  LVEKSQLGY o  0 ip -99 il -99 dp -99 dl -99 HLA-A01:01 sS 14.943 bgG  -1 bgS  0.000 cS 14.943
G  0    7          LTDIKLGKY  LTDIKLGKY o  0 ip -99 il -99 dp -99 dl -99 HLA-A01:01 sS 14.548 bgG  -1 bgS  0.000 cS 14.548
G  0    8          ETEVSFLDY  ETEVSFLDY o  0 ip -99 il -99 dp -99 dl -99 HLA-A01:01 sS 15.860 bgG  -1 bgS  0.000 cS 15.860
G  0    9         TSEPKPFLYY  TSEPPFLYY o  0 ip -99 il -99 dp   4 dl   1 HLA-A01:01 sS 20.988 bgG  -1 bgS  0.000 cS 20.988
G  0   10         FTASWGDLHY  FTSWGDLHY o  0 ip -99 il -99 dp   2 dl   1 HLA-A01:01 sS 16.175 bgG  -1 bgS  0.000 cS 16.175
G  0   11        ISYGPDWKDFY  ISYGPDWKY o  0 ip -99 il -99 dp   8 dl   2 HLA-A01:01 sS  8.018 bgG  -1 bgS  0.000 cS  8.018
G  0   12          VLEINSLKY  VLEINSLKY o  0 ip -99 il -99 dp -99 dl -99 HLA-A01:01 sS 12.970 bgG  -1 bgS  0.000 cS 12.970
G  0   13          VADDPNDPY  VADDPNDPY o  0 ip -99 il -99 dp -99 dl -99 HLA-A01:01 sS 10.535 bgG  -1 bgS  0.000 cS 10.535
G  0   14          ASDPNSSIF  ASDPNSSIF o  0 ip -99 il -99 dp -99 dl -99 HLA-A01:01 sS 11.965 bgG  -1 bgS  0.000 cS 11.965
G  0   15         FSDFLGLHSK  FSDFLGLHK o  0 ip -99 il -99 dp   8 dl   1 HLA-A01:01 sS  9.791 bgG  -1 bgS  0.000 cS  9.791
G  0   16         YINASFLDGY  YINASFLGY o  0 ip -99 il -99 dp   7 dl   1 HLA-A01:01 sS 13.478 bgG   1 bgS  1.515 cS 12.266
G  0   17         TIDLGAAAHY  TIDLGAAHY o  0 ip -99 il -99 dp   5 dl   1 HLA-A01:01 sS 11.242 bgG  -1 bgS  0.000 cS 11.242
G  0   18         TLEESAMLRY  TLEESMLRY o  0 ip -99 il -99 dp   5 dl   1 HLA-A01:01 sS 17.041 bgG   1 bgS  6.262 cS 12.032
G  0   19         ASEPSAQLSY  ASEPSQLSY o  0 ip -99 il -99 dp   5 dl   1 HLA-A01:01 sS 18.573 bgG  -1 bgS  0.000 cS 18.573
G  0   20         NTDLWIVMEY  NTDWIVMEY o  0 ip -99 il -99 dp   3 dl   1 HLA-A01:01 sS 14.284 bgG   1 bgS  0.105 cS 14.200
G  0   21          ATDIFSYLV  ATDIFSYLV o  0 ip -99 il -99 dp -99 dl -99 HLA-A01:01 sS  9.168 bgG  -1 bgS  0.000 cS  9.168
G  0   22         LMEDEMKEYY  LMEDEMEYY o  0 ip -99 il -99 dp   6 dl   1 HLA-A01:01 sS 13.959 bgG   1 bgS  2.110 cS 12.271
G  0   23         RADDADEFGY  RADDADEGY o  0 ip -99 il -99 dp   7 dl   1 HLA-A01:01 sS 12.245 bgG  -1 bgS  0.000 cS 12.245
G  0   24        SSDEEFAAALY  SSDEEFALY o  0 ip -99 il -99 dp   6 dl   2 HLA-A01:01 sS 15.192 bgG  -1 bgS  0.000 cS 15.192
G  0   25         FTEVLSPNMY  FTEVLSNMY o  0 ip -99 il -99 dp   6 dl   1 HLA-A01:01 sS 18.598 bgG  -1 bgS  0.000 cS 18.598
G  0   26        YTDAPPAYSEL  YTDPPAYSE o  0 ip -99 il -99 dp   3 dl   1 HLA-A01:01 sS 14.764 bgG  -1 bgS  0.000 cS 14.764
G  0   27          ETDPVENTY  ETDPVENTY o  0 ip -99 il -99 dp -99 dl -99 HLA-A01:01 sS 12.819 bgG  -1 bgS  0.000 cS 12.819
G  0   28        SSEYHYVGGFY  SSEYHYVGY o  0 ip -99 il -99 dp   8 dl   2 HLA-A01:01 sS 12.109 bgG  -1 bgS  0.000 cS 12.109
G  0   29          NTDFYQTSY  NTDFYQTSY o  0 ip -99 il -99 dp -99 dl -99 HLA-A01:01 sS 14.489 bgG  -1 bgS  0.000 cS 14.489
G  0   30          MSEERTLLY  MSEERTLLY o  0 ip -99 il -99 dp -99 dl -99 HLA-A01:01 sS 16.671 bgG  -1 bgS  0.000 cS 16.671
G  0   31         HLEEGKDLEY  HLEEKDLEY o  0 ip -99 il -99 dp   4 dl   1 HLA-A01:01 sS 13.803 bgG   1 bgS  7.087 cS  8.134
G  0   32        LTDLVLKSSVY  LTDLKSSVY o  0 ip -99 il -99 dp   3 dl   2 HLA-A01:01 sS 17.617 bgG  -1 bgS  0.000 cS 17.617
G  0   33          LADFGFGNF  LADFGFGNF o  0 ip -99 il -99 dp -99 dl -99 HLA-A01:01 sS  8.240 bgG  -1 bgS  0.000 cS  8.240
G  0   34          LMELTMLDY  LMELTMLDY o  0 ip -99 il -99 dp -99 dl -99 HLA-A01:01 sS 11.336 bgG  -1 bgS  0.000 cS 11.336
G  0   35          LIDVGTGYY  LIDVGTGYY o  0 ip -99 il -99 dp -99 dl -99 HLA-A01:01 sS 11.938 bgG  -1 bgS  0.000 cS 11.938
G  0   36        DTSRPLGDSMY  TSRPLDSMY o  1 ip -99 il -99 dp   5 dl   1 HLA-A01:01 sS 13.426 bgG  -1 bgS  0.000 cS 13.426
G  0   37           FTDKAASY  FTD-KAASY o  0 ip   3 il   1 dp -99 dl -99 HLA-A01:01 sS 16.061 bgG  -1 bgS  0.000 cS 16.061
G  0   38         ETVPRSGEVY  ETVPRSEVY o  0 ip -99 il -99 dp   6 dl   1 HLA-A01:01 sS 11.752 bgG  -1 bgS  0.000 cS 11.752
G  0   39          VLDRLTFDY  VLDRLTFDY o  0 ip -99 il -99 dp -99 dl -99 HLA-A01:01 sS 12.769 bgG   1 bgS  2.400 cS 10.848
G  0   40        DVYADHLDWHY  YADHLDWHY o  2 ip -99 il -99 dp -99 dl -99 HLA-A01:01 sS 20.651 bgG  -1 bgS  0.000 cS 20.651
G  0   41          TLDSDQVGY  TLDSDQVGY o  0 ip -99 il -99 dp -99 dl -99 HLA-A01:01 sS 12.116 bgG   1 bgS  4.494 cS  8.521
G  0   42        YSQSPAYNSQY  YSQSPAYNY o  0 ip -99 il -99 dp   8 dl   2 HLA-A01:01 sS 14.398 bgG  -1 bgS  0.000 cS 14.398
G  0   43          YIDAQFENY  YIDAQFENY o  0 ip -99 il -99 dp -99 dl -99 HLA-A01:01 sS 14.774 bgG   1 bgS  1.037 cS 13.945
G  0   44         TSDHFETIMK  TSDFETIMK o  0 ip -99 il -99 dp   3 dl   1 HLA-A01:01 sS  9.747 bgG  -1 bgS  0.000 cS  9.747
G  0   45          FTDTEGLPY  FTDTEGLPY o  0 ip -99 il -99 dp -99 dl -99 HLA-A01:01 sS 17.860 bgG  -1 bgS  0.000 cS 17.860
G  0   46         LSDTKYLEMI  LSDTKYLMI o  0 ip -99 il -99 dp   7 dl   1 HLA-A01:01 sS  9.595 bgG  -1 bgS  0.000 cS  9.595
G  0   47          TVDVLKEAY  TVDVLKEAY o  0 ip -99 il -99 dp -99 dl -99 HLA-A01:01 sS 13.025 bgG  -1 bgS  0.000 cS 13.025
G  0   48          TTEFLYNLY  TTEFLYNLY o  0 ip -99 il -99 dp -99 dl -99 HLA-A01:01 sS 18.967 bgG  -1 bgS  0.000 cS 18.967
G  0   49          VADVLVDGY  VADVLVDGY o  0 ip -99 il -99 dp -99 dl -99 HLA-A01:01 sS 13.022 bgG  -1 bgS  0.000 cS 13.022
G  0   50          YVDEYRNDY  YVDEYRNDY o  0 ip -99 il -99 dp -99 dl -99 HLA-A01:01 sS 13.562 bgG   1 bgS  1.894 cS 12.047
G  0   51          TTEAVHYLY  TTEAVHYLY o  0 ip -99 il -99 dp -99 dl -99 HLA-A01:01 sS 17.925 bgG  -1 bgS  0.000 cS 17.925
G  0   52        YADIAVNSDRY  YADVNSDRY o  0 ip -99 il -99 dp   3 dl   2 HLA-A01:01 sS 16.716 bgG  -1 bgS  0.000 cS 16.716
G  0   53         ATNPESKVFY  ATNPESKVY o  0 ip -99 il -99 dp   8 dl   1 HLA-A01:01 sS 13.955 bgG  -1 bgS  0.000 cS 13.955
G  0   54         TSDFIPRLVY  TSDFPRLVY o  0 ip -99 il -99 dp   4 dl   1 HLA-A01:01 sS 20.824 bgG  -1 bgS  0.000 cS 20.824
G  0   55         TSEQNPPYSY  TSENPPYSY o  0 ip -99 il -99 dp   3 dl   1 HLA-A01:01 sS 15.569 bgG  -1 bgS  0.000 cS 15.569
G  0   56        YVDDTQFVGFD  YVDDTQFGF o  0 ip -99 il -99 dp   7 dl   1 HLA-A01:01 sS 11.422 bgG   1 bgS  3.517 cS  8.608
G  0   57         ATDVLHAVWY  ATDVLHAVY o  0 ip -99 il -99 dp   8 dl   1 HLA-A01:01 sS 16.792 bgG  -1 bgS  0.000 cS 16.792
G  0   58          VVEDKVEGY  VVEDKVEGY o  0 ip -99 il -99 dp -99 dl -99 HLA-A01:01 sS 13.051 bgG  -1 bgS  0.000 cS 13.051
G  0   59         QTENSLHMGY  QTENSHMGY o  0 ip -99 il -99 dp   5 dl   1 HLA-A01:01 sS 16.306 bgG  -1 bgS  0.000 cS 16.306
G  0   60          ITDYLIEEV  ITDYLIEEV o  0 ip -99 il -99 dp -99 dl -99 HLA-A01:01 sS  6.266 bgG   1 bgS  1.032 cS  5.440
G  0   61        YTDFDGTRVYS  YTDFGTRVY o  0 ip -99 il -99 dp   4 dl   1 HLA-A01:01 sS 19.699 bgG  -1 bgS  0.000 cS 19.699
G  0   62          YSDSAVLKL  YSDSAVLKL o  0 ip -99 il -99 dp -99 dl -99 HLA-A01:01 sS  8.588 bgG   1 bgS  4.902 cS  4.666
G  0   63          YTDNLVRVW  YTDNLVRVW o  0 ip -99 il -99 dp -99 dl -99 HLA-A01:01 sS 11.105 bgG  -1 bgS  0.000 cS 11.105
G  0   64          ITSTRSLNY  ITSTRSLNY o  0 ip -99 il -99 dp -99 dl -99 HLA-A01:01 sS 13.552 bgG  -1 bgS  0.000 cS 13.552
G  0   65          LQDPFHGVY  LQDPFHGVY o  0 ip -99 il -99 dp -99 dl -99 HLA-A01:01 sS 13.991 bgG  -1 bgS  0.000 cS 13.991
G  0   66          LMDKSSTIY  LMDKSSTIY o  0 ip -99 il -99 dp -99 dl -99 HLA-A01:01 sS 13.404 bgG  -1 bgS  0.000 cS 13.404
G  0   67        KTDPVRLTQLY  KTDPLTQLY o  0 ip -99 il -99 dp   4 dl   2 HLA-A01:01 sS 18.698 bgG  -1 bgS  0.000 cS 18.698
G  0   68        PTDLETRSYKY  PTDTRSYKY o  0 ip -99 il -99 dp   3 dl   2 HLA-A01:01 sS 17.950 bgG  -1 bgS  0.000 cS 17.950
G  0   69        QTAEASHVSRY  TAEASHSRY o  1 ip -99 il -99 dp   6 dl   1 HLA-A01:01 sS 14.801 bgG  -1 bgS  0.000 cS 14.801
G  0   70        VIDEDVKSGRY  VIDEKSGRY o  0 ip -99 il -99 dp   4 dl   2 HLA-A01:01 sS 14.267 bgG   1 bgS  0.297 cS 14.029
G  0   71          VVDNLQHLY  VVDNLQHLY o  0 ip -99 il -99 dp -99 dl -99 HLA-A01:01 sS 13.453 bgG  -1 bgS  0.000 cS 13.453
G  0   72          FIEERLLMY  FIEERLLMY o  0 ip -99 il -99 dp -99 dl -99 HLA-A01:01 sS 14.590 bgG   1 bgS  5.368 cS 10.295
G  0   73        LTEVNKTGTQY  LTEVNKTGY o  0 ip -99 il -99 dp   8 dl   2 HLA-A01:01 sS 14.021 bgG  -1 bgS  0.000 cS 14.021
G  0   74         LLDNSYYEQY  LLDNSYYEY o  0 ip -99 il -99 dp   8 dl   1 HLA-A01:01 sS 18.150 bgG   1 bgS  4.017 cS 14.936
G  0   75          QSERQLLLY  QSERQLLLY o  0 ip -99 il -99 dp -99 dl -99 HLA-A01:01 sS 11.333 bgG  -1 bgS  0.000 cS 11.333
G  0   76         LSEYSKFLSY  LSEYSFLSY o  0 ip -99 il -99 dp   5 dl   1 HLA-A01:01 sS 17.478 bgG  -1 bgS  0.000 cS 17.478
G  0   77          ATDRFRSLY  ATDRFRSLY o  0 ip -99 il -99 dp -99 dl -99 HLA-A01:01 sS 13.015 bgG  -1 bgS  0.000 cS 13.015
G  0   78        LSDIGSGIRYL  LSDIGSIRY o  0 ip -99 il -99 dp   6 dl   1 HLA-A01:01 sS 16.104 bgG  -1 bgS  0.000 cS 16.104
G  0   79         PTEISQSLLY  PTEISSLLY o  0 ip -99 il -99 dp   5 dl   1 HLA-A01:01 sS 16.804 bgG  -1 bgS  0.000 cS 16.804
G  0   80          NSDVSLLNY  NSDVSLLNY o  0 ip -99 il -99 dp -99 dl -99 HLA-A01:01 sS 16.780 bgG  -1 bgS  0.000 cS 16.780
G  0   81          TTDFEDDEF  TTDFEDDEF o  0 ip -99 il -99 dp -99 dl -99 HLA-A01:01 sS 14.563 bgG  -1 bgS  0.000 cS 14.563
G  0   82         TFNLEGSLIY  TFNEGSLIY o  0 ip -99 il -99 dp   3 dl   1 HLA-A01:01 sS  9.511 bgG   1 bgS  0.826 cS  8.850
G  0   83         HTDHHMFFDY  HTDHHMFDY o  0 ip -99 il -99 dp   6 dl   1 HLA-A01:01 sS 14.101 bgG  -1 bgS  0.000 cS 14.101
G  0   84         FSSDDSKLEY  FSDDSKLEY o  0 ip -99 il -99 dp   1 dl   1 HLA-A01:01 sS 19.843 bgG  -1 bgS  0.000 cS 19.843
G  0   85         NSELGSETRY  NSELGSERY o  0 ip -99 il -99 dp   7 dl   1 HLA-A01:01 sS 13.627 bgG  -1 bgS  0.000 cS 13.627
G  0   86         NTDPYKRAVY  NTDPKRAVY o  0 ip -99 il -99 dp   4 dl   1 HLA-A01:01 sS 16.734 bgG  -1 bgS  0.000 cS 16.734
G  0   87         MVESLVGWGY  MVESLVWGY o  0 ip -99 il -99 dp   6 dl   1 HLA-A01:01 sS 14.835 bgG  -1 bgS  0.000 cS 14.835
G  0   88          GTVYEDLRY  GTVYEDLRY o  0 ip -99 il -99 dp -99 dl -99 HLA-A01:01 sS  9.346 bgG  -1 bgS  0.000 cS  9.346
G  0   89          TADGKTYYY  TADGKTYYY o  0 ip -99 il -99 dp -99 dl -99 HLA-A01:01 sS 16.501 bgG  -1 bgS  0.000 cS 16.501
G  0   90         ATDIFSYLVE  ATDFSYLVE o  0 ip -99 il -99 dp   3 dl   1 HLA-A01:01 sS 11.470 bgG  -1 bgS  0.000 cS 11.470
G  0   91          SSEVTSQLY  SSEVTSQLY o  0 ip -99 il -99 dp -99 dl -99 HLA-A01:01 sS 12.806 bgG  -1 bgS  0.000 cS 12.806
G  0   92         LTETIYKNYY  LTETIYNYY o  0 ip -99 il -99 dp   6 dl   1 HLA-A01:01 sS 13.648 bgG  -1 bgS  0.000 cS 13.648
G  0   93         MLDWASGTLY  MLDWASTLY o  0 ip -99 il -99 dp   6 dl   1 HLA-A01:01 sS 14.516 bgG  -1 bgS  0.000 cS 14.516
G  0   94         LLESAKMFNY  LLESKMFNY o  0 ip -99 il -99 dp   4 dl   1 HLA-A01:01 sS 13.010 bgG   1 bgS  3.074 cS 10.550
G  0   95         KTDMEKLTFY  KTDMEKLTY o  0 ip -99 il -99 dp   8 dl   1 HLA-A01:01 sS 13.395 bgG  -1 bgS  0.000 cS 13.395
G  0   96          YVDEELPDY  YVDEELPDY o  0 ip -99 il -99 dp -99 dl -99 HLA-A01:01 sS 13.068 bgG   1 bgS  7.439 cS  7.117
G  0   97         YLDGRLEPLY  YLDGRLELY o  0 ip -99 il -99 dp   7 dl   1 HLA-A01:01 sS 14.560 bgG   1 bgS  6.797 cS  9.122
G  0   98        DLDLESPKSLY  LLESPKSLY o  1 ip -99 il -99 dp   1 dl   1 HLA-A01:01 sS 12.984 bgG   1 bgS 10.249 cS  4.785
## Sequence alignment for group 1
G  1    0         FLSLINVGLI  FLSLINVGL o  0 ip -99 il -99 dp -99 dl -99 HLA-A02:01 sS  4.898 bgG  -1 bgS  0.000 cS  4.898
G  1    1          AMFGKLMTI  AMFGKLMTI o  0 ip -99 il -99 dp -99 dl -99 HLA-A02:01 sS  9.268 bgG  -1 bgS  0.000 cS  9.268
G  1    2          VLFGLLREV  VLFGLLREV o  0 ip -99 il -99 dp -99 dl -99 HLA-A02:01 sS  9.785 bgG  -1 bgS  0.000 cS  9.785
G  1    3          FLLFINHRL  FLLFINHRL o  0 ip -99 il -99 dp -99 dl -99 HLA-A02:01 sS  8.916 bgG  -1 bgS  0.000 cS  8.916
G  1    4          FLNDIFERI  FLNDIFERI o  0 ip -99 il -99 dp -99 dl -99 HLA-A02:01 sS 12.123 bgG   0 bgS  2.071 cS 10.466
G  1    5         LLLPDYYLVT  LLLPDYYLV o  0 ip -99 il -99 dp -99 dl -99 HLA-A02:01 sS  8.961 bgG   0 bgS  1.205 cS  7.997
G  1    6         KLLEPVPVSV  KLLEVPVSV o  0 ip -99 il -99 dp   4 dl   1 HLA-A02:01 sS 16.607 bgG  -1 bgS  0.000 cS 16.607
G  1    7          VLIKDLFHI  VLIKDLFHI o  0 ip -99 il -99 dp -99 dl -99 HLA-A02:01 sS  8.151 bgG  -1 bgS  0.000 cS  8.151
G  1    8        ALLEQTGDMSL  ALLEGDMSL o  0 ip -99 il -99 dp   4 dl   2 HLA-A02:01 sS 15.327 bgG  -1 bgS  0.000 cS 15.327
G  1    9          KLQLVEMPL  KLQLVEMPL o  0 ip -99 il -99 dp -99 dl -99 HLA-A02:01 sS  5.105 bgG  -1 bgS  0.000 cS  5.105
G  1   10          NLIANVLYL  NLIANVLYL o  0 ip -99 il -99 dp -99 dl -99 HLA-A02:01 sS  4.832 bgG  -1 bgS  0.000 cS  4.832
G  1   11         KLFSGVLMDL  KLFSGLMDL o  0 ip -99 il -99 dp   5 dl   1 HLA-A02:01 sS 12.607 bgG  -1 bgS  0.000 cS 12.607
G  1   12          LLLAAPAQA  LLLAAPAQA o  0 ip -99 il -99 dp -99 dl -99 HLA-A02:01 sS  8.192 bgG  -1 bgS  0.000 cS  8.192
G  1   13          VLQGKLAEV  VLQGKLAEV o  0 ip -99 il -99 dp -99 dl -99 HLA-A02:01 sS 12.470 bgG  -1 bgS  0.000 cS 12.470
G  1   14          NLLKLIAEV  NLLKLIAEV o  0 ip -99 il -99 dp -99 dl -99 HLA-A02:01 sS 11.147 bgG  -1 bgS  0.000 cS 11.147
G  1   15          ALYASRLYL  ALYASRLYL o  0 ip -99 il -99 dp -99 dl -99 HLA-A02:01 sS  6.803 bgG  -1 bgS  0.000 cS  6.803
G  1   16          HIAEVSQEV  HIAEVSQEV o  0 ip -99 il -99 dp -99 dl -99 HLA-A02:01 sS  7.816 bgG  -1 bgS  0.000 cS  7.816
G  1   17          KQVSDLISV  KQVSDLISV o  0 ip -99 il -99 dp -99 dl -99 HLA-A02:01 sS  2.120 bgG  -1 bgS  0.000 cS  2.120
G  1   18          YILRELPKV  YILRELPKV o  0 ip -99 il -99 dp -99 dl -99 HLA-A02:01 sS 12.038 bgG  -1 bgS  0.000 cS 12.038
G  1   19          YLAERIPTL  YLAERIPTL o  0 ip -99 il -99 dp -99 dl -99 HLA-A02:01 sS 15.449 bgG  -1 bgS  0.000 cS 15.449
G  1   20          ALYTGDPNL  ALYTGDPNL o  0 ip -99 il -99 dp -99 dl -99 HLA-A02:01 sS  9.761 bgG  -1 bgS  0.000 cS  9.761
G  1   21          FMYDRPLRL  FMYDRPLRL o  0 ip -99 il -99 dp -99 dl -99 HLA-A02:01 sS 13.877 bgG   0 bgS  1.219 cS 12.902
G  1   22          KLLDGPPGV  KLLDGPPGV o  0 ip -99 il -99 dp -99 dl -99 HLA-A02:01 sS 17.263 bgG  -1 bgS  0.000 cS 17.263
G  1   23         GILGIQPPSV  GILGIPPSV o  0 ip -99 il -99 dp   5 dl   1 HLA-A02:01 sS 11.004 bgG  -1 bgS  0.000 cS 11.004
G  1   24        KLLCGLLAERL  KLLCGLLRL o  0 ip -99 il -99 dp   7 dl   2 HLA-A02:01 sS 10.511 bgG  -1 bgS  0.000 cS 10.511
G  1   25         YLFDEIDQAL  YLFDEIDQL o  0 ip -99 il -99 dp   8 dl   1 HLA-A02:01 sS 13.127 bgG  -1 bgS  0.000 cS 13.127
G  1   26          ILNPLLTLL  ILNPLLTLL o  0 ip -99 il -99 dp -99 dl -99 HLA-A02:01 sS  8.774 bgG   0 bgS  2.351 cS  6.893
G  1   27          KLGDLFFRV  KLGDLFFRV o  0 ip -99 il -99 dp -99 dl -99 HLA-A02:01 sS 10.676 bgG  -1 bgS  0.000 cS 10.676
G  1   28          ALMPVLNQV  ALMPVLNQV o  0 ip -99 il -99 dp -99 dl -99 HLA-A02:01 sS 13.878 bgG  -1 bgS  0.000 cS 13.878
G  1   29          TLQEFLERI  TLQEFLERI o  0 ip -99 il -99 dp -99 dl -99 HLA-A02:01 sS 11.449 bgG   0 bgS  1.356 cS 10.364
G  1   30          ALLETMFGV  ALLETMFGV o  0 ip -99 il -99 dp -99 dl -99 HLA-A02:01 sS 11.032 bgG  -1 bgS  0.000 cS 11.032
G  1   31          FLLEKGYEV  FLLEKGYEV o  0 ip -99 il -99 dp -99 dl -99 HLA-A02:01 sS 14.627 bgG  -1 bgS  0.000 cS 14.627
G  1   32          FLLWATAEA  FLLWATAEA o  0 ip -99 il -99 dp -99 dl -99 HLA-A02:01 sS  4.719 bgG  -1 bgS  0.000 cS  4.719
G  1   33          LLDRFLATV  LLDRFLATV o  0 ip -99 il -99 dp -99 dl -99 HLA-A02:01 sS  9.859 bgG   0 bgS  1.208 cS  8.893
G  1   34          ALPEIFTEL  ALPEIFTEL o  0 ip -99 il -99 dp -99 dl -99 HLA-A02:01 sS  8.524 bgG  -1 bgS  0.000 cS  8.524
G  1   35          TIMKKVTSV  TIMKKVTSV o  0 ip -99 il -99 dp -99 dl -99 HLA-A02:01 sS  5.146 bgG  -1 bgS  0.000 cS  5.146
G  1   36         AVYEGHVSCV  AVYEGHVSV o  0 ip -99 il -99 dp   8 dl   1 HLA-A02:01 sS  8.675 bgG  -1 bgS  0.000 cS  8.675
G  1   37        TLIELWEGLTV  TLIELGLTV o  0 ip -99 il -99 dp   5 dl   2 HLA-A02:01 sS 10.082 bgG  -1 bgS  0.000 cS 10.082
G  1   38          SLAESLDQA  SLAESLDQA o  0 ip -99 il -99 dp -99 dl -99 HLA-A02:01 sS  9.623 bgG  -1 bgS  0.000 cS  9.623
G  1   39          YLAKLIFQM  YLAKLIFQM o  0 ip -99 il -99 dp -99 dl -99 HLA-A02:01 sS 10.798 bgG  -1 bgS  0.000 cS 10.798
G  1   40          SLDDFQAWL  SLDDFQAWL o  0 ip -99 il -99 dp -99 dl -99 HLA-A02:01 sS  8.320 bgG   0 bgS  3.355 cS  5.636
G  1   41          YLEEYKFQV  YLEEYKFQV o  0 ip -99 il -99 dp -99 dl -99 HLA-A02:01 sS 12.386 bgG   0 bgS  4.343 cS  8.911
G  1   42          VLGEGVPIL  VLGEGVPIL o  0 ip -99 il -99 dp -99 dl -99 HLA-A02:01 sS  9.284 bgG  -1 bgS  0.000 cS  9.284
G  1   43         TLGSFSGLRV  TLGSFSLRV o  0 ip -99 il -99 dp   6 dl   1 HLA-A02:01 sS  7.887 bgG   0 bgS  2.309 cS  6.039
G  1   44         ALADGVVSQA  ALADGVVQA o  0 ip -99 il -99 dp   7 dl   1 HLA-A02:01 sS 11.451 bgG  -1 bgS  0.000 cS 11.451
G  1   45          ILLDRLLYL  ILLDRLLYL o  0 ip -99 il -99 dp -99 dl -99 HLA-A02:01 sS 11.611 bgG  -1 bgS  0.000 cS 11.611
G  1   46          KLQIVEMPL  KLQIVEMPL o  0 ip -99 il -99 dp -99 dl -99 HLA-A02:01 sS  5.168 bgG  -1 bgS  0.000 cS  5.168
G  1   47          SLLESVQKL  SLLESVQKL o  0 ip -99 il -99 dp -99 dl -99 HLA-A02:01 sS 11.772 bgG  -1 bgS  0.000 cS 11.772
G  1   48          GLDNINVFL  GLDNINVFL o  0 ip -99 il -99 dp -99 dl -99 HLA-A02:01 sS  6.828 bgG  -1 bgS  0.000 cS  6.828
G  1   49          LLLPDYYLV  LLLPDYYLV o  0 ip -99 il -99 dp -99 dl -99 HLA-A02:01 sS  8.961 bgG   0 bgS  1.205 cS  7.997
G  1   50          TMADQIVTV  TMADQIVTV o  0 ip -99 il -99 dp -99 dl -99 HLA-A02:01 sS  7.836 bgG  -1 bgS  0.000 cS  7.836
G  1   51          YLKEILEQL  YLKEILEQL o  0 ip -99 il -99 dp -99 dl -99 HLA-A02:01 sS 15.697 bgG  -1 bgS  0.000 cS 15.697
G  1   52          ALARTALAL  ALARTALAL o  0 ip -99 il -99 dp -99 dl -99 HLA-A02:01 sS  5.841 bgG  -1 bgS  0.000 cS  5.841
G  1   53          VLTEHVAAA  VLTEHVAAA o  0 ip -99 il -99 dp -99 dl -99 HLA-A02:01 sS  4.902 bgG  -1 bgS  0.000 cS  4.902
G  1   54          FLNQVLAEI  FLNQVLAEI o  0 ip -99 il -99 dp -99 dl -99 HLA-A02:01 sS 11.936 bgG  -1 bgS  0.000 cS 11.936
G  1   55         LLYEDIPDKV  LLYEDIPKV o  0 ip -99 il -99 dp   7 dl   1 HLA-A02:01 sS 16.316 bgG  -1 bgS  0.000 cS 16.316
G  1   56          KVASLLHQV  KVASLLHQV o  0 ip -99 il -99 dp -99 dl -99 HLA-A02:01 sS 11.297 bgG  -1 bgS  0.000 cS 11.297
G  1   57          AMNGHTAAV  AMNGHTAAV o  0 ip -99 il -99 dp -99 dl -99 HLA-A02:01 sS  7.588 bgG  -1 bgS  0.000 cS  7.588
G  1   58          KLNPQQFEV  KLNPQQFEV o  0 ip -99 il -99 dp -99 dl -99 HLA-A02:01 sS 11.796 bgG   0 bgS  1.974 cS 10.217
G  1   59        RLGEAEGLMKV  RLAEGLMKV o  0 ip -99 il -99 dp   2 dl   2 HLA-A02:01 sS 14.756 bgG  -1 bgS  0.000 cS 14.756
G  1   60          SLLDIDPLI  SLLDIDPLI o  0 ip -99 il -99 dp -99 dl -99 HLA-A02:01 sS  9.856 bgG  -1 bgS  0.000 cS  9.856
G  1   61          FLLPKFHGV  FLLPKFHGV o  0 ip -99 il -99 dp -99 dl -99 HLA-A02:01 sS 13.078 bgG  -1 bgS  0.000 cS 13.078
G  1   62          TLIDSLDTL  TLIDSLDTL o  0 ip -99 il -99 dp -99 dl -99 HLA-A02:01 sS  9.024 bgG  -1 bgS  0.000 cS  9.024
G  1   63         SLFGGSVKLA  SLFGGSVKL o  0 ip -99 il -99 dp -99 dl -99 HLA-A02:01 sS 10.485 bgG  -1 bgS  0.000 cS 10.485
G  1   64          FLTRIISQL  FLTRIISQL o  0 ip -99 il -99 dp -99 dl -99 HLA-A02:01 sS 10.318 bgG  -1 bgS  0.000 cS 10.318
G  1   65        YLLPQQPPPSL  YLLPQPPSL o  0 ip -99 il -99 dp   5 dl   2 HLA-A02:01 sS 16.898 bgG  -1 bgS  0.000 cS 16.898
G  1   66          KLFIGGLNV  KLFIGGLNV o  0 ip -99 il -99 dp -99 dl -99 HLA-A02:01 sS  6.775 bgG  -1 bgS  0.000 cS  6.775
G  1   67           FLGDGMGV  FLGDG-MGV o  0 ip   5 il   1 dp -99 dl -99 HLA-A02:01 sS 12.856 bgG  -1 bgS  0.000 cS 12.856
G  1   68          FVDDYTVRV  FVDDYTVRV o  0 ip -99 il -99 dp -99 dl -99 HLA-A01:01 sS  9.331 bgG   0 bgS  6.521 cS  4.114
G  1   69          ILNEIVNFV  ILNEIVNFV o  0 ip -99 il -99 dp -99 dl -99 HLA-A02:01 sS 11.788 bgG  -1 bgS  0.000 cS 11.788
G  1   70          ELFSSPPAV  ELFSSPPAV o  0 ip -99 il -99 dp -99 dl -99 HLA-A02:01 sS 10.361 bgG  -1 bgS  0.000 cS 10.361
G  1   71         TLIRVPIPQV  TLIRVPPQV o  0 ip -99 il -99 dp   6 dl   1 HLA-A02:01 sS 14.145 bgG  -1 bgS  0.000 cS 14.145
G  1   72         SLLPEGPPAI  SLLEGPPAI o  0 ip -99 il -99 dp   3 dl   1 HLA-A02:01 sS 15.576 bgG  -1 bgS  0.000 cS 15.576
G  1   73          GLLGYLHFV  GLLGYLHFV o  0 ip -99 il -99 dp -99 dl -99 HLA-A02:01 sS 11.466 bgG  -1 bgS  0.000 cS 11.466
G  1   74          KLQNLNIFL  KLQNLNIFL o  0 ip -99 il -99 dp -99 dl -99 HLA-A02:01 sS  8.654 bgG  -1 bgS  0.000 cS  8.654
G  1   75          ALQEKLQYL  ALQEKLQYL o  0 ip -99 il -99 dp -99 dl -99 HLA-A02:01 sS 13.457 bgG  -1 bgS  0.000 cS 13.457
G  1   76         YLLGLGPLEV  YLLGGPLEV o  0 ip -99 il -99 dp   4 dl   1 HLA-A02:01 sS 17.726 bgG  -1 bgS  0.000 cS 17.726
G  1   77          MLDEILLQL  MLDEILLQL o  0 ip -99 il -99 dp -99 dl -99 HLA-A02:01 sS 13.952 bgG   0 bgS  4.011 cS 10.743
G  1   78         FLDPRPLTVV  FLDPRPLTV o  0 ip -99 il -99 dp -99 dl -99 HLA-A02:01 sS 14.600 bgG   0 bgS  8.006 cS  8.195
G  1   79          ALYSAEHGL  ALYSAEHGL o  0 ip -99 il -99 dp -99 dl -99 HLA-A02:01 sS  8.772 bgG  -1 bgS  0.000 cS  8.772
G  1   80          YLEEDVYQL  YLEEDVYQL o  0 ip -99 il -99 dp -99 dl -99 HLA-A02:01 sS 15.304 bgG   0 bgS  5.557 cS 10.859
G  1   81          LMNPNIASV  LMNPNIASV o  0 ip -99 il -99 dp -99 dl -99 HLA-A02:01 sS  8.265 bgG   0 bgS  1.028 cS  7.442
G  1   82          HLYSEVKEV  HLYSEVKEV o  0 ip -99 il -99 dp -99 dl -99 HLA-A02:01 sS 10.187 bgG  -1 bgS  0.000 cS 10.187
G  1   83          YLWNTVSKL  YLWNTVSKL o  0 ip -99 il -99 dp -99 dl -99 HLA-A02:01 sS  9.578 bgG  -1 bgS  0.000 cS  9.578
G  1   84          LLLDMQNRL  LLLDMQNRL o  0 ip -99 il -99 dp -99 dl -99 HLA-A02:01 sS  8.048 bgG  -1 bgS  0.000 cS  8.048
G  1   85          FLWERPTLL  FLWERPTLL o  0 ip -99 il -99 dp -99 dl -99 HLA-A02:01 sS 13.714 bgG  -1 bgS  0.000 cS 13.714
G  1   86         LLWPGAALLV  LLWPGAALV o  0 ip -99 il -99 dp   7 dl   1 HLA-A02:01 sS  9.313 bgG  -1 bgS  0.000 cS  9.313
G  1   87          TLEGTPVFV  TLEGTPVFV o  0 ip -99 il -99 dp -99 dl -99 HLA-A02:01 sS  9.646 bgG  -1 bgS  0.000 cS  9.646
G  1   88          LLLKYTEKL  LLLKYTEKL o  0 ip -99 il -99 dp -99 dl -99 HLA-A02:01 sS  8.848 bgG  -1 bgS  0.000 cS  8.848
G  1   89          SLYGGTITI  SLYGGTITI o  0 ip -99 il -99 dp -99 dl -99 HLA-A02:01 sS  9.830 bgG  -1 bgS  0.000 cS  9.830
G  1   90          HLLNESPML  HLLNESPML o  0 ip -99 il -99 dp -99 dl -99 HLA-A02:01 sS  8.147 bgG  -1 bgS  0.000 cS  8.147
G  1   91          SLDGKAIKV  SLDGKAIKV o  0 ip -99 il -99 dp -99 dl -99 HLA-A02:01 sS  8.432 bgG   0 bgS  1.824 cS  6.974
G  1   92          ALNNLLHSL  ALNNLLHSL o  0 ip -99 il -99 dp -99 dl -99 HLA-A02:01 sS 13.443 bgG  -1 bgS  0.000 cS 13.443
G  1   93        YLAEKYEWDVA  YLAEKYEWV o  0 ip -99 il -99 dp   8 dl   1 HLA-A02:01 sS 12.514 bgG   0 bgS  3.461 cS  9.745
G  1   94          FVDERPEEV  FVDERPEEV o  0 ip -99 il -99 dp -99 dl -99 HLA-A02:01 sS 12.611 bgG   0 bgS  6.280 cS  7.587
G  1   95          YLKELLNLA  YLKELLNLA o  0 ip -99 il -99 dp -99 dl -99 HLA-A02:01 sS  8.486 bgG   0 bgS  0.508 cS  8.080
G  1   96          GLSSLSIHL  GLSSLSIHL o  0 ip -99 il -99 dp -99 dl -99 HLA-A02:01 sS  5.633 bgG  -1 bgS  0.000 cS  5.633
G  1   97          FIEALLPHV  FIEALLPHV o  0 ip -99 il -99 dp -99 dl -99 HLA-A02:01 sS 10.417 bgG   0 bgS  2.373 cS  8.518
G  1   98        RMLEDRDLFVM  RMLEDDLFV o  0 ip -99 il -99 dp   5 dl   1 HLA-A02:01 sS  8.321 bgG   0 bgS  1.382 cS  7.215
G  1   99        FLNGGILNYMI  FLNGGLNYM o  0 ip -99 il -99 dp   5 dl   1 HLA-A02:01 sS 12.298 bgG  -1 bgS  0.000 cS 12.298
G  1  100          FMDKLGENL  FMDKLGENL o  0 ip -99 il -99 dp -99 dl -99 HLA-A02:01 sS  6.468 bgG   0 bgS  5.833 cS  1.801
# group 0, size 99: Final KLD sum after 40000 epochs - 13.482952
# group 1, size 101: Final KLD sum after 40000 epochs - 9.908615
#
# Final number of non-empty clusters: 2

### Final KLD sum after 40000 iterations: 11.677912
