G Gn  Num           Sequence       Core o of ip  IP il  IL dp  DP dl  DL Annotation sS   Self bgG bgG bgS bgScor cS cScore
