# /Users/marinabarrueco/Downloads/gibbscluster-2.0/bin/gibbs_cluster_1.2.2_DB.Darwin_x86_64 -mhc1 -l 9 -g 3 -ts 1.5 -blf /Users/marinabarrueco/Downloads/gibbscluster-2.0/data/blosum%i.freq_rownorm -blm 62 -base 0 -bg 1 -i 10 -s 3 -nt 20 -fr 20 -fs 100 -wlc 200 -swt 0 -lambda 0.8 -dlen 5 -ilen 1 -findels 10 -sigma 5 /Users/marinabarrueco/Downloads/gibbscluster-2.0/test/gibbs_44057/data/pepdata.txt
# Thu Jan 30 18:20:43 2025
# User: marinabarrueco
# PWD : /Users/marinabarrueco/Downloads/gibbscluster-2.0/test
# Host: Darwin MacBook-Air-de-Marina.local 23.6.0 x86_64
# -mhc1    1                    Use peptides of fixed length, no window shift
# -l       9                    Motif length
# -g       3                    Number of initial clusters
# -ts      1.500000             Start temperature
# -blf     /Users/marinabarrueco/Downloads/gibbscluster-2.0/data/blosum%i.freq_rownorm Real value blosum matrix filename
# -blm     62                   Blosum matrix number
# -base    0.000000             Baseline value to discard to trash
# -bg      1                    [0] Flat (0.05) [1] Precalculated [2] From data
# -i       10                   Number of iterations per train example
# -s       3                    Seed [-1] Default, [0] Time [>0] Specific seed
# -nt      20                   Number of temperature steps
# -fr      20                   Interval between Single sequence moves (if -mhc1 == 1)
# -fs      100                  Interval between Phase shift moves
# -wlc     200.000000           Weigth on low count
# -swt     0                    [0] 1/ns [1] Clustering [2] No sequence weighting
# -lambda  0.800000             Penalty factor for overlapping clusters
# -dlen    5                    Max length of deletions
# -ilen    1                    Max length of insertions
# -findels 10                   Interval between Indel moves
# -sigma   5.000000             Weight on blosum for small cluster confidence
# Command line parameters set to:
#	[-l int]             9                    Motif length
#	[-g int]             3                    Number of initial clusters
#	[-trash]             0                    Use trash cluster to remove outliers
#	[-i int]             10                   Number of iterations per train example
#	[-s int]             3                    Seed [-1] Default, [0] Time [>0] Specific seed
#	[-f filename]        0                    File for frequency matrices
#	[-m filename]        0                    File for log-odds matrices
#	[-a filename]        aln.txt              File for multiple alignments
#	[-pc]                0                    Print core of alignment
#	[-c filename]        core.txt             File for core
#	[-alp string]        ARNDCQEGHILKMFPSTWYV Amino acid alphabet
#	[-bg int]            1                    [0] Flat (0.05) [1] Precalculated [2] From data
#	[-base float]        0.000000             Baseline value to discard to trash
#	[-mhc1]              1                    Use peptides of fixed length, no window shift
#	[-ts float]          1.500000             Start temperature
#	[-te float]          0.000010             Final temperature
#	[-nt int]            20                   Number of temperature steps
#	[-ms int]            3                    Max phase shift distance
#	[-fs int]            100                  Interval between Phase shift moves
#	[-findels int]       10                   Interval between Indel moves
#	[-fr int]            20                   Interval between Single sequence moves (if -mhc1 == 1)
#	[-lambda float]      0.800000             Penalty factor for overlapping clusters
#	[-sigma float]       5.000000             Weight on blosum for small cluster confidence
#	[-noph]              0                    Exclude phase shift move
#	[-r float]           5.000000             Scale factor for phase shift moves
#	[-wlc float]         200.000000           Weigth on low count
#	[-blf filename]      /Users/marinabarrueco/Downloads/gibbscluster-2.0/data/blosum%i.freq_rownorm Real value blosum matrix filename
#	[-blm int]           62                   Blosum matrix number
#	[-cX int]            1                    [0] Count X as A, [1] Exclude X from count
#	[-v]                 0                    Verbose mode
#	[-debug]             0                    Debug model
#	[-cthr float]        0.620000             Clustering threshold for sequence weighting
#	[-swt int]           0                    [0] 1/ns [1] Clustering [2] No sequence weighting
#	[-w string]          1,3,1,1,1,1,1,1,3    Weigths on positions
#	[-iw]                0                    Include weights on positions
#	[-noc float]         0.000000             Log-odds score assignment to no count elements
#	[-p1a]               0                    Allow only Hydrophobic AA at P1
#	[-p1l filename]      ILVMFYW              Allowed letters at P1 [Only with -p1a option]
#	[-factor float]      2.885400             Scale factor for matrix 2/log2
#	[-cntthr int]        0                    Low bound for amino acids counts to include in matrix
#	[-p1s]               0                    Penalize disallowed P1 amino acids in shift
#	[-pkld]              0                    Print KLD list (file to -kldf)
#	[-kldf string]       kldfq.txt            Print complete list of KLD values to specified file
#	[-kldq int]          1000                 Total datapoints when printing KLDs
#	[-ilen int]          1                    Max length of insertions
#	[-dlen int]          5                    Max length of deletions
#	[-xc]                0                    Exclude final check of all peptides to clusters
# Random seed is 3
# Read 200 elements on seqlist /Users/marinabarrueco/Downloads/gibbscluster-2.0/test/gibbs_44057/data/pepdata.txt
# Number of temperature steps 20 dt 0.078947
# Back ground frequences
# 0 A  0.07400
# 1 R  0.05200
# 2 N  0.04500
# 3 D  0.05400
# 4 C  0.02500
# 5 Q  0.03400
# 6 E  0.05400
# 7 G  0.07400
# 8 H  0.02600
# 9 I  0.06800
# 10 L  0.09900
# 11 K  0.05800
# 12 M  0.02500
# 13 F  0.04700
# 14 P  0.03900
# 15 S  0.05700
# 16 T  0.05100
# 17 W  0.01300
# 18 Y  0.03200
# 19 V  0.07300
# Read_realblosum done. Alphabet ARNDCQEGHILKMFPSTWYV
# G 0 67
# G 1 67
# G 2 66
### Initial alignments weighed KLD sum 0.000000

# Doing temprature step 0 1.500000
# Doing temprature step 1 1.421053
# Doing temprature step 2 1.342106
# Doing temprature step 3 1.263160
# Doing temprature step 4 1.184213
# Doing temprature step 5 1.105266
# Doing temprature step 6 1.026319
# Doing temprature step 7 0.947372
# Doing temprature step 8 0.868425
# Doing temprature step 9 0.789479
# Doing temprature step 10 0.710532
# Doing temprature step 11 0.631585
# Doing temprature step 12 0.552638
# Doing temprature step 13 0.473691
# Doing temprature step 14 0.394744
# Doing temprature step 15 0.315798
# Doing temprature step 16 0.236851
# Doing temprature step 17 0.157904
# Doing temprature step 18 0.078957
# Doing temprature step 19 0.000010
## Sequence alignment for group 0
G  0    0         ETVPRSGEVY  ETVPRSEVY o  0 ip -99 il -99 dp   6 dl   1 HLA-A01:01 sS 11.582 bgG  -1 bgS  0.000 cS 11.582
G  0    1        VIDEDVKSGRY  VIDEKSGRY o  0 ip -99 il -99 dp   4 dl   2 HLA-A01:01 sS 14.936 bgG   2 bgS  3.639 cS 12.025
G  0    2          ASDPNSSIF  ASDPNSSIF o  0 ip -99 il -99 dp -99 dl -99 HLA-A01:01 sS 12.225 bgG  -1 bgS  0.000 cS 12.225
G  0    3        KTDPVRLTQLY  KTDPLTQLY o  0 ip -99 il -99 dp   4 dl   2 HLA-A01:01 sS 18.121 bgG   2 bgS  5.116 cS 14.029
G  0    4         ASEPSAQLSY  ASEPSQLSY o  0 ip -99 il -99 dp   5 dl   1 HLA-A01:01 sS 18.789 bgG  -1 bgS  0.000 cS 18.789
G  0    5          YIDAQFENY  YIDAQFENY o  0 ip -99 il -99 dp -99 dl -99 HLA-A01:01 sS 14.497 bgG   2 bgS  5.132 cS 10.391
G  0    6         YINASFLDGY  YINASFLDY o  0 ip -99 il -99 dp   8 dl   1 HLA-A01:01 sS 12.849 bgG   2 bgS  0.157 cS 12.723
G  0    7         FSDFLGLHSK  FSDFLGLHK o  0 ip -99 il -99 dp   8 dl   1 HLA-A01:01 sS  9.865 bgG   2 bgS  0.759 cS  9.258
G  0    8         LSDTKYLEMI  LSDTKYLMI o  0 ip -99 il -99 dp   7 dl   1 HLA-A01:01 sS 10.354 bgG  -1 bgS  0.000 cS 10.354
G  0    9         ATDVLHAVWY  ATDVLHAVY o  0 ip -99 il -99 dp   8 dl   1 HLA-A01:01 sS 16.752 bgG  -1 bgS  0.000 cS 16.752
G  0   10         FTASWGDLHY  FTASGDLHY o  0 ip -99 il -99 dp   4 dl   1 HLA-A01:01 sS 14.402 bgG   1 bgS  1.118 cS 13.508
G  0   11          YSDSAVLKL  YSDSAVLKL o  0 ip -99 il -99 dp -99 dl -99 HLA-A01:01 sS  7.950 bgG   1 bgS  4.909 cS  4.023
G  0   12         LTETIYKNYY  LTETIYNYY o  0 ip -99 il -99 dp   6 dl   1 HLA-A01:01 sS 14.388 bgG   2 bgS  0.692 cS 13.835
G  0   13        SSEYHYVGGFY  SSEYHYVFY o  0 ip -99 il -99 dp   7 dl   2 HLA-A01:01 sS 12.024 bgG  -1 bgS  0.000 cS 12.024
G  0   14        YADIAVNSDRY  YADVNSDRY o  0 ip -99 il -99 dp   3 dl   2 HLA-A01:01 sS 16.712 bgG  -1 bgS  0.000 cS 16.712
G  0   15        LTDLVLKSSVY  LTDLKSSVY o  0 ip -99 il -99 dp   3 dl   2 HLA-A01:01 sS 17.883 bgG  -1 bgS  0.000 cS 17.883
G  0   16         FSSDDSKLEY  FSDDSKLEY o  0 ip -99 il -99 dp   1 dl   1 HLA-A01:01 sS 19.117 bgG   2 bgS  1.108 cS 18.230
G  0   17          LMDKSSTIY  LMDKSSTIY o  0 ip -99 il -99 dp -99 dl -99 HLA-A01:01 sS 13.855 bgG  -1 bgS  0.000 cS 13.855
G  0   18          VVDNLQHLY  VVDNLQHLY o  0 ip -99 il -99 dp -99 dl -99 HLA-A01:01 sS 13.308 bgG   2 bgS  4.811 cS  9.459
G  0   19          QSERQLLLY  QSERQLLLY o  0 ip -99 il -99 dp -99 dl -99 HLA-A01:01 sS 11.581 bgG  -1 bgS  0.000 cS 11.581
G  0   20        YTDFDGTRVYS  YTDDGTRVY o  0 ip -99 il -99 dp   3 dl   1 HLA-A01:01 sS 19.576 bgG  -1 bgS  0.000 cS 19.576
G  0   21        DVYADHLDWHY  YADHLDWHY o  2 ip -99 il -99 dp -99 dl -99 HLA-A01:01 sS 20.479 bgG   1 bgS  0.985 cS 19.691
G  0   22          LMELTMLDY  LMELTMLDY o  0 ip -99 il -99 dp -99 dl -99 HLA-A01:01 sS 11.421 bgG  -1 bgS  0.000 cS 11.421
G  0   23        LSDIGSGIRYL  LSDIGSGRY o  0 ip -99 il -99 dp   7 dl   1 HLA-A01:01 sS 16.159 bgG   1 bgS  1.743 cS 14.765
G  0   24          TLDSDQVGY  TLDSDQVGY o  0 ip -99 il -99 dp -99 dl -99 HLA-A01:01 sS 11.398 bgG   1 bgS  2.857 cS  9.112
G  0   25          ETEVSFLDY  ETEVSFLDY o  0 ip -99 il -99 dp -99 dl -99 HLA-A01:01 sS 16.043 bgG  -1 bgS  0.000 cS 16.043
G  0   26         PTEISQSLLY  PTEISSLLY o  0 ip -99 il -99 dp   5 dl   1 HLA-A01:01 sS 17.076 bgG  -1 bgS  0.000 cS 17.076
G  0   27          LTDIKLGKY  LTDIKLGKY o  0 ip -99 il -99 dp -99 dl -99 HLA-A01:01 sS 14.527 bgG  -1 bgS  0.000 cS 14.527
G  0   28        QTAEASHVSRY  TAEASHSRY o  1 ip -99 il -99 dp   6 dl   1 HLA-A01:01 sS 14.889 bgG  -1 bgS  0.000 cS 14.889
G  0   29          TADGKTYYY  TADGKTYYY o  0 ip -99 il -99 dp -99 dl -99 HLA-A01:01 sS 17.031 bgG   2 bgS  0.174 cS 16.892
G  0   30         TLEESAMLRY  TLEESMLRY o  0 ip -99 il -99 dp   5 dl   1 HLA-A01:01 sS 17.109 bgG   1 bgS  7.231 cS 11.324
G  0   31          FTDTEGLPY  FTDTEGLPY o  0 ip -99 il -99 dp -99 dl -99 HLA-A01:01 sS 18.050 bgG  -1 bgS  0.000 cS 18.050
G  0   32          LQDPFHGVY  LQDPFHGVY o  0 ip -99 il -99 dp -99 dl -99 HLA-A01:01 sS 14.562 bgG  -1 bgS  0.000 cS 14.562
G  0   33          VADDPNDPY  VADDPNDPY o  0 ip -99 il -99 dp -99 dl -99 HLA-A01:01 sS 10.654 bgG  -1 bgS  0.000 cS 10.654
G  0   34         LMEDEMKEYY  LMEDEMEYY o  0 ip -99 il -99 dp   6 dl   1 HLA-A01:01 sS 13.891 bgG   2 bgS  2.943 cS 11.536
G  0   35          FIEERLLMY  FIEERLLMY o  0 ip -99 il -99 dp -99 dl -99 HLA-A01:01 sS 15.052 bgG   2 bgS  5.381 cS 10.747
G  0   36         LSEYSKFLSY  LSESKFLSY o  0 ip -99 il -99 dp   3 dl   1 HLA-A01:01 sS 16.700 bgG  -1 bgS  0.000 cS 16.700
G  0   37          MSEERTLLY  MSEERTLLY o  0 ip -99 il -99 dp -99 dl -99 HLA-A01:01 sS 16.967 bgG  -1 bgS  0.000 cS 16.967
G  0   38         QTENSLHMGY  QTENSHMGY o  0 ip -99 il -99 dp   5 dl   1 HLA-A01:01 sS 15.500 bgG  -1 bgS  0.000 cS 15.500
G  0   39         MLDWASGTLY  MLDASGTLY o  0 ip -99 il -99 dp   3 dl   1 HLA-A01:01 sS 11.892 bgG  -1 bgS  0.000 cS 11.892
G  0   40         MVESLVGWGY  MVESLVWGY o  0 ip -99 il -99 dp   6 dl   1 HLA-A01:01 sS 13.908 bgG  -1 bgS  0.000 cS 13.908
G  0   41         HTDHHMFFDY  HTDHHMFFY o  0 ip -99 il -99 dp   8 dl   1 HLA-A01:01 sS 15.339 bgG   2 bgS  1.241 cS 14.347
G  0   42          VADVLVDGY  VADVLVDGY o  0 ip -99 il -99 dp -99 dl -99 HLA-A01:01 sS 11.764 bgG  -1 bgS  0.000 cS 11.764
G  0   43          ATDIFSYLV  ATDIFSYLV o  0 ip -99 il -99 dp -99 dl -99 HLA-A01:01 sS  8.065 bgG   2 bgS  3.318 cS  5.411
G  0   44         FTEVLSPNMY  FTEVLSNMY o  0 ip -99 il -99 dp   6 dl   1 HLA-A01:01 sS 18.680 bgG   2 bgS  0.341 cS 18.408
G  0   45          FTEDSLLRH  FTEDSLLRH o  0 ip -99 il -99 dp -99 dl -99 HLA-A01:01 sS 11.226 bgG   2 bgS  1.636 cS  9.916
G  0   46         ATNPESKVFY  ATNPESVFY o  0 ip -99 il -99 dp   6 dl   1 HLA-A01:01 sS 16.137 bgG  -1 bgS  0.000 cS 16.137
G  0   47        SSDEEFAAALY  SSDEEFALY o  0 ip -99 il -99 dp   6 dl   2 HLA-A01:01 sS 15.338 bgG  -1 bgS  0.000 cS 15.338
G  0   48          LIDVGTGYY  LIDVGTGYY o  0 ip -99 il -99 dp -99 dl -99 HLA-A01:01 sS 12.499 bgG  -1 bgS  0.000 cS 12.499
G  0   49         NSELGSETRY  NSELGSERY o  0 ip -99 il -99 dp   7 dl   1 HLA-A01:01 sS 13.365 bgG  -1 bgS  0.000 cS 13.365
G  0   50        PTDLETRSYKY  PTDTRSYKY o  0 ip -99 il -99 dp   3 dl   2 HLA-A01:01 sS 17.755 bgG  -1 bgS  0.000 cS 17.755
G  0   51          NSDVSLLNY  NSDVSLLNY o  0 ip -99 il -99 dp -99 dl -99 HLA-A01:01 sS 17.131 bgG  -1 bgS  0.000 cS 17.131
G  0   52        YSQSPAYNSQY  YSQSPAYNY o  0 ip -99 il -99 dp   8 dl   2 HLA-A01:01 sS 14.957 bgG  -1 bgS  0.000 cS 14.957
G  0   53         HLEEGKDLEY  HLEEKDLEY o  0 ip -99 il -99 dp   4 dl   1 HLA-A01:01 sS 13.745 bgG   1 bgS  6.038 cS  8.914
G  0   54         TSEQNPPYSY  TSENPPYSY o  0 ip -99 il -99 dp   3 dl   1 HLA-A01:01 sS 15.683 bgG  -1 bgS  0.000 cS 15.683
G  0   55         LLDNSYYEQY  LLDNSYYEY o  0 ip -99 il -99 dp   8 dl   1 HLA-A01:01 sS 17.623 bgG   2 bgS  7.087 cS 11.953
G  0   56        ISYGPDWKDFY  ISYGPDWFY o  0 ip -99 il -99 dp   7 dl   2 HLA-A01:01 sS  8.779 bgG  -1 bgS  0.000 cS  8.779
G  0   57          ITSTRSLNY  ITSTRSLNY o  0 ip -99 il -99 dp -99 dl -99 HLA-A01:01 sS 12.476 bgG  -1 bgS  0.000 cS 12.476
G  0   58          FQDQLHQLY  FQDQLHQLY o  0 ip -99 il -99 dp -99 dl -99 HLA-A01:01 sS 12.731 bgG   2 bgS  1.670 cS 11.396
G  0   59          SSEVTSQLY  SSEVTSQLY o  0 ip -99 il -99 dp -99 dl -99 HLA-A01:01 sS 13.049 bgG  -1 bgS  0.000 cS 13.049
G  0   60         LLESAKMFNY  LLESKMFNY o  0 ip -99 il -99 dp   4 dl   1 HLA-A01:01 sS 13.527 bgG   2 bgS  3.464 cS 10.756
G  0   61          LADFGFGNF  LADFGFGNF o  0 ip -99 il -99 dp -99 dl -99 HLA-A01:01 sS  8.323 bgG  -1 bgS  0.000 cS  8.323
G  0   62         ATDIFSYLVE  ATDFSYLVE o  0 ip -99 il -99 dp   3 dl   1 HLA-A01:01 sS 11.534 bgG  -1 bgS  0.000 cS 11.534
G  0   63        ATAAALTYGLY  TAAALTYLY o  1 ip -99 il -99 dp   7 dl   1 HLA-A01:01 sS 10.955 bgG   1 bgS  4.621 cS  7.258
G  0   64         LTEADLQYGY  LTEDLQYGY o  0 ip -99 il -99 dp   3 dl   1 HLA-A01:01 sS 19.219 bgG   2 bgS  2.094 cS 17.544
G  0   65        YVDDTQFVGFD  YVDDTQFVF o  0 ip -99 il -99 dp   8 dl   1 HLA-A01:01 sS 11.523 bgG   2 bgS  4.486 cS  7.934
G  0   66         TSEPKPFLYY  TSEPPFLYY o  0 ip -99 il -99 dp   4 dl   1 HLA-A01:01 sS 21.461 bgG  -1 bgS  0.000 cS 21.461
G  0   67        LVDNSIRELQY  LVDNSELQY o  0 ip -99 il -99 dp   5 dl   2 HLA-A01:01 sS 14.844 bgG   2 bgS  0.993 cS 14.050
G  0   68        VLERNPNGWWY  VLEPNGWWY o  0 ip -99 il -99 dp   3 dl   2 HLA-A01:01 sS 11.183 bgG   2 bgS  2.864 cS  8.892
G  0   69          TTEAVHYLY  TTEAVHYLY o  0 ip -99 il -99 dp -99 dl -99 HLA-A01:01 sS 18.205 bgG  -1 bgS  0.000 cS 18.205
G  0   70        YTDAPPAYSEL  YTDPPAYSE o  0 ip -99 il -99 dp   3 dl   1 HLA-A01:01 sS 14.643 bgG   2 bgS  0.431 cS 14.298
G  0   71         TSDHFETIMK  TSDFETIMK o  0 ip -99 il -99 dp   3 dl   1 HLA-A01:01 sS  8.977 bgG  -1 bgS  0.000 cS  8.977
G  0   72          YTDNLVRVW  YTDNLVRVW o  0 ip -99 il -99 dp -99 dl -99 HLA-A01:01 sS 10.842 bgG   2 bgS  1.741 cS  9.449
G  0   73          ATDRFRSLY  ATDRFRSLY o  0 ip -99 il -99 dp -99 dl -99 HLA-A01:01 sS 13.175 bgG  -1 bgS  0.000 cS 13.175
G  0   74         TSDFIPRLVY  TSDFPRLVY o  0 ip -99 il -99 dp   4 dl   1 HLA-A01:01 sS 20.597 bgG  -1 bgS  0.000 cS 20.597
G  0   75          TVDVLKEAY  TVDVLKEAY o  0 ip -99 il -99 dp -99 dl -99 HLA-A01:01 sS 11.668 bgG   2 bgS  0.467 cS 11.294
G  0   76        DTSRPLGDSMY  TSRPLDSMY o  1 ip -99 il -99 dp   5 dl   1 HLA-A01:01 sS 13.450 bgG  -1 bgS  0.000 cS 13.450
G  0   77          VLEINSLKY  VLEINSLKY o  0 ip -99 il -99 dp -99 dl -99 HLA-A01:01 sS 12.447 bgG  -1 bgS  0.000 cS 12.447
G  0   78          YVDEELPDY  YVDEELPDY o  0 ip -99 il -99 dp -99 dl -99 HLA-A01:01 sS 12.850 bgG   2 bgS  5.906 cS  8.125
G  0   79          TTDFEDDEF  TTDFEDDEF o  0 ip -99 il -99 dp -99 dl -99 HLA-A01:01 sS 13.677 bgG  -1 bgS  0.000 cS 13.677
G  0   80         NTDPYKRAVY  NTDPKRAVY o  0 ip -99 il -99 dp   4 dl   1 HLA-A01:01 sS 17.010 bgG  -1 bgS  0.000 cS 17.010
G  0   81         RADDADEFGY  RADDADEFY o  0 ip -99 il -99 dp   8 dl   1 HLA-A01:01 sS 12.212 bgG  -1 bgS  0.000 cS 12.212
G  0   82           FTDKAASY  FTD-KAASY o  0 ip   3 il   1 dp -99 dl -99 HLA-A01:01 sS 16.222 bgG   2 bgS  2.989 cS 13.830
G  0   83         NTDLWIVMEY  NTDLIVMEY o  0 ip -99 il -99 dp   4 dl   1 HLA-A01:01 sS 10.985 bgG   2 bgS  1.995 cS  9.389
G  0   84          ETDPVENTY  ETDPVENTY o  0 ip -99 il -99 dp -99 dl -99 HLA-A01:01 sS 11.976 bgG   2 bgS  0.896 cS 11.260
G  0   85          LVEKSQLGY  LVEKSQLGY o  0 ip -99 il -99 dp -99 dl -99 HLA-A01:01 sS 14.049 bgG  -1 bgS  0.000 cS 14.049
G  0   86          YVDEYRNDY  YVDEYRNDY o  0 ip -99 il -99 dp -99 dl -99 HLA-A01:01 sS 13.771 bgG   2 bgS  5.952 cS  9.009
G  0   87          NTDFYQTSY  NTDFYQTSY o  0 ip -99 il -99 dp -99 dl -99 HLA-A01:01 sS 14.492 bgG  -1 bgS  0.000 cS 14.492
G  0   88        LTEVNKTGTQY  LTEVNKTGY o  0 ip -99 il -99 dp   8 dl   2 HLA-A01:01 sS 12.678 bgG  -1 bgS  0.000 cS 12.678
G  0   89          VVEDKVEGY  VVEDKVEGY o  0 ip -99 il -99 dp -99 dl -99 HLA-A01:01 sS 12.126 bgG   2 bgS  1.679 cS 10.783
G  0   90         KTDMEKLTFY  KTDEKLTFY o  0 ip -99 il -99 dp   3 dl   1 HLA-A01:01 sS 15.640 bgG   2 bgS  4.976 cS 11.659
G  0   91          TTEFLYNLY  TTEFLYNLY o  0 ip -99 il -99 dp -99 dl -99 HLA-A01:01 sS 18.685 bgG  -1 bgS  0.000 cS 18.685
G  0   92         TIDLGAAAHY  TIDLGAAHY o  0 ip -99 il -99 dp   5 dl   1 HLA-A01:01 sS 11.411 bgG  -1 bgS  0.000 cS 11.411
G  0   93          GTVYEDLRY  GTVYEDLRY o  0 ip -99 il -99 dp -99 dl -99 HLA-A01:01 sS  8.004 bgG  -1 bgS  0.000 cS  8.004
G  0   94          VLDRLTFDY  VLDRLTFDY o  0 ip -99 il -99 dp -99 dl -99 HLA-A01:01 sS 12.262 bgG   2 bgS  7.359 cS  6.374
G  0   95         TFNLEGSLIY  TFNEGSLIY o  0 ip -99 il -99 dp   3 dl   1 HLA-A01:01 sS  9.760 bgG   1 bgS  1.301 cS  8.719
## Sequence alignment for group 1
G  1    0          SLLDIDPLI  SLLDIDPLI o  0 ip -99 il -99 dp -99 dl -99 HLA-A02:01 sS  9.382 bgG   2 bgS  4.969 cS  5.406
G  1    1         GILGIQPPSV  GILGQPPSV o  0 ip -99 il -99 dp   4 dl   1 HLA-A02:01 sS 14.343 bgG   2 bgS  2.332 cS 12.477
G  1    2          ELFSSPPAV  ELFSSPPAV o  0 ip -99 il -99 dp -99 dl -99 HLA-A02:01 sS 15.896 bgG   2 bgS  0.109 cS 15.809
G  1    3          KQVSDLISV  KQVSDLISV o  0 ip -99 il -99 dp -99 dl -99 HLA-A02:01 sS  2.773 bgG   2 bgS  0.097 cS  2.696
G  1    4          ALARTALAL  ALARTALAL o  0 ip -99 il -99 dp -99 dl -99 HLA-A02:01 sS  8.234 bgG   2 bgS  1.708 cS  6.868
G  1    5         AVYEGHVSCV  AVYEGHVSV o  0 ip -99 il -99 dp   8 dl   1 HLA-A02:01 sS 11.380 bgG  -1 bgS  0.000 cS 11.380
G  1    6          ALYTGDPNL  ALYTGDPNL o  0 ip -99 il -99 dp -99 dl -99 HLA-A02:01 sS 14.611 bgG  -1 bgS  0.000 cS 14.611
G  1    7         YLLGLGPLEV  YLLGGPLEV o  0 ip -99 il -99 dp   4 dl   1 HLA-A02:01 sS 17.687 bgG   2 bgS  7.751 cS 11.486
G  1    8         SLLPEGPPAI  SLLEGPPAI o  0 ip -99 il -99 dp   3 dl   1 HLA-A02:01 sS 19.958 bgG   2 bgS  2.942 cS 17.605
G  1    9          ALYASRLYL  ALYASRLYL o  0 ip -99 il -99 dp -99 dl -99 HLA-A02:01 sS 10.601 bgG   0 bgS  0.152 cS 10.480
G  1   10          YLAERIPTL  YLAERIPTL o  0 ip -99 il -99 dp -99 dl -99 HLA-A02:01 sS 15.280 bgG   2 bgS 11.210 cS  6.312
G  1   11          FMYDRPLRL  FMYDRPLRL o  0 ip -99 il -99 dp -99 dl -99 HLA-A02:01 sS 13.684 bgG   2 bgS  5.971 cS  8.907
G  1   12         LLYEDIPDKV  LLYEDIPKV o  0 ip -99 il -99 dp   7 dl   1 HLA-A02:01 sS 16.235 bgG   2 bgS  8.507 cS  9.429
G  1   13          VLGEGVPIL  VLGEGVPIL o  0 ip -99 il -99 dp -99 dl -99 HLA-A02:01 sS 10.801 bgG   2 bgS  2.503 cS  8.798
G  1   14        ALLEQTGDMSL  ALLEGDMSL o  0 ip -99 il -99 dp   4 dl   2 HLA-A02:01 sS 16.891 bgG   2 bgS  4.818 cS 13.037
G  1   15        YLLPQQPPPSL  YLLQPPPSL o  0 ip -99 il -99 dp   3 dl   2 HLA-A02:01 sS 16.503 bgG   2 bgS  5.178 cS 12.361
G  1   16          AMFGKLMTI  AMFGKLMTI o  0 ip -99 il -99 dp -99 dl -99 HLA-A02:01 sS 10.280 bgG   2 bgS  4.412 cS  6.750
G  1   17          TMADQIVTV  TMADQIVTV o  0 ip -99 il -99 dp -99 dl -99 HLA-A02:01 sS  9.743 bgG   2 bgS  4.370 cS  6.247
G  1   18          YLWNTVSKL  YLWNTVSKL o  0 ip -99 il -99 dp -99 dl -99 HLA-A02:01 sS 10.335 bgG   2 bgS  4.355 cS  6.851
G  1   19          HLLNESPML  HLLNESPML o  0 ip -99 il -99 dp -99 dl -99 HLA-A02:01 sS 10.415 bgG   2 bgS  3.259 cS  7.808
G  1   20          KLLDGPPGV  KLLDGPPGV o  0 ip -99 il -99 dp -99 dl -99 HLA-A02:01 sS 20.302 bgG   2 bgS  3.505 cS 17.498
G  1   21         ALADGVVSQA  ALADGVVSA o  0 ip -99 il -99 dp   8 dl   1 HLA-A02:01 sS 12.099 bgG   2 bgS  1.282 cS 11.074
G  1   22        RLGEAEGLMKV  RLAEGLMKV o  0 ip -99 il -99 dp   2 dl   2 HLA-A02:01 sS 13.557 bgG   2 bgS  6.992 cS  7.964
G  1   23         SLFGGSVKLA  SLFGGSVKL o  0 ip -99 il -99 dp -99 dl -99 HLA-A02:01 sS 13.173 bgG   2 bgS  0.751 cS 12.572
G  1   24          TLIDSLDTL  TLIDSLDTL o  0 ip -99 il -99 dp -99 dl -99 HLA-A02:01 sS 10.883 bgG   2 bgS  3.333 cS  8.217
G  1   25          FLWERPTLL  FLWERPTLL o  0 ip -99 il -99 dp -99 dl -99 HLA-A02:01 sS 13.808 bgG   2 bgS  6.853 cS  8.325
G  1   26          KLFIGGLNV  KLFIGGLNV o  0 ip -99 il -99 dp -99 dl -99 HLA-A02:01 sS  7.478 bgG  -1 bgS  0.000 cS  7.478
G  1   27          NLIANVLYL  NLIANVLYL o  0 ip -99 il -99 dp -99 dl -99 HLA-A02:01 sS  6.767 bgG   2 bgS  1.316 cS  5.714
G  1   28          ILLDRLLYL  ILLDRLLYL o  0 ip -99 il -99 dp -99 dl -99 HLA-A02:01 sS 10.671 bgG   2 bgS  8.870 cS  3.575
G  1   29         TLGSFSGLRV  TLGSSGLRV o  0 ip -99 il -99 dp   4 dl   1 HLA-A02:01 sS  9.034 bgG   0 bgS  1.416 cS  7.901
G  1   30          ALLETMFGV  ALLETMFGV o  0 ip -99 il -99 dp -99 dl -99 HLA-A02:01 sS 10.033 bgG   2 bgS  8.092 cS  3.560
G  1   31          TIMKKVTSV  TIMKKVTSV o  0 ip -99 il -99 dp -99 dl -99 HLA-A02:01 sS  6.872 bgG   2 bgS  3.466 cS  4.099
G  1   32          TLEGTPVFV  TLEGTPVFV o  0 ip -99 il -99 dp -99 dl -99 HLA-A02:01 sS 10.397 bgG   2 bgS  4.444 cS  6.842
G  1   33          SLDGKAIKV  SLDGKAIKV o  0 ip -99 il -99 dp -99 dl -99 HLA-A02:01 sS  7.520 bgG   2 bgS  6.464 cS  2.348
G  1   34           FLGDGMGV  FLGDG-MGV o  0 ip   5 il   1 dp -99 dl -99 HLA-A02:01 sS 10.611 bgG   2 bgS  6.353 cS  5.528
G  1   35         TLIRVPIPQV  TLIRVPPQV o  0 ip -99 il -99 dp   6 dl   1 HLA-A02:01 sS 13.922 bgG   2 bgS  6.842 cS  8.448
G  1   36         LLWPGAALLV  LLWGAALLV o  0 ip -99 il -99 dp   3 dl   1 HLA-A02:01 sS  9.848 bgG   2 bgS  0.275 cS  9.628
G  1   37          HLYSEVKEV  HLYSEVKEV o  0 ip -99 il -99 dp -99 dl -99 HLA-A02:01 sS 10.662 bgG   2 bgS  4.801 cS  6.821
G  1   38          SLYGGTITI  SLYGGTITI o  0 ip -99 il -99 dp -99 dl -99 HLA-A02:01 sS 13.064 bgG  -1 bgS  0.000 cS 13.064
G  1   39        TLIELWEGLTV  TLIEEGLTV o  0 ip -99 il -99 dp   4 dl   2 HLA-A02:01 sS 12.978 bgG   2 bgS  2.230 cS 11.195
G  1   40         KLFSGVLMDL  KLFSGVLML o  0 ip -99 il -99 dp   8 dl   1 HLA-A02:01 sS 13.652 bgG  -1 bgS  0.000 cS 13.652
G  1   41          YILRELPKV  YILRELPKV o  0 ip -99 il -99 dp -99 dl -99 HLA-A02:01 sS 12.597 bgG   2 bgS  7.138 cS  6.886
G  1   42          ALYSAEHGL  ALYSAEHGL o  0 ip -99 il -99 dp -99 dl -99 HLA-A02:01 sS  6.711 bgG   2 bgS  2.869 cS  4.415
G  1   43          SLLESVQKL  SLLESVQKL o  0 ip -99 il -99 dp -99 dl -99 HLA-A02:01 sS 12.768 bgG   2 bgS  7.226 cS  6.987
G  1   44         KLLEPVPVSV  KLLEPVPSV o  0 ip -99 il -99 dp   7 dl   1 HLA-A02:01 sS 17.943 bgG   2 bgS  7.230 cS 12.159
G  1   45        RMLEDRDLFVM  RMLERDLFV o  0 ip -99 il -99 dp   4 dl   1 HLA-A02:01 sS  9.779 bgG   2 bgS  7.146 cS  4.062
G  1   46          SLAESLDQA  SLAESLDQA o  0 ip -99 il -99 dp -99 dl -99 HLA-A02:01 sS  7.688 bgG   2 bgS  6.416 cS  2.556
G  1   47        DLDLESPKSLY  DLLESPKSL o  0 ip -99 il -99 dp   2 dl   1 HLA-A01:01 sS 13.471 bgG   0 bgS 13.036 cS  3.043
G  1   48          LLLAAPAQA  LLLAAPAQA o  0 ip -99 il -99 dp -99 dl -99 HLA-A02:01 sS  6.291 bgG   2 bgS  5.399 cS  1.972
## Sequence alignment for group 2
G  2    0          ALQEKLQYL  ALQEKLQYL o  0 ip -99 il -99 dp -99 dl -99 HLA-A02:01 sS 11.766 bgG   1 bgS  9.383 cS  4.259
G  2    1          LLLDMQNRL  LLLDMQNRL o  0 ip -99 il -99 dp -99 dl -99 HLA-A02:01 sS  8.993 bgG   1 bgS  3.415 cS  6.261
G  2    2          KLQLVEMPL  KLQLVEMPL o  0 ip -99 il -99 dp -99 dl -99 HLA-A02:01 sS  6.297 bgG  -1 bgS  0.000 cS  6.297
G  2    3          FLLWATAEA  FLLWATAEA o  0 ip -99 il -99 dp -99 dl -99 HLA-A02:01 sS  5.686 bgG   1 bgS  1.632 cS  4.381
G  2    4          YLEEDVYQL  YLEEDVYQL o  0 ip -99 il -99 dp -99 dl -99 HLA-A02:01 sS 13.966 bgG   1 bgS  9.764 cS  6.154
G  2    5        YLAEKYEWDVA  YLAEKYEWV o  0 ip -99 il -99 dp   8 dl   1 HLA-A02:01 sS 13.728 bgG   1 bgS  6.097 cS  8.850
G  2    6          HIAEVSQEV  HIAEVSQEV o  0 ip -99 il -99 dp -99 dl -99 HLA-A02:01 sS  6.979 bgG   1 bgS  4.866 cS  3.086
G  2    7          AMNGHTAAV  AMNGHTAAV o  0 ip -99 il -99 dp -99 dl -99 HLA-A02:01 sS  7.685 bgG   1 bgS  3.002 cS  5.284
G  2    8          FLLFINHRL  FLLFINHRL o  0 ip -99 il -99 dp -99 dl -99 HLA-A02:01 sS 11.058 bgG   1 bgS  1.179 cS 10.115
G  2    9          SLDDFQAWL  SLDDFQAWL o  0 ip -99 il -99 dp -99 dl -99 HLA-A02:01 sS  9.733 bgG   0 bgS  3.911 cS  6.605
G  2   10          GLDNINVFL  GLDNINVFL o  0 ip -99 il -99 dp -99 dl -99 HLA-A02:01 sS  8.121 bgG   1 bgS  1.135 cS  7.212
G  2   11          YLKELLNLA  YLKELLNLA o  0 ip -99 il -99 dp -99 dl -99 HLA-A02:01 sS 10.484 bgG   1 bgS  0.776 cS  9.863
G  2   12          VLFGLLREV  VLFGLLREV o  0 ip -99 il -99 dp -99 dl -99 HLA-A02:01 sS  9.293 bgG   1 bgS  5.156 cS  5.168
G  2   13          LMNPNIASV  LMNPNIASV o  0 ip -99 il -99 dp -99 dl -99 HLA-A02:01 sS  8.019 bgG   1 bgS  1.869 cS  6.524
G  2   14          YLKEILEQL  YLKEILEQL o  0 ip -99 il -99 dp -99 dl -99 HLA-A02:01 sS 18.048 bgG   1 bgS  6.092 cS 13.174
G  2   15          LLLPDYYLV  LLLPDYYLV o  0 ip -99 il -99 dp -99 dl -99 HLA-A02:01 sS  8.611 bgG   1 bgS  2.184 cS  6.864
G  2   16          LLLKYTEKL  LLLKYTEKL o  0 ip -99 il -99 dp -99 dl -99 HLA-A02:01 sS  9.722 bgG   1 bgS  3.644 cS  6.806
G  2   17          TLQEFLERI  TLQEFLERI o  0 ip -99 il -99 dp -99 dl -99 HLA-A02:01 sS 12.240 bgG   1 bgS  3.579 cS  9.377
G  2   18          NLLKLIAEV  NLLKLIAEV o  0 ip -99 il -99 dp -99 dl -99 HLA-A02:01 sS 11.664 bgG   1 bgS  5.280 cS  7.440
G  2   19          FVDDYTVRV  FVDDYTVRV o  0 ip -99 il -99 dp -99 dl -99 HLA-A01:01 sS 11.662 bgG   0 bgS  6.730 cS  6.277
G  2   20          ILNEIVNFV  ILNEIVNFV o  0 ip -99 il -99 dp -99 dl -99 HLA-A02:01 sS 13.425 bgG   1 bgS  2.984 cS 11.038
G  2   21          FLNQVLAEI  FLNQVLAEI o  0 ip -99 il -99 dp -99 dl -99 HLA-A02:01 sS 16.494 bgG   1 bgS  1.750 cS 15.095
G  2   22          VLQGKLAEV  VLQGKLAEV o  0 ip -99 il -99 dp -99 dl -99 HLA-A02:01 sS 13.992 bgG   1 bgS  5.957 cS  9.226
G  2   23          ALNNLLHSL  ALNNLLHSL o  0 ip -99 il -99 dp -99 dl -99 HLA-A02:01 sS 12.539 bgG   1 bgS  5.095 cS  8.463
G  2   24          FVDERPEEV  FVDERPEEV o  0 ip -99 il -99 dp -99 dl -99 HLA-A02:01 sS 12.312 bgG   1 bgS  7.402 cS  6.390
G  2   25         FLDPRPLTVV  FLDPRLTVV o  0 ip -99 il -99 dp   5 dl   1 HLA-A02:01 sS 13.264 bgG   0 bgS  7.366 cS  7.371
G  2   26          YLEEYKFQV  YLEEYKFQV o  0 ip -99 il -99 dp -99 dl -99 HLA-A02:01 sS 13.971 bgG   1 bgS  5.831 cS  9.307
G  2   27          YLAKLIFQM  YLAKLIFQM o  0 ip -99 il -99 dp -99 dl -99 HLA-A02:01 sS 13.024 bgG   1 bgS  4.131 cS  9.720
G  2   28          FLLEKGYEV  FLLEKGYEV o  0 ip -99 il -99 dp -99 dl -99 HLA-A02:01 sS 13.855 bgG   1 bgS  9.812 cS  6.006
G  2   29          ALPEIFTEL  ALPEIFTEL o  0 ip -99 il -99 dp -99 dl -99 HLA-A02:01 sS 10.040 bgG   1 bgS  3.463 cS  7.270
G  2   30          KVASLLHQV  KVASLLHQV o  0 ip -99 il -99 dp -99 dl -99 HLA-A02:01 sS 10.141 bgG   1 bgS  4.696 cS  6.384
G  2   31          FLNDIFERI  FLNDIFERI o  0 ip -99 il -99 dp -99 dl -99 HLA-A02:01 sS 16.304 bgG   0 bgS  1.537 cS 15.075
G  2   32          LLDRFLATV  LLDRFLATV o  0 ip -99 il -99 dp -99 dl -99 HLA-A02:01 sS 11.469 bgG   1 bgS  2.866 cS  9.176
G  2   33          GLSSLSIHL  GLSSLSIHL o  0 ip -99 il -99 dp -99 dl -99 HLA-A02:01 sS  5.405 bgG   1 bgS  1.149 cS  4.486
G  2   34          MLDEILLQL  MLDEILLQL o  0 ip -99 il -99 dp -99 dl -99 HLA-A02:01 sS 14.439 bgG   1 bgS  7.080 cS  8.775
G  2   35          FLTRIISQL  FLTRIISQL o  0 ip -99 il -99 dp -99 dl -99 HLA-A02:01 sS 12.221 bgG   1 bgS  3.630 cS  9.316
G  2   36          ILNPLLTLL  ILNPLLTLL o  0 ip -99 il -99 dp -99 dl -99 HLA-A02:01 sS 12.466 bgG   0 bgS  1.996 cS 10.869
G  2   37          FIEALLPHV  FIEALLPHV o  0 ip -99 il -99 dp -99 dl -99 HLA-A02:01 sS  8.707 bgG   1 bgS  4.256 cS  5.302
G  2   38          FMDKLGENL  FMDKLGENL o  0 ip -99 il -99 dp -99 dl -99 HLA-A02:01 sS 10.531 bgG   0 bgS  5.631 cS  6.026
G  2   39          KLQNLNIFL  KLQNLNIFL o  0 ip -99 il -99 dp -99 dl -99 HLA-A02:01 sS  7.988 bgG   1 bgS  1.575 cS  6.728
G  2   40          KLGDLFFRV  KLGDLFFRV o  0 ip -99 il -99 dp -99 dl -99 HLA-A02:01 sS  9.978 bgG   1 bgS  3.657 cS  7.053
G  2   41          KLNPQQFEV  KLNPQQFEV o  0 ip -99 il -99 dp -99 dl -99 HLA-A02:01 sS 12.211 bgG   1 bgS  1.294 cS 11.176
G  2   42          ALMPVLNQV  ALMPVLNQV o  0 ip -99 il -99 dp -99 dl -99 HLA-A02:01 sS 12.634 bgG   1 bgS  5.454 cS  8.271
G  2   43          GLLGYLHFV  GLLGYLHFV o  0 ip -99 il -99 dp -99 dl -99 HLA-A02:01 sS 10.538 bgG   1 bgS  7.070 cS  4.882
G  2   44          VLTEHVAAA  VLTEHVAAA o  0 ip -99 il -99 dp -99 dl -99 HLA-A02:01 sS  5.800 bgG   1 bgS  2.867 cS  3.506
G  2   45          FLLPKFHGV  FLLPKFHGV o  0 ip -99 il -99 dp -99 dl -99 HLA-A02:01 sS 12.329 bgG   1 bgS  5.830 cS  7.665
G  2   46          KLQIVEMPL  KLQIVEMPL o  0 ip -99 il -99 dp -99 dl -99 HLA-A02:01 sS  5.097 bgG  -1 bgS  0.000 cS  5.097
G  2   47        FLNGGILNYMI  FLNGILNYM o  0 ip -99 il -99 dp   3 dl   1 HLA-A02:01 sS 13.952 bgG   1 bgS  1.026 cS 13.131
G  2   48          VLIKDLFHI  VLIKDLFHI o  0 ip -99 il -99 dp -99 dl -99 HLA-A02:01 sS  7.364 bgG   1 bgS  4.792 cS  3.530
G  2   49         LLLPDYYLVT  LLLPDYYLV o  0 ip -99 il -99 dp -99 dl -99 HLA-A02:01 sS  8.611 bgG   1 bgS  2.184 cS  6.864
G  2   50          ITDYLIEEV  ITDYLIEEV o  0 ip -99 il -99 dp -99 dl -99 HLA-A01:01 sS  7.357 bgG   0 bgS  6.075 cS  2.497
G  2   51         YLFDEIDQAL  YLDEIDQAL o  0 ip -99 il -99 dp   2 dl   1 HLA-A02:01 sS 13.064 bgG   1 bgS  5.982 cS  8.279
G  2   52        KLLCGLLAERL  LLCGLLAEL o  1 ip -99 il -99 dp   8 dl   1 HLA-A02:01 sS 11.821 bgG   1 bgS  4.904 cS  7.898
G  2   53         FLSLINVGLI  FLSLINVGL o  0 ip -99 il -99 dp -99 dl -99 HLA-A02:01 sS  6.224 bgG  -1 bgS  0.000 cS  6.224
G  2   54         YLDGRLEPLY  YLDGRLEPL o  0 ip -99 il -99 dp -99 dl -99 HLA-A01:01 sS 15.069 bgG   1 bgS  5.232 cS 10.884
# group 0, size 96: Final KLD sum after 40000 epochs - 13.076664
# group 1, size 49: Final KLD sum after 40000 epochs - 8.426529
# group 2, size 55: Final KLD sum after 40000 epochs - 7.617801
#
# Final number of non-empty clusters: 3

### Final KLD sum after 40000 iterations: 10.436193
