# /Users/marinabarrueco/Downloads/gibbscluster-2.0/bin/gibbs_cluster_1.2.2_DB.Darwin_x86_64 -l 9 -g 4 -ts 1.5 -blf /Users/marinabarrueco/Downloads/gibbscluster-2.0/data/blosum%i.freq_rownorm -blm 62 -base 0 -bg 1 -i 10 -s 1 -nt 20 -fr 20 -fs 100 -wlc 200 -swt 0 -lambda 0.8 -dlen 0 -ilen 0 -findels 10 -sigma 5 /Users/marinabarrueco/Downloads/gibbscluster-2.0/test/gibbs_41950/data/pepdata.txt
# Thu Jan 30 15:28:37 2025
# User: marinabarrueco
# PWD : /Users/marinabarrueco/Downloads/gibbscluster-2.0/test
# Host: Darwin MacBook-Air-de-Marina.local 23.6.0 x86_64
# -l       9                    Motif length
# -g       4                    Number of initial clusters
# -ts      1.500000             Start temperature
# -blf     /Users/marinabarrueco/Downloads/gibbscluster-2.0/data/blosum%i.freq_rownorm Real value blosum matrix filename
# -blm     62                   Blosum matrix number
# -base    0.000000             Baseline value to discard to trash
# -bg      1                    [0] Flat (0.05) [1] Precalculated [2] From data
# -i       10                   Number of iterations per train example
# -s       1                    Seed [-1] Default, [0] Time [>0] Specific seed
# -nt      20                   Number of temperature steps
# -fr      20                   Interval between Single sequence moves (if -mhc1 == 1)
# -fs      100                  Interval between Phase shift moves
# -wlc     200.000000           Weigth on low count
# -swt     0                    [0] 1/ns [1] Clustering [2] No sequence weighting
# -lambda  0.800000             Penalty factor for overlapping clusters
# -dlen    0                    Max length of deletions
# -ilen    0                    Max length of insertions
# -findels 10                   Interval between Indel moves
# -sigma   5.000000             Weight on blosum for small cluster confidence
# Command line parameters set to:
#	[-l int]             9                    Motif length
#	[-g int]             4                    Number of initial clusters
#	[-trash]             0                    Use trash cluster to remove outliers
#	[-i int]             10                   Number of iterations per train example
#	[-s int]             1                    Seed [-1] Default, [0] Time [>0] Specific seed
#	[-f filename]        0                    File for frequency matrices
#	[-m filename]        0                    File for log-odds matrices
#	[-a filename]        aln.txt              File for multiple alignments
#	[-pc]                0                    Print core of alignment
#	[-c filename]        core.txt             File for core
#	[-alp string]        ARNDCQEGHILKMFPSTWYV Amino acid alphabet
#	[-bg int]            1                    [0] Flat (0.05) [1] Precalculated [2] From data
#	[-base float]        0.000000             Baseline value to discard to trash
#	[-mhc1]              0                    Use peptides of fixed length, no window shift
#	[-ts float]          1.500000             Start temperature
#	[-te float]          0.000010             Final temperature
#	[-nt int]            20                   Number of temperature steps
#	[-ms int]            3                    Max phase shift distance
#	[-fs int]            100                  Interval between Phase shift moves
#	[-findels int]       10                   Interval between Indel moves
#	[-fr int]            20                   Interval between Single sequence moves (if -mhc1 == 1)
#	[-lambda float]      0.800000             Penalty factor for overlapping clusters
#	[-sigma float]       5.000000             Weight on blosum for small cluster confidence
#	[-noph]              0                    Exclude phase shift move
#	[-r float]           5.000000             Scale factor for phase shift moves
#	[-wlc float]         200.000000           Weigth on low count
#	[-blf filename]      /Users/marinabarrueco/Downloads/gibbscluster-2.0/data/blosum%i.freq_rownorm Real value blosum matrix filename
#	[-blm int]           62                   Blosum matrix number
#	[-cX int]            1                    [0] Count X as A, [1] Exclude X from count
#	[-v]                 0                    Verbose mode
#	[-debug]             0                    Debug model
#	[-cthr float]        0.620000             Clustering threshold for sequence weighting
#	[-swt int]           0                    [0] 1/ns [1] Clustering [2] No sequence weighting
#	[-w string]          1,3,1,1,1,1,1,1,3    Weigths on positions
#	[-iw]                0                    Include weights on positions
#	[-noc float]         0.000000             Log-odds score assignment to no count elements
#	[-p1a]               0                    Allow only Hydrophobic AA at P1
#	[-p1l filename]      ILVMFYW              Allowed letters at P1 [Only with -p1a option]
#	[-factor float]      2.885400             Scale factor for matrix 2/log2
#	[-cntthr int]        0                    Low bound for amino acids counts to include in matrix
#	[-p1s]               0                    Penalize disallowed P1 amino acids in shift
#	[-pkld]              0                    Print KLD list (file to -kldf)
#	[-kldf string]       kldfq.txt            Print complete list of KLD values to specified file
#	[-kldq int]          1000                 Total datapoints when printing KLDs
#	[-ilen int]          0                    Max length of insertions
#	[-dlen int]          0                    Max length of deletions
#	[-xc]                0                    Exclude final check of all peptides to clusters
# Random seed is 1
# Read 200 elements on seqlist /Users/marinabarrueco/Downloads/gibbscluster-2.0/test/gibbs_41950/data/pepdata.txt
# Number of temperature steps 20 dt 0.078947
# Back ground frequences
# 0 A  0.07400
# 1 R  0.05200
# 2 N  0.04500
# 3 D  0.05400
# 4 C  0.02500
# 5 Q  0.03400
# 6 E  0.05400
# 7 G  0.07400
# 8 H  0.02600
# 9 I  0.06800
# 10 L  0.09900
# 11 K  0.05800
# 12 M  0.02500
# 13 F  0.04700
# 14 P  0.03900
# 15 S  0.05700
# 16 T  0.05100
# 17 W  0.01300
# 18 Y  0.03200
# 19 V  0.07300
# Read_realblosum done. Alphabet ARNDCQEGHILKMFPSTWYV
# G 0 50
# G 1 50
# G 2 50
# G 3 50
### Initial alignments weighed KLD sum 0.000000

# Doing temprature step 0 1.500000
# Doing temprature step 1 1.421053
# Doing temprature step 2 1.342106
# Doing temprature step 3 1.263160
# Doing temprature step 4 1.184213
# Doing temprature step 5 1.105266
# Doing temprature step 6 1.026319
# Doing temprature step 7 0.947372
# Doing temprature step 8 0.868425
# Doing temprature step 9 0.789479
# Doing temprature step 10 0.710532
# Doing temprature step 11 0.631585
# Doing temprature step 12 0.552638
# Doing temprature step 13 0.473691
# Doing temprature step 14 0.394744
# Doing temprature step 15 0.315798
# Doing temprature step 16 0.236851
# Doing temprature step 17 0.157904
# Doing temprature step 18 0.078957
# Doing temprature step 19 0.000010
## Sequence alignment for group 0
G  0    0  QRFYPIVIAPAMNEDSH  APAMNEDSH o  8 ip -99 il -99 dp -99 dl -99    Peplist sS  8.782 bgG   2 bgS  3.338 cS  6.111
G  0    1     RHLTPKFTRMVVSN  TPKFTRMVV o  3 ip -99 il -99 dp -99 dl -99    Peplist sS 10.793 bgG   2 bgS  8.603 cS  3.911
G  0    2          APALATGSF  APALATGSF o  0 ip -99 il -99 dp -99 dl -99    Peplist sS 10.126 bgG  -1 bgS  0.000 cS 10.126
G  0    3      NWCIPKRNRSILP  IPKRNRSIL o  3 ip -99 il -99 dp -99 dl -99    Peplist sS 13.941 bgG   2 bgS  3.122 cS 11.443
G  0    4       MRPFNNILNLSQ  RPFNNILNL o  1 ip -99 il -99 dp -99 dl -99    Peplist sS  6.712 bgG   2 bgS  3.387 cS  4.002
G  0    5        CPIGENSPLQK  CPIGENSPL o  0 ip -99 il -99 dp -99 dl -99    Peplist sS 10.731 bgG   1 bgS  6.732 cS  5.346
G  0    6     VMADPIPRRNVATL  IPRRNVATL o  5 ip -99 il -99 dp -99 dl -99    Peplist sS 14.304 bgG   3 bgS  7.367 cS  8.410
G  0    7       PCYKPESRPFDL  CYKPESRPF o  1 ip -99 il -99 dp -99 dl -99    Peplist sS 11.732 bgG  -1 bgS  0.000 cS 11.732
G  0    8   WCDQLPLMMLSPLLDK  LPLMMLSPL o  4 ip -99 il -99 dp -99 dl -99    Peplist sS 12.236 bgG   2 bgS  6.469 cS  7.061
G  0    9   RGRIYKRSLKLDDLLS  RGRIYKRSL o  0 ip -99 il -99 dp -99 dl -99    Peplist sS  8.324 bgG   1 bgS  6.512 cS  3.114
G  0   10      FCHNISFKSINKQ  CHNISFKSI o  1 ip -99 il -99 dp -99 dl -99    Peplist sS  3.084 bgG   1 bgS  6.332 cS -1.982
G  0   11   RKGSMLPQIGGEAIKY  LPQIGGEAI o  5 ip -99 il -99 dp -99 dl -99    Peplist sS 12.416 bgG   1 bgS  1.317 cS 11.363
G  0   12 INSNDFPVRPQVPITRCCC  FPVRPQVPI o  5 ip -99 il -99 dp -99 dl -99    Peplist sS 11.123 bgG   3 bgS  9.213 cS  3.752
G  0   13     GWSDLPPFTQHLLG  LPPFTQHLL o  4 ip -99 il -99 dp -99 dl -99    Peplist sS 14.085 bgG   3 bgS  8.388 cS  7.374
G  0   14 ESYSLPRPDTRHLHVWLN  LPRPDTRHL o  4 ip -99 il -99 dp -99 dl -99    Peplist sS 15.250 bgG   2 bgS  6.071 cS 10.393
G  0   15     AHWNYFPAPRAETL  FPAPRAETL o  5 ip -99 il -99 dp -99 dl -99    Peplist sS 13.114 bgG   3 bgS 13.221 cS  2.537
G  0   16       PAIPSIQSRGLI  IPSIQSRGL o  2 ip -99 il -99 dp -99 dl -99    Peplist sS 14.283 bgG   2 bgS  2.103 cS 12.600
G  0   17  LVPKLMEEYLRRMDSVK  VPKLMEEYL o  1 ip -99 il -99 dp -99 dl -99    Peplist sS 12.366 bgG   1 bgS  5.795 cS  7.730
G  0   18    CTVHQLPAIIRPSFW  LPAIIRPSF o  5 ip -99 il -99 dp -99 dl -99    Peplist sS 13.958 bgG   2 bgS 10.851 cS  5.277
G  0   19      HIRLHQQALGCAQ  HIRLHQQAL o  0 ip -99 il -99 dp -99 dl -99    Peplist sS  5.031 bgG   1 bgS  2.263 cS  3.221
G  0   20  TRPLRMPAYIRNTLYQA  MPAYIRNTL o  5 ip -99 il -99 dp -99 dl -99    Peplist sS 13.144 bgG   2 bgS 11.159 cS  4.217
G  0   21    NHCRPRQIAMSLFIM  RPRQIAMSL o  3 ip -99 il -99 dp -99 dl -99    Peplist sS 15.914 bgG   2 bgS  7.922 cS  9.576
G  0   22         HPAAMPHLLN  HPAAMPHLL o  0 ip -99 il -99 dp -99 dl -99    Peplist sS 12.465 bgG   3 bgS  1.347 cS 11.387
G  0   23   PTVACPKVSFEPIYSM  CPKVSFEPI o  4 ip -99 il -99 dp -99 dl -99    Peplist sS 14.573 bgG   2 bgS  6.635 cS  9.265
G  0   24       ATRIPLGGNGAM  IPLGGNGAM o  3 ip -99 il -99 dp -99 dl -99    Peplist sS  8.415 bgG   2 bgS  0.618 cS  7.920
G  0   25  CLKDIIGPMFSGKVLDE  GPMFSGKVL o  6 ip -99 il -99 dp -99 dl -99    Peplist sS  7.382 bgG   2 bgS  3.572 cS  4.524
G  0   26     GLSPSKRNQTFIPW  SPSKRNQTF o  2 ip -99 il -99 dp -99 dl -99    Peplist sS  8.121 bgG   2 bgS  3.964 cS  4.949
G  0   27     RPPIFIRRLPSCHN  RPPIFIRRL o  0 ip -99 il -99 dp -99 dl -99    Peplist sS 10.111 bgG   2 bgS  5.630 cS  5.607
G  0   28      EYRVRSLAKSLHW  RVRSLAKSL o  2 ip -99 il -99 dp -99 dl -99    Peplist sS  5.633 bgG   3 bgS  3.750 cS  2.634
G  0   29      GTEDAPKRPPSAF  APKRPPSAF o  4 ip -99 il -99 dp -99 dl -99    Peplist sS  9.874 bgG   3 bgS  5.140 cS  5.762
G  0   30       QIPAFYTPTARV  IPAFYTPTA o  1 ip -99 il -99 dp -99 dl -99    Peplist sS  7.177 bgG   3 bgS  7.176 cS  1.436
G  0   31       YPSLMSRVVAVM  YPSLMSRVV o  0 ip -99 il -99 dp -99 dl -99    Peplist sS 12.646 bgG   3 bgS  2.815 cS 10.394
G  0   32     RPNRQLGSMHTSKY  RPNRQLGSM o  0 ip -99 il -99 dp -99 dl -99    Peplist sS 11.453 bgG   1 bgS  5.970 cS  6.677
G  0   33       KLAQVRRAMCAD  KLAQVRRAM o  0 ip -99 il -99 dp -99 dl -99    Peplist sS  7.384 bgG   2 bgS  4.000 cS  4.184
G  0   34       VPHISRQRLPWL  VPHISRQRL o  0 ip -99 il -99 dp -99 dl -99    Peplist sS 11.338 bgG   1 bgS  5.696 cS  6.781
G  0   35    GSYGPATAQMALPDY  GPATAQMAL o  3 ip -99 il -99 dp -99 dl -99    Peplist sS 10.796 bgG   1 bgS  2.985 cS  8.408
G  0   36   AHRDCLPTWLGAAIEW  LPTWLGAAI o  5 ip -99 il -99 dp -99 dl -99    Peplist sS  7.006 bgG   2 bgS  4.999 cS  3.007
G  0   37     FFPPTSFGPLPAWD  FPPTSFGPL o  1 ip -99 il -99 dp -99 dl -99    Peplist sS 12.719 bgG   3 bgS  2.058 cS 11.073
G  0   38       NELPNVDLTTMM  LPNVDLTTM o  2 ip -99 il -99 dp -99 dl -99    Peplist sS  8.270 bgG   2 bgS  2.085 cS  6.602
G  0   39   FTEAQPKPGTRMVPCT  QPKPGTRMV o  4 ip -99 il -99 dp -99 dl -99    Peplist sS  9.303 bgG   3 bgS  6.345 cS  4.227
G  0   40    VFIGFPPGTSLTISD  FPPGTSLTI o  4 ip -99 il -99 dp -99 dl -99    Peplist sS  9.445 bgG   3 bgS  1.183 cS  8.499
G  0   41    MKSMNLPEFERRTLQ  LPEFERRTL o  5 ip -99 il -99 dp -99 dl -99    Peplist sS 16.371 bgG   1 bgS  3.086 cS 13.902
G  0   42     SFLPRRSLKAFDSK  LPRRSLKAF o  2 ip -99 il -99 dp -99 dl -99    Peplist sS 15.025 bgG   3 bgS  5.393 cS 10.711
G  0   43          FPRGQGVPI  FPRGQGVPI o  0 ip -99 il -99 dp -99 dl -99    Peplist sS 13.610 bgG  -1 bgS  0.000 cS 13.610
G  0   44     DFDNQRPNMSRHHF  RPNMSRHHF o  5 ip -99 il -99 dp -99 dl -99    Peplist sS 14.957 bgG   3 bgS  4.327 cS 11.496
G  0   45    VISPEQTQTYNIGKF  SPEQTQTYN o  2 ip -99 il -99 dp -99 dl -99    Peplist sS  4.773 bgG   1 bgS  3.732 cS  1.787
G  0   46 MYMVYVPHVIEEVMRLSL  IEEVMRLSL o  9 ip -99 il -99 dp -99 dl -99    Peplist sS  5.212 bgG   1 bgS  5.156 cS  1.088
G  0   47        RPNITSTALSV  RPNITSTAL o  0 ip -99 il -99 dp -99 dl -99    Peplist sS 16.263 bgG   2 bgS  2.376 cS 14.362
G  0   48      IKRQGSTPLWNQA  IKRQGSTPL o  0 ip -99 il -99 dp -99 dl -99    Peplist sS  9.577 bgG   3 bgS  4.218 cS  6.202
G  0   49   IEITPFGQQRVFYIYW  TPFGQQRVF o  3 ip -99 il -99 dp -99 dl -99    Peplist sS 10.273 bgG   2 bgS  6.977 cS  4.692
G  0   50         KLRETGAPLP  KLRETGAPL o  0 ip -99 il -99 dp -99 dl -99    Peplist sS  7.460 bgG  -1 bgS  0.000 cS  7.460
G  0   51   LHDIVRTNRNELLLMK  IVRTNRNEL o  3 ip -99 il -99 dp -99 dl -99    Peplist sS  5.102 bgG   3 bgS  2.095 cS  3.426
G  0   52    ALANMTDAIRTLKKH  ALANMTDAI o  0 ip -99 il -99 dp -99 dl -99    Peplist sS  3.797 bgG   1 bgS  4.454 cS  0.234
G  0   53          RARIKTRLF  RARIKTRLF o  0 ip -99 il -99 dp -99 dl -99    Peplist sS  7.964 bgG   2 bgS  5.236 cS  3.775
G  0   54      QNPANKEESIHCI  NPANKEESI o  1 ip -99 il -99 dp -99 dl -99    Peplist sS  8.018 bgG   2 bgS  3.230 cS  5.434
G  0   55 FRDHGATSIYTIERAPMFW  IYTIERAPM o  8 ip -99 il -99 dp -99 dl -99    Peplist sS  9.210 bgG   1 bgS  8.998 cS  2.011
G  0   56       MHLAAAQGQAPL  AAAQGQAPL o  3 ip -99 il -99 dp -99 dl -99    Peplist sS  9.311 bgG  -1 bgS  0.000 cS  9.311
G  0   57     LAGLPYPQPQPFML  LPYPQPQPF o  3 ip -99 il -99 dp -99 dl -99    Peplist sS 12.215 bgG   1 bgS  4.480 cS  8.631
G  0   58     LRPQASGVYMSADT  RPQASGVYM o  1 ip -99 il -99 dp -99 dl -99    Peplist sS  8.206 bgG   2 bgS  7.516 cS  2.193
G  0   59   KTKPFRMVSLVGCWNA  KPFRMVSLV o  2 ip -99 il -99 dp -99 dl -99    Peplist sS  6.741 bgG   2 bgS  2.549 cS  4.701
G  0   60          MPREDAHFI  MPREDAHFI o  0 ip -99 il -99 dp -99 dl -99    Peplist sS  8.740 bgG  -1 bgS  0.000 cS  8.740
G  0   61         RERLSRMAIK  RERLSRMAI o  0 ip -99 il -99 dp -99 dl -99    Peplist sS  9.196 bgG   3 bgS  0.978 cS  8.413
G  0   62     HEPVYPGIKVRQLT  YPGIKVRQL o  4 ip -99 il -99 dp -99 dl -99    Peplist sS  7.145 bgG   2 bgS  5.444 cS  2.789
G  0   63     VNSPADERAVANFW  SPADERAVA o  2 ip -99 il -99 dp -99 dl -99    Peplist sS  8.015 bgG   2 bgS  5.204 cS  3.851
G  0   64       KPNELSLALSEG  KPNELSLAL o  0 ip -99 il -99 dp -99 dl -99    Peplist sS  9.836 bgG   2 bgS  2.818 cS  7.582
G  0   65        MPTDGLVGFCF  MPTDGLVGF o  0 ip -99 il -99 dp -99 dl -99    Peplist sS  5.757 bgG   2 bgS  2.572 cS  3.699
G  0   66 ECCGVPWSKILAYNADPI  ILAYNADPI o  9 ip -99 il -99 dp -99 dl -99    Peplist sS  5.996 bgG   1 bgS  5.621 cS  1.498
G  0   67  FESMTLVPVLEKALMPK  VPVLEKALM o  6 ip -99 il -99 dp -99 dl -99    Peplist sS  7.214 bgG   1 bgS  6.594 cS  1.939
G  0   68    FPKYTMKPHTFNKCY  FPKYTMKPH o  0 ip -99 il -99 dp -99 dl -99    Peplist sS 10.799 bgG   3 bgS  6.834 cS  5.332
G  0   69    GLPTRCRLEIVHGMG  LPTRCRLEI o  1 ip -99 il -99 dp -99 dl -99    Peplist sS  6.658 bgG   2 bgS  6.377 cS  1.557
G  0   70    GRSIAMLKSKRDALQ  MLKSKRDAL o  5 ip -99 il -99 dp -99 dl -99    Peplist sS  5.781 bgG   3 bgS  4.365 cS  2.289
G  0   71         HPSDGKCNLN  HPSDGKCNL o  0 ip -99 il -99 dp -99 dl -99    Peplist sS  6.687 bgG   2 bgS  2.898 cS  4.368
G  0   72        IAPLLSAGIFH  APLLSAGIF o  1 ip -99 il -99 dp -99 dl -99    Peplist sS  5.464 bgG   2 bgS  3.942 cS  2.310
G  0   73    KNQNGVYPSFMSRPH  YPSFMSRPH o  6 ip -99 il -99 dp -99 dl -99    Peplist sS 16.049 bgG   1 bgS  6.607 cS 10.763
G  0   74 QRIRSPRTLNAWVNYVAT  SPRTLNAWV o  4 ip -99 il -99 dp -99 dl -99    Peplist sS  5.974 bgG   3 bgS  6.947 cS  0.417
G  0   75   REFPSIFSTEVHSVAG  FPSIFSTEV o  2 ip -99 il -99 dp -99 dl -99    Peplist sS  9.014 bgG   2 bgS  6.442 cS  3.861
G  0   76        RPVPISHLYIL  RPVPISHLY o  0 ip -99 il -99 dp -99 dl -99    Peplist sS  6.995 bgG   2 bgS  6.393 cS  1.881
G  0   77   RTMSGLPAIVREAIEE  LPAIVREAI o  5 ip -99 il -99 dp -99 dl -99    Peplist sS 14.247 bgG   1 bgS  4.888 cS 10.337
G  0   78    SPNMSLLRDNRAALL  LLRDNRAAL o  5 ip -99 il -99 dp -99 dl -99    Peplist sS  8.995 bgG   2 bgS  4.969 cS  5.019
G  0   79    TCIPTFLQEALYHKF  IPTFLQEAL o  2 ip -99 il -99 dp -99 dl -99    Peplist sS 14.400 bgG   2 bgS  5.787 cS  9.770
G  0   80   WHPAQLFKPLTKKFMD  HPAQLFKPL o  1 ip -99 il -99 dp -99 dl -99    Peplist sS 16.197 bgG   1 bgS  9.064 cS  8.945
G  0   81     WQGIKLRHGQRSLF  KLRHGQRSL o  4 ip -99 il -99 dp -99 dl -99    Peplist sS  8.090 bgG   3 bgS  6.527 cS  2.869
G  0   82    WRDIPFSEGKALWKN  IPFSEGKAL o  3 ip -99 il -99 dp -99 dl -99    Peplist sS 11.749 bgG   2 bgS  7.963 cS  5.379
G  0   83    YSLHIVKYKQYLKSF  KYKQYLKSF o  6 ip -99 il -99 dp -99 dl -99    Peplist sS  5.043 bgG   2 bgS  4.279 cS  1.620
## Sequence alignment for group 1
G  1    0       ALFGQALHKAGD  ALFGQALHK o  0 ip -99 il -99 dp -99 dl -99    Peplist sS 14.754 bgG   3 bgS  0.676 cS 14.213
G  1    1   IKRNAVLIDAGLPKLQ  VLIDAGLPK o  5 ip -99 il -99 dp -99 dl -99    Peplist sS  8.056 bgG   3 bgS  3.700 cS  5.096
G  1    2    NEGCQLTYRHKVVKS  LTYRHKVVK o  5 ip -99 il -99 dp -99 dl -99    Peplist sS 10.271 bgG   3 bgS  4.384 cS  6.764
G  1    3        CIMFEQYFIYW  IMFEQYFIY o  1 ip -99 il -99 dp -99 dl -99    Peplist sS  9.265 bgG   2 bgS  3.641 cS  6.353
G  1    4         TRLYYDSMSY  RLYYDSMSY o  1 ip -99 il -99 dp -99 dl -99    Peplist sS  8.787 bgG   2 bgS  5.783 cS  4.161
G  1    5          GMSSRAIAR  GMSSRAIAR o  0 ip -99 il -99 dp -99 dl -99    Peplist sS  5.483 bgG   3 bgS  1.833 cS  4.016
G  1    6        ASFDKAKLKQK  ASFDKAKLK o  0 ip -99 il -99 dp -99 dl -99    Peplist sS  7.273 bgG   3 bgS  3.007 cS  4.867
G  1    7     IWLKLAIFQASMTK  AIFQASMTK o  5 ip -99 il -99 dp -99 dl -99    Peplist sS 14.311 bgG   3 bgS  8.429 cS  7.567
G  1    8     AENKLYKMRIPRHL  KLYKMRIPR o  3 ip -99 il -99 dp -99 dl -99    Peplist sS 11.100 bgG   3 bgS  8.384 cS  4.393
G  1    9      DLKVLSHGWAYKA  KVLSHGWAY o  2 ip -99 il -99 dp -99 dl -99    Peplist sS  5.551 bgG   2 bgS  4.354 cS  2.067
G  1   10     EIYALLAVGATKGA  ALLAVGATK o  3 ip -99 il -99 dp -99 dl -99    Peplist sS  6.749 bgG  -1 bgS  0.000 cS  6.749
G  1   11       SAIFASSMTKTN  AIFASSMTK o  1 ip -99 il -99 dp -99 dl -99    Peplist sS 15.013 bgG   2 bgS  3.101 cS 12.533
G  1   12 ILLFYCPQKKKSQAEFWD  LLFYCPQKK o  1 ip -99 il -99 dp -99 dl -99    Peplist sS 10.004 bgG   0 bgS  6.140 cS  5.093
G  1   13        YMFESKSMKTH  YMFESKSMK o  0 ip -99 il -99 dp -99 dl -99    Peplist sS  8.471 bgG   3 bgS  7.196 cS  2.714
G  1   14 FFVACAPFMSDLQFPMTWH  APFMSDLQF o  5 ip -99 il -99 dp -99 dl -99    Peplist sS  5.229 bgG   0 bgS  6.815 cS -0.223
G  1   15       KKMLEASTIYRS  MLEASTIYR o  2 ip -99 il -99 dp -99 dl -99    Peplist sS  7.613 bgG   3 bgS  4.208 cS  4.247
G  1   16  GYKLVTSSGAIYKIYWM  VTSSGAIYK o  4 ip -99 il -99 dp -99 dl -99    Peplist sS  7.093 bgG   2 bgS  5.325 cS  2.832
G  1   17   FAGALIRATSTRIGDG  ALIRATSTR o  3 ip -99 il -99 dp -99 dl -99    Peplist sS  6.875 bgG   0 bgS  3.471 cS  4.098
G  1   18 GDGGTRVAVNKSNKQRHS  AVNKSNKQR o  7 ip -99 il -99 dp -99 dl -99    Peplist sS  8.122 bgG   3 bgS  2.901 cS  5.801
G  1   19    GVFKMGAFMYTKTYD  GAFMYTKTY o  5 ip -99 il -99 dp -99 dl -99    Peplist sS  9.692 bgG   2 bgS  4.829 cS  5.828
G  1   20  FKLALFFIIFNKQFHQI  ALFFIIFNK o  3 ip -99 il -99 dp -99 dl -99    Peplist sS  9.629 bgG   2 bgS  4.823 cS  5.771
G  1   21   QVGTGVSENIFLKWPP  GVSENIFLK o  4 ip -99 il -99 dp -99 dl -99    Peplist sS  6.518 bgG   2 bgS  5.824 cS  1.859
G  1   22  LYDSFTYLCGFIKSLCC  FTYLCGFIK o  4 ip -99 il -99 dp -99 dl -99    Peplist sS  5.148 bgG   2 bgS  5.326 cS  0.887
G  1   23 VLKERLIEKTNEKDQKNK  RLIEKTNEK o  4 ip -99 il -99 dp -99 dl -99    Peplist sS  9.911 bgG   3 bgS  2.290 cS  8.079
G  1   24   IMQDWYPKLKNSYVRA  MQDWYPKLK o  1 ip -99 il -99 dp -99 dl -99    Peplist sS  7.754 bgG   0 bgS 11.016 cS -1.058
G  1   25      RIYCQENPYNNVD  RIYCQENPY o  0 ip -99 il -99 dp -99 dl -99    Peplist sS  8.742 bgG   3 bgS  1.117 cS  7.848
G  1   26    DFVMTYSHHACRNYN  MTYSHHACR o  3 ip -99 il -99 dp -99 dl -99    Peplist sS  8.276 bgG   2 bgS  3.170 cS  5.741
G  1   27  DLFFWYTNEIIGYKVAL  LFFWYTNEI o  1 ip -99 il -99 dp -99 dl -99    Peplist sS  3.839 bgG   3 bgS  3.084 cS  1.371
G  1   28 ANHVGALKISQLQKNFPP  ALKISQLQK o  5 ip -99 il -99 dp -99 dl -99    Peplist sS  7.129 bgG   0 bgS  4.853 cS  3.246
G  1   29   GKAANEIRISKNRGPT  AANEIRISK o  2 ip -99 il -99 dp -99 dl -99    Peplist sS  4.234 bgG   0 bgS  3.709 cS  1.266
G  1   30    YQEMLSRVAAVKFQQ  MLSRVAAVK o  3 ip -99 il -99 dp -99 dl -99    Peplist sS  7.305 bgG   3 bgS  6.282 cS  2.280
G  1   31      VEKLSSMAAERRG  KLSSMAAER o  2 ip -99 il -99 dp -99 dl -99    Peplist sS  5.723 bgG   0 bgS  2.785 cS  3.495
G  1   32    SFIDLIVFNLPVSKM  IVFNLPVSK o  5 ip -99 il -99 dp -99 dl -99    Peplist sS  9.455 bgG   3 bgS  6.240 cS  4.463
G  1   33    KKTVLEFILQKIFKH  TVLEFILQK o  2 ip -99 il -99 dp -99 dl -99    Peplist sS  8.189 bgG   0 bgS  4.087 cS  4.919
G  1   34 HLVNAISRLRTQKANSIC  AISRLRTQK o  4 ip -99 il -99 dp -99 dl -99    Peplist sS  8.335 bgG   2 bgS  5.041 cS  4.302
G  1   35 HIHIHPLARTAKVAQSYC  HIHIHPLAR o  0 ip -99 il -99 dp -99 dl -99    Peplist sS  6.312 bgG   0 bgS  5.324 cS  2.053
G  1   36    MWEPGLIFCHSKKKD  LIFCHSKKK o  5 ip -99 il -99 dp -99 dl -99    Peplist sS 12.229 bgG   2 bgS  6.143 cS  7.315
G  1   37   TMCIYQSPVRKLKLAC  CIYQSPVRK o  2 ip -99 il -99 dp -99 dl -99    Peplist sS 11.409 bgG   3 bgS  6.008 cS  6.603
G  1   38         LKVSWRWMVY  KVSWRWMVY o  1 ip -99 il -99 dp -99 dl -99    Peplist sS  5.168 bgG   2 bgS  4.357 cS  1.682
G  1   39   SMEWTLWKAGILYDTP  TLWKAGILY o  4 ip -99 il -99 dp -99 dl -99    Peplist sS  7.939 bgG   3 bgS  4.486 cS  4.350
G  1   40      YQIRTFNEDLFRD  RTFNEDLFR o  3 ip -99 il -99 dp -99 dl -99    Peplist sS  4.748 bgG   2 bgS  3.487 cS  1.958
G  1   41         CKVFFGPIYY  KVFFGPIYY o  1 ip -99 il -99 dp -99 dl -99    Peplist sS 11.722 bgG   3 bgS  1.745 cS 10.326
G  1   42         LAIFQSAMTK  AIFQSAMTK o  1 ip -99 il -99 dp -99 dl -99    Peplist sS 16.062 bgG   3 bgS  1.265 cS 15.050
G  1   43   CSSVITQACPKFFVGA  SVITQACPK o  2 ip -99 il -99 dp -99 dl -99    Peplist sS  5.230 bgG   2 bgS  3.479 cS  2.447
G  1   44          AVLQSGFRK  AVLQSGFRK o  0 ip -99 il -99 dp -99 dl -99    Peplist sS 10.593 bgG   3 bgS  2.425 cS  8.653
G  1   45         IMQFKLGIPK  MQFKLGIPK o  1 ip -99 il -99 dp -99 dl -99    Peplist sS 12.245 bgG   3 bgS  5.638 cS  7.735
G  1   46       RQFVSNNGKVPH  RQFVSNNGK o  0 ip -99 il -99 dp -99 dl -99    Peplist sS  9.716 bgG   0 bgS  2.239 cS  7.925
G  1   47   HMSGVAMPNLYKLIYH  GVAMPNLYK o  3 ip -99 il -99 dp -99 dl -99    Peplist sS  8.186 bgG   0 bgS  7.339 cS  2.315
G  1   48    TYKCLAVFKDSFLRG  AVFKDSFLR o  5 ip -99 il -99 dp -99 dl -99    Peplist sS 11.550 bgG   0 bgS  4.658 cS  7.824
G  1   49      NWPALSSIAATKP  ALSSIAATK o  3 ip -99 il -99 dp -99 dl -99    Peplist sS  8.701 bgG   3 bgS  7.565 cS  2.649
G  1   50       WIYDPRNQKTDT  WIYDPRNQK o  0 ip -99 il -99 dp -99 dl -99    Peplist sS  8.845 bgG   0 bgS  3.775 cS  5.825
G  1   51     IILAALFMYYTKYW  ALFMYYTKY o  4 ip -99 il -99 dp -99 dl -99    Peplist sS 12.379 bgG   2 bgS 12.424 cS  2.439
G  1   52  HQPHRVMANNVKKDIII  HRVMANNVK o  3 ip -99 il -99 dp -99 dl -99    Peplist sS  3.102 bgG   0 bgS  2.701 cS  0.941
G  1   53    IMGFGHRIYKCYSRF  MGFGHRIYK o  1 ip -99 il -99 dp -99 dl -99    Peplist sS 11.575 bgG   2 bgS  5.940 cS  6.823
G  1   54 VRWGVTLYVKALTKHFTS  TLYVKALTK o  5 ip -99 il -99 dp -99 dl -99    Peplist sS 10.771 bgG   3 bgS  7.535 cS  4.743
G  1   55     ARSRLVSLALHKDN  RLVSLALHK o  3 ip -99 il -99 dp -99 dl -99    Peplist sS  8.201 bgG   0 bgS  5.796 cS  3.564
G  1   56   ASFIAGMLVGRLGKGY  GMLVGRLGK o  5 ip -99 il -99 dp -99 dl -99    Peplist sS  3.659 bgG   3 bgS  0.757 cS  3.053
G  1   57     CFRLSLYGRYNCKC  SLYGRYNCK o  4 ip -99 il -99 dp -99 dl -99    Peplist sS  9.310 bgG   0 bgS  2.888 cS  6.999
G  1   58 LFRMKAYKIISLKEVEYF  KAYKIISLK o  4 ip -99 il -99 dp -99 dl -99    Peplist sS  6.145 bgG   3 bgS  4.601 cS  2.465
G  1   59       PALYSYASAKWW  ALYSYASAK o  1 ip -99 il -99 dp -99 dl -99    Peplist sS 14.339 bgG   2 bgS 10.924 cS  5.600
G  1   60      QRHDTLARSICEK  TLARSICEK o  4 ip -99 il -99 dp -99 dl -99    Peplist sS  6.054 bgG   0 bgS  4.195 cS  2.698
G  1   61   SDCDQMVIENGILKNK  MVIENGILK o  5 ip -99 il -99 dp -99 dl -99    Peplist sS  9.237 bgG   3 bgS  0.190 cS  9.084
G  1   62 SGTNIILAHFLYKEFTMN  IILAHFLYK o  4 ip -99 il -99 dp -99 dl -99    Peplist sS  8.018 bgG   2 bgS  5.520 cS  3.602
G  1   63        SYILWKDIFHK  ILWKDIFHK o  2 ip -99 il -99 dp -99 dl -99    Peplist sS  8.032 bgG   3 bgS  1.137 cS  7.123
G  1   64        TDKLYGLSQGY  KLYGLSQGY o  2 ip -99 il -99 dp -99 dl -99    Peplist sS  5.430 bgG   2 bgS  2.281 cS  3.605
G  1   65    YIDQMCVFKFIVAKS  CVFKFIVAK o  5 ip -99 il -99 dp -99 dl -99    Peplist sS  9.047 bgG   2 bgS  6.174 cS  4.109
G  1   66          YIFFASFYY  YIFFASFYY o  0 ip -99 il -99 dp -99 dl -99    Peplist sS 11.084 bgG   2 bgS  4.500 cS  7.484
## Sequence alignment for group 2
G  2    0     WAPSPYNSRFCAGW  PSPYNSRFC o  2 ip -99 il -99 dp -99 dl -99    Peplist sS 12.110 bgG   0 bgS 11.274 cS  3.091
G  2    1      AFGRTLNLFRYKW  TLNLFRYKW o  4 ip -99 il -99 dp -99 dl -99    Peplist sS  7.923 bgG   1 bgS  3.928 cS  4.781
G  2    2    DDEDYAPIMFSNKMC  PIMFSNKMC o  6 ip -99 il -99 dp -99 dl -99    Peplist sS 11.878 bgG   0 bgS  5.820 cS  7.222
G  2    3 EWCETLSERISSKRYGRA  SERISSKRY o  6 ip -99 il -99 dp -99 dl -99    Peplist sS  1.884 bgG   1 bgS  6.735 cS -3.504
G  2    4  NEKRLPAGSRIWLGPLA  RLPAGSRIW o  3 ip -99 il -99 dp -99 dl -99    Peplist sS  8.478 bgG   0 bgS 12.540 cS -1.554
G  2    5    KFVNSPLQLRFRMII  PLQLRFRMI o  5 ip -99 il -99 dp -99 dl -99    Peplist sS  8.182 bgG   0 bgS  6.878 cS  2.679
G  2    6     CDAIITPVVFYRWM  ITPVVFYRW o  4 ip -99 il -99 dp -99 dl -99    Peplist sS 14.616 bgG   0 bgS  6.719 cS  9.242
G  2    7   VAVCGLPQYFTFDLKC  PQYFTFDLK o  6 ip -99 il -99 dp -99 dl -99    Peplist sS  8.863 bgG   0 bgS  5.480 cS  4.479
G  2    8    LEHPIMYYTKFMLFT  PIMYYTKFM o  3 ip -99 il -99 dp -99 dl -99    Peplist sS 13.763 bgG   0 bgS  6.455 cS  8.599
G  2    9      DIKDAVYSICKFY  AVYSICKFY o  4 ip -99 il -99 dp -99 dl -99    Peplist sS  9.003 bgG   1 bgS  7.016 cS  3.390
G  2   10   QCRFPASFFIKLFPFM  PASFFIKLF o  4 ip -99 il -99 dp -99 dl -99    Peplist sS 13.823 bgG   0 bgS  6.269 cS  8.808
G  2   11        RTLHPFGCKSN  LHPFGCKSN o  2 ip -99 il -99 dp -99 dl -99    Peplist sS  1.386 bgG   1 bgS  0.948 cS  0.627
G  2   12       LLPTNAVVKMKK  PTNAVVKMK o  2 ip -99 il -99 dp -99 dl -99    Peplist sS  8.159 bgG   0 bgS  5.129 cS  4.056
G  2   13   ICFRVYINVVVKLFYE  YINVVVKLF o  5 ip -99 il -99 dp -99 dl -99    Peplist sS  5.303 bgG   1 bgS  7.959 cS -1.065
G  2   14 DCVHHSPGEIKPKFDEGW  IKPKFDEGW o  9 ip -99 il -99 dp -99 dl -99    Peplist sS  4.463 bgG   0 bgS  4.928 cS  0.521
G  2   15       PAAYYFMKFRYL  PAAYYFMKF o  0 ip -99 il -99 dp -99 dl -99    Peplist sS  9.829 bgG   1 bgS  6.753 cS  4.427
G  2   16   EDFLPVNVAFELAPKW  PVNVAFELA o  4 ip -99 il -99 dp -99 dl -99    Peplist sS  9.357 bgG   0 bgS  4.559 cS  5.709
G  2   17       RHTVNPIVTEKY  VNPIVTEKY o  3 ip -99 il -99 dp -99 dl -99    Peplist sS  6.705 bgG   3 bgS  2.591 cS  4.633
G  2   18       SPRWYFYYLWCF  PRWYFYYLW o  1 ip -99 il -99 dp -99 dl -99    Peplist sS 14.764 bgG   0 bgS 10.654 cS  6.241
G  2   19  YNSYGVYSVFYLYLCLT  GVYSVFYLY o  4 ip -99 il -99 dp -99 dl -99    Peplist sS  9.286 bgG   1 bgS  5.043 cS  5.252
G  2   20         VAMSTWSFYH  VAMSTWSFY o  0 ip -99 il -99 dp -99 dl -99    Peplist sS  5.462 bgG   1 bgS  4.009 cS  2.255
G  2   21   EWTPVMSRFAAWIIPE  PVMSRFAAW o  3 ip -99 il -99 dp -99 dl -99    Peplist sS 12.864 bgG   3 bgS  7.315 cS  7.012
G  2   22   GYHNSPASFFSSWVQA  PASFFSSWV o  5 ip -99 il -99 dp -99 dl -99    Peplist sS  7.352 bgG   1 bgS  7.307 cS  1.507
G  2   23     YVVMMVIFRLMRDT  VMMVIFRLM o  2 ip -99 il -99 dp -99 dl -99    Peplist sS  7.847 bgG   1 bgS  6.370 cS  2.751
## Sequence alignment for group 3
G  3    0 PIDPYVVMQVKVPKIRIF  MQVKVPKIR o  7 ip -99 il -99 dp -99 dl -99    Peplist sS  9.684 bgG   1 bgS  4.857 cS  5.799
G  3    1    LWRRTKLMSNIKMNC  LWRRTKLMS o  0 ip -99 il -99 dp -99 dl -99    Peplist sS 12.299 bgG   2 bgS  5.001 cS  8.299
G  3    2     IWYPKGPIRFVLAL  WYPKGPIRF o  1 ip -99 il -99 dp -99 dl -99    Peplist sS  9.774 bgG   0 bgS  8.006 cS  3.370
G  3    3       GWRNQPAATALT  GWRNQPAAT o  0 ip -99 il -99 dp -99 dl -99    Peplist sS  7.460 bgG   0 bgS  4.323 cS  4.002
G  3    4     TQAMRAPKVRLSLW  QAMRAPKVR o  1 ip -99 il -99 dp -99 dl -99    Peplist sS  8.751 bgG   2 bgS  5.228 cS  4.568
G  3    5    SLPRRWFFRPLRKPY  RWFFRPLRK o  4 ip -99 il -99 dp -99 dl -99    Peplist sS 14.169 bgG   1 bgS  9.086 cS  6.900
G  3    6  LNWTVWNRLIARKLQWT  VWNRLIARK o  4 ip -99 il -99 dp -99 dl -99    Peplist sS 11.818 bgG   1 bgS  4.841 cS  7.946
G  3    7      PERTFGKLPYRNL  TFGKLPYRN o  3 ip -99 il -99 dp -99 dl -99    Peplist sS  8.844 bgG   2 bgS  5.602 cS  4.362
G  3    8     FWNAKPLKDVERLT  FWNAKPLKD o  0 ip -99 il -99 dp -99 dl -99    Peplist sS 11.000 bgG   0 bgS  5.985 cS  6.211
G  3    9     SQIQAWPLLPHVIF  AWPLLPHVI o  4 ip -99 il -99 dp -99 dl -99    Peplist sS 11.617 bgG   1 bgS  1.493 cS 10.423
G  3   10 EMQHRFPIAKVEPVQKQK  MQHRFPIAK o  1 ip -99 il -99 dp -99 dl -99    Peplist sS 11.189 bgG   1 bgS  9.243 cS  3.794
G  3   11      MKLRKPKHKKSFK  MKLRKPKHK o  0 ip -99 il -99 dp -99 dl -99    Peplist sS 11.261 bgG   1 bgS  6.903 cS  5.739
G  3   12      KYLYLWSFKPTMQ  LWSFKPTMQ o  4 ip -99 il -99 dp -99 dl -99    Peplist sS 13.598 bgG   1 bgS  2.804 cS 11.354
G  3   13    HEALDGTFQRKYMAF  TFQRKYMAF o  6 ip -99 il -99 dp -99 dl -99    Peplist sS  4.582 bgG   1 bgS  3.522 cS  1.765
G  3   14     SYEPLIWAYLSKKR  IWAYLSKKR o  5 ip -99 il -99 dp -99 dl -99    Peplist sS  9.263 bgG   1 bgS  9.705 cS  1.499
G  3   15    TALMRWRHPRVVSDS  MRWRHPRVV o  3 ip -99 il -99 dp -99 dl -99    Peplist sS  5.591 bgG   1 bgS  3.700 cS  2.631
G  3   16      FMKLAETRMGYMR  AETRMGYMR o  4 ip -99 il -99 dp -99 dl -99    Peplist sS  5.376 bgG   1 bgS  5.327 cS  1.114
G  3   17     CMYTRVYRRRLAQS  MYTRVYRRR o  1 ip -99 il -99 dp -99 dl -99    Peplist sS 12.099 bgG   1 bgS  8.688 cS  5.149
G  3   18       EINEWLSSKDRR  EWLSSKDRR o  3 ip -99 il -99 dp -99 dl -99    Peplist sS  8.823 bgG   2 bgS  0.714 cS  8.252
G  3   19  EWSRTGTRLLGRKRMTS  EWSRTGTRL o  0 ip -99 il -99 dp -99 dl -99    Peplist sS 11.875 bgG   0 bgS  4.497 cS  8.277
G  3   20      SIIPSGPLKIDMW  IIPSGPLKI o  1 ip -99 il -99 dp -99 dl -99    Peplist sS  5.589 bgG   2 bgS  8.161 cS -0.939
G  3   21 EKKDFRAYRNALSMPIRMN  NALSMPIRM o  9 ip -99 il -99 dp -99 dl -99    Peplist sS  6.190 bgG   1 bgS  4.172 cS  2.852
G  3   22    MWFTFPVRPQVPHTG  MWFTFPVRP o  0 ip -99 il -99 dp -99 dl -99    Peplist sS 13.886 bgG   0 bgS 11.439 cS  4.735
G  3   23      KEDLAWQRTLKLS  AWQRTLKLS o  4 ip -99 il -99 dp -99 dl -99    Peplist sS  9.148 bgG   1 bgS  7.512 cS  3.138
G  3   24 MENSTMTIREFPRKSYVM  EFPRKSYVM o  9 ip -99 il -99 dp -99 dl -99    Peplist sS  9.005 bgG   2 bgS  3.987 cS  5.815
# group 0, size 84: Final KLD sum after 40000 epochs - 6.082216
# group 1, size 67: Final KLD sum after 40000 epochs - 4.965353
# group 2, size 24: Final KLD sum after 40000 epochs - 3.798154
# group 3, size 25: Final KLD sum after 40000 epochs - 5.082289
#
# Final number of non-empty clusters: 4

### Final KLD sum after 40000 iterations: 5.308988
