# /Users/marinabarrueco/Downloads/gibbscluster-2.0/bin/gibbs_cluster_1.2.2_DB.Darwin_x86_64 -l 9 -g 5 -ts 1.5 -blf /Users/marinabarrueco/Downloads/gibbscluster-2.0/data/blosum%i.freq_rownorm -blm 62 -base 0 -bg 1 -i 10 -s 1 -nt 20 -fr 20 -fs 100 -wlc 200 -swt 0 -lambda 0.8 -dlen 0 -ilen 0 -findels 10 -sigma 5 /Users/marinabarrueco/Downloads/gibbscluster-2.0/test/gibbs_41950/data/pepdata.txt
# Thu Jan 30 15:28:37 2025
# User: marinabarrueco
# PWD : /Users/marinabarrueco/Downloads/gibbscluster-2.0/test
# Host: Darwin MacBook-Air-de-Marina.local 23.6.0 x86_64
# -l       9                    Motif length
# -g       5                    Number of initial clusters
# -ts      1.500000             Start temperature
# -blf     /Users/marinabarrueco/Downloads/gibbscluster-2.0/data/blosum%i.freq_rownorm Real value blosum matrix filename
# -blm     62                   Blosum matrix number
# -base    0.000000             Baseline value to discard to trash
# -bg      1                    [0] Flat (0.05) [1] Precalculated [2] From data
# -i       10                   Number of iterations per train example
# -s       1                    Seed [-1] Default, [0] Time [>0] Specific seed
# -nt      20                   Number of temperature steps
# -fr      20                   Interval between Single sequence moves (if -mhc1 == 1)
# -fs      100                  Interval between Phase shift moves
# -wlc     200.000000           Weigth on low count
# -swt     0                    [0] 1/ns [1] Clustering [2] No sequence weighting
# -lambda  0.800000             Penalty factor for overlapping clusters
# -dlen    0                    Max length of deletions
# -ilen    0                    Max length of insertions
# -findels 10                   Interval between Indel moves
# -sigma   5.000000             Weight on blosum for small cluster confidence
# Command line parameters set to:
#	[-l int]             9                    Motif length
#	[-g int]             5                    Number of initial clusters
#	[-trash]             0                    Use trash cluster to remove outliers
#	[-i int]             10                   Number of iterations per train example
#	[-s int]             1                    Seed [-1] Default, [0] Time [>0] Specific seed
#	[-f filename]        0                    File for frequency matrices
#	[-m filename]        0                    File for log-odds matrices
#	[-a filename]        aln.txt              File for multiple alignments
#	[-pc]                0                    Print core of alignment
#	[-c filename]        core.txt             File for core
#	[-alp string]        ARNDCQEGHILKMFPSTWYV Amino acid alphabet
#	[-bg int]            1                    [0] Flat (0.05) [1] Precalculated [2] From data
#	[-base float]        0.000000             Baseline value to discard to trash
#	[-mhc1]              0                    Use peptides of fixed length, no window shift
#	[-ts float]          1.500000             Start temperature
#	[-te float]          0.000010             Final temperature
#	[-nt int]            20                   Number of temperature steps
#	[-ms int]            3                    Max phase shift distance
#	[-fs int]            100                  Interval between Phase shift moves
#	[-findels int]       10                   Interval between Indel moves
#	[-fr int]            20                   Interval between Single sequence moves (if -mhc1 == 1)
#	[-lambda float]      0.800000             Penalty factor for overlapping clusters
#	[-sigma float]       5.000000             Weight on blosum for small cluster confidence
#	[-noph]              0                    Exclude phase shift move
#	[-r float]           5.000000             Scale factor for phase shift moves
#	[-wlc float]         200.000000           Weigth on low count
#	[-blf filename]      /Users/marinabarrueco/Downloads/gibbscluster-2.0/data/blosum%i.freq_rownorm Real value blosum matrix filename
#	[-blm int]           62                   Blosum matrix number
#	[-cX int]            1                    [0] Count X as A, [1] Exclude X from count
#	[-v]                 0                    Verbose mode
#	[-debug]             0                    Debug model
#	[-cthr float]        0.620000             Clustering threshold for sequence weighting
#	[-swt int]           0                    [0] 1/ns [1] Clustering [2] No sequence weighting
#	[-w string]          1,3,1,1,1,1,1,1,3    Weigths on positions
#	[-iw]                0                    Include weights on positions
#	[-noc float]         0.000000             Log-odds score assignment to no count elements
#	[-p1a]               0                    Allow only Hydrophobic AA at P1
#	[-p1l filename]      ILVMFYW              Allowed letters at P1 [Only with -p1a option]
#	[-factor float]      2.885400             Scale factor for matrix 2/log2
#	[-cntthr int]        0                    Low bound for amino acids counts to include in matrix
#	[-p1s]               0                    Penalize disallowed P1 amino acids in shift
#	[-pkld]              0                    Print KLD list (file to -kldf)
#	[-kldf string]       kldfq.txt            Print complete list of KLD values to specified file
#	[-kldq int]          1000                 Total datapoints when printing KLDs
#	[-ilen int]          0                    Max length of insertions
#	[-dlen int]          0                    Max length of deletions
#	[-xc]                0                    Exclude final check of all peptides to clusters
# Random seed is 1
# Read 200 elements on seqlist /Users/marinabarrueco/Downloads/gibbscluster-2.0/test/gibbs_41950/data/pepdata.txt
# Number of temperature steps 20 dt 0.078947
# Back ground frequences
# 0 A  0.07400
# 1 R  0.05200
# 2 N  0.04500
# 3 D  0.05400
# 4 C  0.02500
# 5 Q  0.03400
# 6 E  0.05400
# 7 G  0.07400
# 8 H  0.02600
# 9 I  0.06800
# 10 L  0.09900
# 11 K  0.05800
# 12 M  0.02500
# 13 F  0.04700
# 14 P  0.03900
# 15 S  0.05700
# 16 T  0.05100
# 17 W  0.01300
# 18 Y  0.03200
# 19 V  0.07300
# Read_realblosum done. Alphabet ARNDCQEGHILKMFPSTWYV
# G 0 40
# G 1 40
# G 2 40
# G 3 40
# G 4 40
### Initial alignments weighed KLD sum 0.000000

# Doing temprature step 0 1.500000
# Doing temprature step 1 1.421053
# Doing temprature step 2 1.342106
# Doing temprature step 3 1.263160
# Doing temprature step 4 1.184213
# Doing temprature step 5 1.105266
# Doing temprature step 6 1.026319
# Doing temprature step 7 0.947372
# Doing temprature step 8 0.868425
# Doing temprature step 9 0.789479
# Doing temprature step 10 0.710532
# Doing temprature step 11 0.631585
# Doing temprature step 12 0.552638
# Doing temprature step 13 0.473691
# Doing temprature step 14 0.394744
# Doing temprature step 15 0.315798
# Doing temprature step 16 0.236851
# Doing temprature step 17 0.157904
# Doing temprature step 18 0.078957
# Doing temprature step 19 0.000010
## Sequence alignment for group 0
G  0    0   PTVACPKVSFEPIYSM  PKVSFEPIY o  5 ip -99 il -99 dp -99 dl -99    Peplist sS 10.274 bgG   4 bgS  8.868 cS  3.180
G  0    1        RTLHPFGCKSN  LHPFGCKSN o  2 ip -99 il -99 dp -99 dl -99    Peplist sS  5.555 bgG   1 bgS  0.710 cS  4.987
G  0    2   GKAANEIRISKNRGPT  IRISKNRGP o  6 ip -99 il -99 dp -99 dl -99    Peplist sS  3.871 bgG   1 bgS  7.673 cS -2.267
G  0    3         KLRETGAPLP  LRETGAPLP o  1 ip -99 il -99 dp -99 dl -99    Peplist sS 10.297 bgG   4 bgS  2.336 cS  8.429
G  0    4    VISPEQTQTYNIGKF  ISPEQTQTY o  1 ip -99 il -99 dp -99 dl -99    Peplist sS  8.240 bgG   3 bgS  5.114 cS  4.148
G  0    5       PCYKPESRPFDL  YKPESRPFD o  2 ip -99 il -99 dp -99 dl -99    Peplist sS  8.471 bgG   4 bgS  6.137 cS  3.562
G  0    6 ILLFYCPQKKKSQAEFWD  KKKSQAEFW o  8 ip -99 il -99 dp -99 dl -99    Peplist sS  8.557 bgG   3 bgS  7.717 cS  2.383
G  0    7   FTEAQPKPGTRMVPCT  PKPGTRMVP o  5 ip -99 il -99 dp -99 dl -99    Peplist sS 12.257 bgG   4 bgS  6.586 cS  6.989
G  0    8      IKRQGSTPLWNQA  KRQGSTPLW o  1 ip -99 il -99 dp -99 dl -99    Peplist sS 10.835 bgG   4 bgS  3.941 cS  7.682
G  0    9       MRPFNNILNLSQ  MRPFNNILN o  0 ip -99 il -99 dp -99 dl -99    Peplist sS  7.083 bgG   4 bgS  5.564 cS  2.632
G  0   10 ANHVGALKISQLQKNFPP  ISQLQKNFP o  8 ip -99 il -99 dp -99 dl -99    Peplist sS  8.232 bgG   1 bgS  6.038 cS  3.402
G  0   11        MPTDGLVGFCF  PTDGLVGFC o  1 ip -99 il -99 dp -99 dl -99    Peplist sS  4.131 bgG   4 bgS  3.156 cS  1.606
G  0   12         HPSDGKCNLN  PSDGKCNLN o  1 ip -99 il -99 dp -99 dl -99    Peplist sS 11.626 bgG   4 bgS  4.280 cS  8.202
G  0   13     FFPPTSFGPLPAWD  PPTSFGPLP o  2 ip -99 il -99 dp -99 dl -99    Peplist sS 13.623 bgG   4 bgS 10.325 cS  5.363
G  0   14     WQGIKLRHGQRSLF  LRHGQRSLF o  5 ip -99 il -99 dp -99 dl -99    Peplist sS  7.467 bgG   4 bgS  3.178 cS  4.925
G  0   15     WAPSPYNSRFCAGW  PSPYNSRFC o  2 ip -99 il -99 dp -99 dl -99    Peplist sS 13.109 bgG   4 bgS 11.459 cS  3.942
G  0   16    GSYGPATAQMALPDY  PATAQMALP o  4 ip -99 il -99 dp -99 dl -99    Peplist sS  9.759 bgG   4 bgS 10.276 cS  1.538
G  0   17      PERTFGKLPYRNL  PERTFGKLP o  0 ip -99 il -99 dp -99 dl -99    Peplist sS  9.528 bgG   3 bgS  6.003 cS  4.726
G  0   18       MHLAAAQGQAPL  LAAAQGQAP o  2 ip -99 il -99 dp -99 dl -99    Peplist sS  4.969 bgG   4 bgS  2.980 cS  2.585
G  0   19     LAGLPYPQPQPFML  PYPQPQPFM o  4 ip -99 il -99 dp -99 dl -99    Peplist sS  7.650 bgG   4 bgS  9.364 cS  0.159
G  0   20      DIKDAVYSICKFY  AVYSICKFY o  4 ip -99 il -99 dp -99 dl -99    Peplist sS  2.375 bgG   2 bgS  2.543 cS  0.341
G  0   21      YQIRTFNEDLFRD  IRTFNEDLF o  2 ip -99 il -99 dp -99 dl -99    Peplist sS  5.911 bgG   1 bgS  5.404 cS  1.588
## Sequence alignment for group 1
G  1    0 EMQHRFPIAKVEPVQKQK  MQHRFPIAK o  1 ip -99 il -99 dp -99 dl -99    Peplist sS 12.601 bgG   4 bgS  8.409 cS  5.874
G  1    1  HQPHRVMANNVKKDIII  RVMANNVKK o  4 ip -99 il -99 dp -99 dl -99    Peplist sS 10.474 bgG   2 bgS  2.457 cS  8.508
G  1    2    YIDQMCVFKFIVAKS  CVFKFIVAK o  5 ip -99 il -99 dp -99 dl -99    Peplist sS  8.265 bgG   2 bgS  2.417 cS  6.331
G  1    3    YQEMLSRVAAVKFQQ  MLSRVAAVK o  3 ip -99 il -99 dp -99 dl -99    Peplist sS 11.316 bgG   4 bgS  3.596 cS  8.439
G  1    4   TMCIYQSPVRKLKLAC  CIYQSPVRK o  2 ip -99 il -99 dp -99 dl -99    Peplist sS 14.566 bgG   4 bgS  6.587 cS  9.296
G  1    5   ICFRVYINVVVKLFYE  RVYINVVVK o  3 ip -99 il -99 dp -99 dl -99    Peplist sS 10.093 bgG   2 bgS  5.326 cS  5.832
G  1    6          AVLQSGFRK  AVLQSGFRK o  0 ip -99 il -99 dp -99 dl -99    Peplist sS  8.479 bgG  -1 bgS  0.000 cS  8.479
G  1    7     IWLKLAIFQASMTK  AIFQASMTK o  5 ip -99 il -99 dp -99 dl -99    Peplist sS 10.533 bgG   4 bgS  6.222 cS  5.556
G  1    8     AENKLYKMRIPRHL  KLYKMRIPR o  3 ip -99 il -99 dp -99 dl -99    Peplist sS 12.012 bgG   4 bgS  4.310 cS  8.564
G  1    9   QVGTGVSENIFLKWPP  GVSENIFLK o  4 ip -99 il -99 dp -99 dl -99    Peplist sS  4.808 bgG   3 bgS  3.623 cS  1.909
G  1   10  LNWTVWNRLIARKLQWT  VWNRLIARK o  4 ip -99 il -99 dp -99 dl -99    Peplist sS 11.321 bgG   4 bgS  7.773 cS  5.103
G  1   11          GMSSRAIAR  GMSSRAIAR o  0 ip -99 il -99 dp -99 dl -99    Peplist sS  4.955 bgG  -1 bgS  0.000 cS  4.955
G  1   12 VLKERLIEKTNEKDQKNK  RLIEKTNEK o  4 ip -99 il -99 dp -99 dl -99    Peplist sS  8.635 bgG   2 bgS  1.183 cS  7.688
G  1   13         IMQFKLGIPK  MQFKLGIPK o  1 ip -99 il -99 dp -99 dl -99    Peplist sS 12.163 bgG   0 bgS  4.831 cS  8.298
G  1   14       EINEWLSSKDRR  EWLSSKDRR o  3 ip -99 il -99 dp -99 dl -99    Peplist sS  9.228 bgG   2 bgS  3.406 cS  6.503
G  1   15       RQFVSNNGKVPH  RQFVSNNGK o  0 ip -99 il -99 dp -99 dl -99    Peplist sS  7.461 bgG   0 bgS  4.471 cS  3.884
G  1   16 PIDPYVVMQVKVPKIRIF  MQVKVPKIR o  7 ip -99 il -99 dp -99 dl -99    Peplist sS  7.930 bgG   0 bgS  4.831 cS  4.066
G  1   17    NEGCQLTYRHKVVKS  LTYRHKVVK o  5 ip -99 il -99 dp -99 dl -99    Peplist sS 10.300 bgG   2 bgS  3.368 cS  7.606
G  1   18 VRWGVTLYVKALTKHFTS  TLYVKALTK o  5 ip -99 il -99 dp -99 dl -99    Peplist sS  9.308 bgG   2 bgS  4.039 cS  6.077
G  1   19     SYEPLIWAYLSKKR  IWAYLSKKR o  5 ip -99 il -99 dp -99 dl -99    Peplist sS  6.583 bgG   3 bgS  3.734 cS  3.595
G  1   20       GWRNQPAATALT  GWRNQPAAT o  0 ip -99 il -99 dp -99 dl -99    Peplist sS  8.834 bgG   0 bgS  2.378 cS  6.932
G  1   21        CPIGENSPLQK  IGENSPLQK o  2 ip -99 il -99 dp -99 dl -99    Peplist sS  6.976 bgG   4 bgS  6.935 cS  1.428
G  1   22 GDGGTRVAVNKSNKQRHS  AVNKSNKQR o  7 ip -99 il -99 dp -99 dl -99    Peplist sS  8.706 bgG   0 bgS  2.328 cS  6.844
G  1   23    MWEPGLIFCHSKKKD  LIFCHSKKK o  5 ip -99 il -99 dp -99 dl -99    Peplist sS 10.112 bgG   2 bgS  1.374 cS  9.013
G  1   24         LAIFQSAMTK  AIFQSAMTK o  1 ip -99 il -99 dp -99 dl -99    Peplist sS 12.653 bgG   0 bgS  2.989 cS 10.262
G  1   25    TYKCLAVFKDSFLRG  AVFKDSFLR o  5 ip -99 il -99 dp -99 dl -99    Peplist sS  6.879 bgG   2 bgS  3.945 cS  3.722
G  1   26       ALFGQALHKAGD  ALFGQALHK o  0 ip -99 il -99 dp -99 dl -99    Peplist sS 11.124 bgG   3 bgS  5.451 cS  6.763
G  1   27 EWCETLSERISSKRYGRA  RISSKRYGR o  8 ip -99 il -99 dp -99 dl -99    Peplist sS  5.748 bgG   4 bgS  7.060 cS  0.100
G  1   28     TQAMRAPKVRLSLW  QAMRAPKVR o  1 ip -99 il -99 dp -99 dl -99    Peplist sS  7.885 bgG   4 bgS  6.787 cS  2.456
G  1   29   CSSVITQACPKFFVGA  SVITQACPK o  2 ip -99 il -99 dp -99 dl -99    Peplist sS  6.477 bgG   0 bgS  4.095 cS  3.201
G  1   30      VEKLSSMAAERRG  KLSSMAAER o  2 ip -99 il -99 dp -99 dl -99    Peplist sS  6.040 bgG   4 bgS  3.885 cS  2.933
G  1   31  EWSRTGTRLLGRKRMTS  EWSRTGTRL o  0 ip -99 il -99 dp -99 dl -99    Peplist sS  6.852 bgG   3 bgS  7.291 cS  1.019
G  1   32    ALANMTDAIRTLKKH  ALANMTDAI o  0 ip -99 il -99 dp -99 dl -99    Peplist sS -1.322 bgG   2 bgS  2.334 cS -3.189
G  1   33   SDCDQMVIENGILKNK  MVIENGILK o  5 ip -99 il -99 dp -99 dl -99    Peplist sS 10.698 bgG   0 bgS  0.875 cS  9.998
G  1   34    TALMRWRHPRVVSDS  RWRHPRVVS o  4 ip -99 il -99 dp -99 dl -99    Peplist sS  8.689 bgG   2 bgS  4.930 cS  4.745
G  1   35      QRHDTLARSICEK  TLARSICEK o  4 ip -99 il -99 dp -99 dl -99    Peplist sS  6.059 bgG   2 bgS  1.581 cS  4.794
G  1   36      MKLRKPKHKKSFK  MKLRKPKHK o  0 ip -99 il -99 dp -99 dl -99    Peplist sS 11.442 bgG   0 bgS  4.298 cS  8.003
G  1   37       KKMLEASTIYRS  MLEASTIYR o  2 ip -99 il -99 dp -99 dl -99    Peplist sS  7.583 bgG   3 bgS  4.205 cS  4.219
G  1   38       SAIFASSMTKTN  AIFASSMTK o  1 ip -99 il -99 dp -99 dl -99    Peplist sS 11.682 bgG   2 bgS  2.090 cS 10.010
G  1   39        ASFDKAKLKQK  ASFDKAKLK o  0 ip -99 il -99 dp -99 dl -99    Peplist sS  8.736 bgG   3 bgS  3.600 cS  5.856
G  1   40    IMGFGHRIYKCYSRF  MGFGHRIYK o  1 ip -99 il -99 dp -99 dl -99    Peplist sS  7.656 bgG   3 bgS  4.578 cS  3.993
G  1   41    MWFTFPVRPQVPHTG  MWFTFPVRP o  0 ip -99 il -99 dp -99 dl -99    Peplist sS 14.345 bgG   4 bgS  9.030 cS  7.121
G  1   42    SFIDLIVFNLPVSKM  IVFNLPVSK o  5 ip -99 il -99 dp -99 dl -99    Peplist sS 11.735 bgG   2 bgS  5.376 cS  7.434
G  1   43      KEDLAWQRTLKLS  AWQRTLKLS o  4 ip -99 il -99 dp -99 dl -99    Peplist sS  7.300 bgG   3 bgS  6.125 cS  2.400
G  1   44     EIYALLAVGATKGA  ALLAVGATK o  3 ip -99 il -99 dp -99 dl -99    Peplist sS  5.244 bgG   3 bgS  1.511 cS  4.035
G  1   45 HLVNAISRLRTQKANSIC  AISRLRTQK o  4 ip -99 il -99 dp -99 dl -99    Peplist sS 10.212 bgG   0 bgS  3.098 cS  7.733
G  1   46   FAGALIRATSTRIGDG  ALIRATSTR o  3 ip -99 il -99 dp -99 dl -99    Peplist sS  6.876 bgG   0 bgS  3.721 cS  3.899
G  1   47 EKKDFRAYRNALSMPIRMN  RAYRNALSM o  5 ip -99 il -99 dp -99 dl -99    Peplist sS  8.242 bgG   3 bgS  3.747 cS  5.244
G  1   48       RHTVNPIVTEKY  RHTVNPIVT o  0 ip -99 il -99 dp -99 dl -99    Peplist sS  3.316 bgG   3 bgS  2.718 cS  1.142
G  1   49    SLPRRWFFRPLRKPY  RWFFRPLRK o  4 ip -99 il -99 dp -99 dl -99    Peplist sS 17.674 bgG   3 bgS  6.601 cS 12.393
G  1   50       WIYDPRNQKTDT  WIYDPRNQK o  0 ip -99 il -99 dp -99 dl -99    Peplist sS  5.526 bgG   0 bgS  4.439 cS  1.975
G  1   51    GRSIAMLKSKRDALQ  RSIAMLKSK o  1 ip -99 il -99 dp -99 dl -99    Peplist sS  5.262 bgG   4 bgS  4.464 cS  1.691
G  1   52     FWNAKPLKDVERLT  FWNAKPLKD o  0 ip -99 il -99 dp -99 dl -99    Peplist sS  7.161 bgG   4 bgS  8.039 cS  0.730
G  1   53     ARSRLVSLALHKDN  RLVSLALHK o  3 ip -99 il -99 dp -99 dl -99    Peplist sS  9.798 bgG   4 bgS  8.162 cS  3.268
G  1   54   IKRNAVLIDAGLPKLQ  VLIDAGLPK o  5 ip -99 il -99 dp -99 dl -99    Peplist sS  6.370 bgG   0 bgS  0.585 cS  5.903
G  1   55   LHDIVRTNRNELLLMK  RTNRNELLL o  5 ip -99 il -99 dp -99 dl -99    Peplist sS  4.693 bgG   4 bgS  3.334 cS  2.026
G  1   56    LWRRTKLMSNIKMNC  LWRRTKLMS o  0 ip -99 il -99 dp -99 dl -99    Peplist sS  9.281 bgG   4 bgS  2.584 cS  7.213
G  1   57       LLPTNAVVKMKK  LLPTNAVVK o  0 ip -99 il -99 dp -99 dl -99    Peplist sS  6.313 bgG   4 bgS  7.433 cS  0.366
G  1   58      RIYCQENPYNNVD  RIYCQENPY o  0 ip -99 il -99 dp -99 dl -99    Peplist sS  3.906 bgG   0 bgS  5.365 cS -0.386
G  1   59     YVVMMVIFRLMRDT  MMVIFRLMR o  3 ip -99 il -99 dp -99 dl -99    Peplist sS  5.893 bgG   2 bgS  2.694 cS  3.737
## Sequence alignment for group 2
G  2    0      KYLYLWSFKPTMQ  KYLYLWSFK o  0 ip -99 il -99 dp -99 dl -99    Peplist sS 10.640 bgG   1 bgS  9.802 cS  2.799
G  2    1    GVFKMGAFMYTKTYD  AFMYTKTYD o  6 ip -99 il -99 dp -99 dl -99    Peplist sS  7.433 bgG   3 bgS  7.134 cS  1.726
G  2    2      FCHNISFKSINKQ  HNISFKSIN o  2 ip -99 il -99 dp -99 dl -99    Peplist sS  3.795 bgG   1 bgS  3.988 cS  0.604
G  2    3    KKTVLEFILQKIFKH  EFILQKIFK o  5 ip -99 il -99 dp -99 dl -99    Peplist sS  7.505 bgG   1 bgS  6.152 cS  2.583
G  2    4    DFVMTYSHHACRNYN  DFVMTYSHH o  0 ip -99 il -99 dp -99 dl -99    Peplist sS  5.046 bgG   1 bgS  5.274 cS  0.827
G  2    5  FKLALFFIIFNKQFHQI  KLALFFIIF o  1 ip -99 il -99 dp -99 dl -99    Peplist sS  3.354 bgG   3 bgS  6.688 cS -1.996
G  2    6        SYILWKDIFHK  SYILWKDIF o  0 ip -99 il -99 dp -99 dl -99    Peplist sS  6.240 bgG   3 bgS  5.991 cS  1.447
G  2    7         VAMSTWSFYH  VAMSTWSFY o  0 ip -99 il -99 dp -99 dl -99    Peplist sS  7.306 bgG   0 bgS  3.276 cS  4.685
## Sequence alignment for group 3
G  3    0         LKVSWRWMVY  KVSWRWMVY o  1 ip -99 il -99 dp -99 dl -99    Peplist sS  6.228 bgG   2 bgS  4.332 cS  2.763
G  3    1         TRLYYDSMSY  RLYYDSMSY o  1 ip -99 il -99 dp -99 dl -99    Peplist sS  9.096 bgG   1 bgS  5.829 cS  4.433
G  3    2 FFVACAPFMSDLQFPMTWH  SDLQFPMTW o  9 ip -99 il -99 dp -99 dl -99    Peplist sS 10.784 bgG   0 bgS  8.588 cS  3.914
G  3    3        YMFESKSMKTH  MFESKSMKT o  1 ip -99 il -99 dp -99 dl -99    Peplist sS  8.254 bgG   1 bgS  6.717 cS  2.880
G  3    4      SIIPSGPLKIDMW  IIPSGPLKI o  1 ip -99 il -99 dp -99 dl -99    Peplist sS  3.359 bgG   4 bgS  4.726 cS -0.422
G  3    5   SMEWTLWKAGILYDTP  TLWKAGILY o  4 ip -99 il -99 dp -99 dl -99    Peplist sS  5.660 bgG   2 bgS  3.544 cS  2.825
G  3    6      AFGRTLNLFRYKW  TLNLFRYKW o  4 ip -99 il -99 dp -99 dl -99    Peplist sS 11.336 bgG   2 bgS  3.030 cS  8.912
G  3    7        TDKLYGLSQGY  KLYGLSQGY o  2 ip -99 il -99 dp -99 dl -99    Peplist sS  4.802 bgG   0 bgS  2.375 cS  2.901
G  3    8    FPKYTMKPHTFNKCY  KYTMKPHTF o  2 ip -99 il -99 dp -99 dl -99    Peplist sS  9.182 bgG   4 bgS  7.294 cS  3.348
G  3    9 DCVHHSPGEIKPKFDEGW  IKPKFDEGW o  9 ip -99 il -99 dp -99 dl -99    Peplist sS  4.574 bgG   0 bgS  8.367 cS -2.120
G  3   10  YNSYGVYSVFYLYLCLT  SYGVYSVFY o  2 ip -99 il -99 dp -99 dl -99    Peplist sS 11.594 bgG   2 bgS  5.111 cS  7.505
G  3   11  GYKLVTSSGAIYKIYWM  SGAIYKIYW o  7 ip -99 il -99 dp -99 dl -99    Peplist sS  6.848 bgG   0 bgS  5.536 cS  2.419
G  3   12     IILAALFMYYTKYW  LFMYYTKYW o  5 ip -99 il -99 dp -99 dl -99    Peplist sS 16.350 bgG   2 bgS  5.868 cS 11.655
G  3   13   IEITPFGQQRVFYIYW  PFGQQRVFY o  4 ip -99 il -99 dp -99 dl -99    Peplist sS  8.605 bgG   4 bgS  9.957 cS  0.640
G  3   14  DLFFWYTNEIIGYKVAL  LFFWYTNEI o  1 ip -99 il -99 dp -99 dl -99    Peplist sS  6.768 bgG   1 bgS  8.631 cS -0.137
G  3   15       PALYSYASAKWW  LYSYASAKW o  2 ip -99 il -99 dp -99 dl -99    Peplist sS 13.471 bgG   1 bgS  8.922 cS  6.333
G  3   16      DLKVLSHGWAYKA  DLKVLSHGW o  0 ip -99 il -99 dp -99 dl -99    Peplist sS  6.651 bgG   2 bgS  4.554 cS  3.008
G  3   17       SPRWYFYYLWCF  PRWYFYYLW o  1 ip -99 il -99 dp -99 dl -99    Peplist sS 13.268 bgG   4 bgS 12.369 cS  3.373
G  3   18 MENSTMTIREFPRKSYVM  EFPRKSYVM o  9 ip -99 il -99 dp -99 dl -99    Peplist sS  8.991 bgG   0 bgS  9.086 cS  1.723
G  3   19        CIMFEQYFIYW  MFEQYFIYW o  2 ip -99 il -99 dp -99 dl -99    Peplist sS 16.573 bgG   2 bgS  3.380 cS 13.869
G  3   20         CKVFFGPIYY  KVFFGPIYY o  1 ip -99 il -99 dp -99 dl -99    Peplist sS 10.212 bgG   0 bgS  8.103 cS  3.730
G  3   21    HEALDGTFQRKYMAF  TFQRKYMAF o  6 ip -99 il -99 dp -99 dl -99    Peplist sS  8.894 bgG   0 bgS  4.064 cS  5.643
G  3   22       PAAYYFMKFRYL  PAAYYFMKF o  0 ip -99 il -99 dp -99 dl -99    Peplist sS 10.494 bgG   4 bgS  4.615 cS  6.802
G  3   23 FRDHGATSIYTIERAPMFW  TIERAPMFW o 10 ip -99 il -99 dp -99 dl -99    Peplist sS 14.069 bgG   0 bgS  4.559 cS 10.422
G  3   24      FMKLAETRMGYMR  KLAETRMGY o  2 ip -99 il -99 dp -99 dl -99    Peplist sS  7.527 bgG   1 bgS  5.842 cS  2.853
G  3   25 SGTNIILAHFLYKEFTMN  HFLYKEFTM o  8 ip -99 il -99 dp -99 dl -99    Peplist sS  4.386 bgG   2 bgS  4.579 cS  0.724
G  3   26          YIFFASFYY  YIFFASFYY o  0 ip -99 il -99 dp -99 dl -99    Peplist sS  7.794 bgG   4 bgS  0.848 cS  7.116
G  3   27  LYDSFTYLCGFIKSLCC  LYDSFTYLC o  0 ip -99 il -99 dp -99 dl -99    Peplist sS  6.570 bgG   0 bgS  6.712 cS  1.200
G  3   28     CFRLSLYGRYNCKC  LYGRYNCKC o  5 ip -99 il -99 dp -99 dl -99    Peplist sS  5.982 bgG   1 bgS  2.083 cS  4.316
G  3   29 LFRMKAYKIISLKEVEYF  LFRMKAYKI o  0 ip -99 il -99 dp -99 dl -99    Peplist sS  6.497 bgG   2 bgS  4.792 cS  2.664
G  3   30    YSLHIVKYKQYLKSF  KYKQYLKSF o  6 ip -99 il -99 dp -99 dl -99    Peplist sS  6.582 bgG   4 bgS  4.264 cS  3.170
## Sequence alignment for group 4
G  4    0    VFIGFPPGTSLTISD  FPPGTSLTI o  4 ip -99 il -99 dp -99 dl -99    Peplist sS  8.224 bgG   0 bgS  2.512 cS  6.214
G  4    1   QCRFPASFFIKLFPFM  FPASFFIKL o  3 ip -99 il -99 dp -99 dl -99    Peplist sS 10.641 bgG   0 bgS  8.680 cS  3.697
G  4    2   IMQDWYPKLKNSYVRA  YPKLKNSYV o  5 ip -99 il -99 dp -99 dl -99    Peplist sS 11.218 bgG   3 bgS  6.109 cS  6.330
G  4    3     RPPIFIRRLPSCHN  RPPIFIRRL o  0 ip -99 il -99 dp -99 dl -99    Peplist sS 14.361 bgG   0 bgS 11.564 cS  5.109
G  4    4     VMADPIPRRNVATL  IPRRNVATL o  5 ip -99 il -99 dp -99 dl -99    Peplist sS 11.790 bgG   3 bgS  4.377 cS  8.289
G  4    5       PAIPSIQSRGLI  IPSIQSRGL o  2 ip -99 il -99 dp -99 dl -99    Peplist sS 11.646 bgG   0 bgS  6.406 cS  6.522
G  4    6   HMSGVAMPNLYKLIYH  MPNLYKLIY o  6 ip -99 il -99 dp -99 dl -99    Peplist sS  9.667 bgG   2 bgS  5.239 cS  5.476
G  4    7       VPHISRQRLPWL  VPHISRQRL o  0 ip -99 il -99 dp -99 dl -99    Peplist sS 14.587 bgG   0 bgS 12.407 cS  4.661
G  4    8         HPAAMPHLLN  HPAAMPHLL o  0 ip -99 il -99 dp -99 dl -99    Peplist sS 11.983 bgG   0 bgS  3.773 cS  8.965
G  4    9  QRFYPIVIAPAMNEDSH  YPIVIAPAM o  3 ip -99 il -99 dp -99 dl -99    Peplist sS 11.640 bgG   0 bgS  2.439 cS  9.688
G  4   10    NHCRPRQIAMSLFIM  RPRQIAMSL o  3 ip -99 il -99 dp -99 dl -99    Peplist sS 15.062 bgG   0 bgS  7.243 cS  9.267
G  4   11  FESMTLVPVLEKALMPK  VPVLEKALM o  6 ip -99 il -99 dp -99 dl -99    Peplist sS  9.285 bgG   1 bgS  5.608 cS  4.799
G  4   12         RERLSRMAIK  RERLSRMAI o  0 ip -99 il -99 dp -99 dl -99    Peplist sS  8.465 bgG   2 bgS  1.696 cS  7.108
G  4   13       NELPNVDLTTMM  LPNVDLTTM o  2 ip -99 il -99 dp -99 dl -99    Peplist sS  9.627 bgG   0 bgS  1.498 cS  8.428
G  4   14    LEHPIMYYTKFMLFT  HPIMYYTKF o  2 ip -99 il -99 dp -99 dl -99    Peplist sS 10.876 bgG   3 bgS 10.427 cS  2.535
G  4   15    WRDIPFSEGKALWKN  IPFSEGKAL o  3 ip -99 il -99 dp -99 dl -99    Peplist sS 10.243 bgG   3 bgS  9.725 cS  2.463
G  4   16   KTKPFRMVSLVGCWNA  KPFRMVSLV o  2 ip -99 il -99 dp -99 dl -99    Peplist sS  5.936 bgG   3 bgS  2.630 cS  3.832
G  4   17   RTMSGLPAIVREAIEE  LPAIVREAI o  5 ip -99 il -99 dp -99 dl -99    Peplist sS 15.570 bgG   1 bgS  5.995 cS 10.774
G  4   18          FPRGQGVPI  FPRGQGVPI o  0 ip -99 il -99 dp -99 dl -99    Peplist sS  9.943 bgG  -1 bgS  0.000 cS  9.943
G  4   19     GLSPSKRNQTFIPW  SPSKRNQTF o  2 ip -99 il -99 dp -99 dl -99    Peplist sS  7.828 bgG   0 bgS  6.836 cS  2.359
G  4   20       YPSLMSRVVAVM  YPSLMSRVV o  0 ip -99 il -99 dp -99 dl -99    Peplist sS 15.377 bgG   1 bgS  2.265 cS 13.565
G  4   21        RPVPISHLYIL  RPVPISHLY o  0 ip -99 il -99 dp -99 dl -99    Peplist sS  8.741 bgG   3 bgS  3.793 cS  5.707
G  4   22          MPREDAHFI  MPREDAHFI o  0 ip -99 il -99 dp -99 dl -99    Peplist sS  8.397 bgG   0 bgS  0.941 cS  7.645
G  4   23  TRPLRMPAYIRNTLYQA  MPAYIRNTL o  5 ip -99 il -99 dp -99 dl -99    Peplist sS 13.027 bgG   0 bgS  8.508 cS  6.221
G  4   24   ASFIAGMLVGRLGKGY  IAGMLVGRL o  3 ip -99 il -99 dp -99 dl -99    Peplist sS  1.006 bgG   3 bgS  5.990 cS -3.786
G  4   25   RGRIYKRSLKLDDLLS  RGRIYKRSL o  0 ip -99 il -99 dp -99 dl -99    Peplist sS  8.600 bgG   1 bgS  8.614 cS  1.709
G  4   26  NEKRLPAGSRIWLGPLA  LPAGSRIWL o  4 ip -99 il -99 dp -99 dl -99    Peplist sS 14.717 bgG   3 bgS  7.606 cS  8.632
G  4   27     GWSDLPPFTQHLLG  LPPFTQHLL o  4 ip -99 il -99 dp -99 dl -99    Peplist sS 11.329 bgG   0 bgS  5.928 cS  6.587
G  4   28   EDFLPVNVAFELAPKW  LPVNVAFEL o  3 ip -99 il -99 dp -99 dl -99    Peplist sS  6.966 bgG   3 bgS  4.178 cS  3.624
G  4   29    KNQNGVYPSFMSRPH  YPSFMSRPH o  6 ip -99 il -99 dp -99 dl -99    Peplist sS 11.256 bgG   0 bgS  8.056 cS  4.812
G  4   30   WCDQLPLMMLSPLLDK  LPLMMLSPL o  4 ip -99 il -99 dp -99 dl -99    Peplist sS 12.437 bgG   1 bgS  5.933 cS  7.690
G  4   31    KFVNSPLQLRFRMII  SPLQLRFRM o  4 ip -99 il -99 dp -99 dl -99    Peplist sS 12.268 bgG   0 bgS  5.329 cS  8.005
G  4   32    CTVHQLPAIIRPSFW  LPAIIRPSF o  5 ip -99 il -99 dp -99 dl -99    Peplist sS 14.528 bgG   3 bgS  6.839 cS  9.057
G  4   33      NWCIPKRNRSILP  IPKRNRSIL o  3 ip -99 il -99 dp -99 dl -99    Peplist sS 11.883 bgG   0 bgS  9.027 cS  4.662
G  4   34   EWTPVMSRFAAWIIPE  TPVMSRFAA o  2 ip -99 il -99 dp -99 dl -99    Peplist sS 11.527 bgG   3 bgS  7.061 cS  5.879
G  4   35     LRPQASGVYMSADT  RPQASGVYM o  1 ip -99 il -99 dp -99 dl -99    Peplist sS 10.158 bgG   0 bgS  8.897 cS  3.040
G  4   36 MYMVYVPHVIEEVMRLSL  VPHVIEEVM o  5 ip -99 il -99 dp -99 dl -99    Peplist sS  8.705 bgG   1 bgS  4.436 cS  5.156
G  4   37      NWPALSSIAATKP  WPALSSIAA o  1 ip -99 il -99 dp -99 dl -99    Peplist sS 11.841 bgG   1 bgS  7.474 cS  5.862
G  4   38    MKSMNLPEFERRTLQ  LPEFERRTL o  5 ip -99 il -99 dp -99 dl -99    Peplist sS 14.810 bgG   0 bgS  3.609 cS 11.923
G  4   39        RPNITSTALSV  RPNITSTAL o  0 ip -99 il -99 dp -99 dl -99    Peplist sS 14.861 bgG   0 bgS  4.469 cS 11.285
G  4   40     IWYPKGPIRFVLAL  YPKGPIRFV o  2 ip -99 il -99 dp -99 dl -99    Peplist sS  9.192 bgG   3 bgS  7.516 cS  3.179
G  4   41     RPNRQLGSMHTSKY  RPNRQLGSM o  0 ip -99 il -99 dp -99 dl -99    Peplist sS 11.684 bgG   3 bgS  4.687 cS  7.934
G  4   42   REFPSIFSTEVHSVAG  FPSIFSTEV o  2 ip -99 il -99 dp -99 dl -99    Peplist sS 10.658 bgG   1 bgS  6.378 cS  5.556
G  4   43    DDEDYAPIMFSNKMC  APIMFSNKM o  5 ip -99 il -99 dp -99 dl -99    Peplist sS 10.659 bgG   0 bgS  7.619 cS  4.564
G  4   44 INSNDFPVRPQVPITRCCC  FPVRPQVPI o  5 ip -99 il -99 dp -99 dl -99    Peplist sS  9.792 bgG   0 bgS  6.351 cS  4.711
G  4   45      QNPANKEESIHCI  NPANKEESI o  1 ip -99 il -99 dp -99 dl -99    Peplist sS  6.942 bgG   0 bgS  2.742 cS  4.748
G  4   46  LVPKLMEEYLRRMDSVK  VPKLMEEYL o  1 ip -99 il -99 dp -99 dl -99    Peplist sS 11.857 bgG   1 bgS  5.446 cS  7.500
G  4   47     HEPVYPGIKVRQLT  YPGIKVRQL o  4 ip -99 il -99 dp -99 dl -99    Peplist sS 11.194 bgG   0 bgS  2.911 cS  8.865
G  4   48     RHLTPKFTRMVVSN  TPKFTRMVV o  3 ip -99 il -99 dp -99 dl -99    Peplist sS 10.527 bgG   1 bgS  6.537 cS  5.297
G  4   49       KLAQVRRAMCAD  KLAQVRRAM o  0 ip -99 il -99 dp -99 dl -99    Peplist sS  4.823 bgG   0 bgS  3.373 cS  2.124
G  4   50       QIPAFYTPTARV  IPAFYTPTA o  1 ip -99 il -99 dp -99 dl -99    Peplist sS 10.451 bgG   1 bgS  5.907 cS  5.725
G  4   51   RKGSMLPQIGGEAIKY  LPQIGGEAI o  5 ip -99 il -99 dp -99 dl -99    Peplist sS 10.331 bgG   0 bgS  4.694 cS  6.575
G  4   52   VAVCGLPQYFTFDLKC  LPQYFTFDL o  5 ip -99 il -99 dp -99 dl -99    Peplist sS  8.030 bgG   3 bgS  7.959 cS  1.662
G  4   53    TCIPTFLQEALYHKF  IPTFLQEAL o  2 ip -99 il -99 dp -99 dl -99    Peplist sS 13.724 bgG   0 bgS  8.143 cS  7.210
G  4   54       KPNELSLALSEG  KPNELSLAL o  0 ip -99 il -99 dp -99 dl -99    Peplist sS 10.946 bgG   0 bgS  1.979 cS  9.363
G  4   55    SPNMSLLRDNRAALL  SPNMSLLRD o  0 ip -99 il -99 dp -99 dl -99    Peplist sS  4.921 bgG   1 bgS  3.306 cS  2.276
G  4   56 QRIRSPRTLNAWVNYVAT  SPRTLNAWV o  4 ip -99 il -99 dp -99 dl -99    Peplist sS  9.925 bgG   0 bgS  6.091 cS  5.052
G  4   57   WHPAQLFKPLTKKFMD  HPAQLFKPL o  1 ip -99 il -99 dp -99 dl -99    Peplist sS 13.151 bgG   1 bgS  9.803 cS  5.309
G  4   58   AHRDCLPTWLGAAIEW  LPTWLGAAI o  5 ip -99 il -99 dp -99 dl -99    Peplist sS  7.764 bgG   3 bgS  5.829 cS  3.101
G  4   59     AHWNYFPAPRAETL  FPAPRAETL o  5 ip -99 il -99 dp -99 dl -99    Peplist sS 11.583 bgG   1 bgS 12.460 cS  1.615
G  4   60          APALATGSF  APALATGSF o  0 ip -99 il -99 dp -99 dl -99    Peplist sS  9.555 bgG  -1 bgS  0.000 cS  9.555
G  4   61       ATRIPLGGNGAM  IPLGGNGAM o  3 ip -99 il -99 dp -99 dl -99    Peplist sS  7.699 bgG   0 bgS  1.429 cS  6.556
G  4   62     CDAIITPVVFYRWM  TPVVFYRWM o  5 ip -99 il -99 dp -99 dl -99    Peplist sS 12.666 bgG   3 bgS  7.028 cS  7.043
G  4   63  CLKDIIGPMFSGKVLDE  GPMFSGKVL o  6 ip -99 il -99 dp -99 dl -99    Peplist sS  6.762 bgG   0 bgS  6.137 cS  1.852
G  4   64     CMYTRVYRRRLAQS  YTRVYRRRL o  2 ip -99 il -99 dp -99 dl -99    Peplist sS 10.787 bgG   1 bgS 12.229 cS  1.004
G  4   65     DFDNQRPNMSRHHF  RPNMSRHHF o  5 ip -99 il -99 dp -99 dl -99    Peplist sS 16.685 bgG   1 bgS  2.147 cS 14.968
G  4   66 ECCGVPWSKILAYNADPI  VPWSKILAY o  4 ip -99 il -99 dp -99 dl -99    Peplist sS  3.744 bgG   3 bgS  3.044 cS  1.309
G  4   67 ESYSLPRPDTRHLHVWLN  LPRPDTRHL o  4 ip -99 il -99 dp -99 dl -99    Peplist sS 12.621 bgG   0 bgS 10.620 cS  4.125
G  4   68      EYRVRSLAKSLHW  RVRSLAKSL o  2 ip -99 il -99 dp -99 dl -99    Peplist sS  4.726 bgG   3 bgS  5.645 cS  0.209
G  4   69    GLPTRCRLEIVHGMG  LPTRCRLEI o  1 ip -99 il -99 dp -99 dl -99    Peplist sS  7.320 bgG   0 bgS  4.401 cS  3.799
G  4   70      GTEDAPKRPPSAF  APKRPPSAF o  4 ip -99 il -99 dp -99 dl -99    Peplist sS  9.778 bgG   1 bgS  3.623 cS  6.880
G  4   71   GYHNSPASFFSSWVQA  SPASFFSSW o  4 ip -99 il -99 dp -99 dl -99    Peplist sS  7.156 bgG   0 bgS  6.768 cS  1.742
G  4   72 HIHIHPLARTAKVAQSYC  HPLARTAKV o  4 ip -99 il -99 dp -99 dl -99    Peplist sS  7.151 bgG   1 bgS  7.523 cS  1.132
G  4   73      HIRLHQQALGCAQ  HIRLHQQAL o  0 ip -99 il -99 dp -99 dl -99    Peplist sS  4.007 bgG   3 bgS  4.225 cS  0.626
G  4   74        IAPLLSAGIFH  APLLSAGIF o  1 ip -99 il -99 dp -99 dl -99    Peplist sS  8.601 bgG   2 bgS  3.987 cS  5.411
G  4   75          RARIKTRLF  RARIKTRLF o  0 ip -99 il -99 dp -99 dl -99    Peplist sS  7.468 bgG   0 bgS  1.669 cS  6.133
G  4   76     SFLPRRSLKAFDSK  LPRRSLKAF o  2 ip -99 il -99 dp -99 dl -99    Peplist sS 14.730 bgG   0 bgS 10.079 cS  6.666
G  4   77     SQIQAWPLLPHVIF  WPLLPHVIF o  5 ip -99 il -99 dp -99 dl -99    Peplist sS  6.025 bgG   1 bgS  4.236 cS  2.636
G  4   78     VNSPADERAVANFW  SPADERAVA o  2 ip -99 il -99 dp -99 dl -99    Peplist sS  6.281 bgG   0 bgS  4.784 cS  2.454
# group 0, size 22: Final KLD sum after 40000 epochs - 3.640932
# group 1, size 60: Final KLD sum after 40000 epochs - 5.126524
# group 2, size 8: Final KLD sum after 40000 epochs - 1.584535
# group 3, size 31: Final KLD sum after 40000 epochs - 4.143926
# group 4, size 79: Final KLD sum after 40000 epochs - 5.572183
#
# Final number of non-empty clusters: 5

### Final KLD sum after 40000 iterations: 4.845162
