# /Users/marinabarrueco/Downloads/gibbscluster-2.0/bin/gibbs_cluster_1.2.2_DB.Darwin_x86_64 -mhc1 -l 9 -g 1 -ts 1.5 -blf /Users/marinabarrueco/Downloads/gibbscluster-2.0/data/blosum%i.freq_rownorm -blm 62 -base 0 -bg 1 -i 10 -s 3 -nt 20 -fr 20 -fs 100 -wlc 200 -swt 0 -lambda 0.8 -dlen 5 -ilen 1 -findels 10 -sigma 5 /Users/marinabarrueco/Downloads/gibbscluster-2.0/test/gibbs_44351/data/pepdata.txt
# Thu Jan 30 18:24:35 2025
# User: marinabarrueco
# PWD : /Users/marinabarrueco/Downloads/gibbscluster-2.0/test
# Host: Darwin MacBook-Air-de-Marina.local 23.6.0 x86_64
# -mhc1    1                    Use peptides of fixed length, no window shift
# -l       9                    Motif length
# -g       1                    Number of initial clusters
# -ts      1.500000             Start temperature
# -blf     /Users/marinabarrueco/Downloads/gibbscluster-2.0/data/blosum%i.freq_rownorm Real value blosum matrix filename
# -blm     62                   Blosum matrix number
# -base    0.000000             Baseline value to discard to trash
# -bg      1                    [0] Flat (0.05) [1] Precalculated [2] From data
# -i       10                   Number of iterations per train example
# -s       3                    Seed [-1] Default, [0] Time [>0] Specific seed
# -nt      20                   Number of temperature steps
# -fr      20                   Interval between Single sequence moves (if -mhc1 == 1)
# -fs      100                  Interval between Phase shift moves
# -wlc     200.000000           Weigth on low count
# -swt     0                    [0] 1/ns [1] Clustering [2] No sequence weighting
# -lambda  0.800000             Penalty factor for overlapping clusters
# -dlen    5                    Max length of deletions
# -ilen    1                    Max length of insertions
# -findels 10                   Interval between Indel moves
# -sigma   5.000000             Weight on blosum for small cluster confidence
# Command line parameters set to:
#	[-l int]             9                    Motif length
#	[-g int]             1                    Number of initial clusters
#	[-trash]             0                    Use trash cluster to remove outliers
#	[-i int]             10                   Number of iterations per train example
#	[-s int]             3                    Seed [-1] Default, [0] Time [>0] Specific seed
#	[-f filename]        0                    File for frequency matrices
#	[-m filename]        0                    File for log-odds matrices
#	[-a filename]        aln.txt              File for multiple alignments
#	[-pc]                0                    Print core of alignment
#	[-c filename]        core.txt             File for core
#	[-alp string]        ARNDCQEGHILKMFPSTWYV Amino acid alphabet
#	[-bg int]            1                    [0] Flat (0.05) [1] Precalculated [2] From data
#	[-base float]        0.000000             Baseline value to discard to trash
#	[-mhc1]              1                    Use peptides of fixed length, no window shift
#	[-ts float]          1.500000             Start temperature
#	[-te float]          0.000010             Final temperature
#	[-nt int]            20                   Number of temperature steps
#	[-ms int]            3                    Max phase shift distance
#	[-fs int]            100                  Interval between Phase shift moves
#	[-findels int]       10                   Interval between Indel moves
#	[-fr int]            20                   Interval between Single sequence moves (if -mhc1 == 1)
#	[-lambda float]      0.800000             Penalty factor for overlapping clusters
#	[-sigma float]       5.000000             Weight on blosum for small cluster confidence
#	[-noph]              0                    Exclude phase shift move
#	[-r float]           5.000000             Scale factor for phase shift moves
#	[-wlc float]         200.000000           Weigth on low count
#	[-blf filename]      /Users/marinabarrueco/Downloads/gibbscluster-2.0/data/blosum%i.freq_rownorm Real value blosum matrix filename
#	[-blm int]           62                   Blosum matrix number
#	[-cX int]            1                    [0] Count X as A, [1] Exclude X from count
#	[-v]                 0                    Verbose mode
#	[-debug]             0                    Debug model
#	[-cthr float]        0.620000             Clustering threshold for sequence weighting
#	[-swt int]           0                    [0] 1/ns [1] Clustering [2] No sequence weighting
#	[-w string]          1,3,1,1,1,1,1,1,3    Weigths on positions
#	[-iw]                0                    Include weights on positions
#	[-noc float]         0.000000             Log-odds score assignment to no count elements
#	[-p1a]               0                    Allow only Hydrophobic AA at P1
#	[-p1l filename]      ILVMFYW              Allowed letters at P1 [Only with -p1a option]
#	[-factor float]      2.885400             Scale factor for matrix 2/log2
#	[-cntthr int]        0                    Low bound for amino acids counts to include in matrix
#	[-p1s]               0                    Penalize disallowed P1 amino acids in shift
#	[-pkld]              0                    Print KLD list (file to -kldf)
#	[-kldf string]       kldfq.txt            Print complete list of KLD values to specified file
#	[-kldq int]          1000                 Total datapoints when printing KLDs
#	[-ilen int]          1                    Max length of insertions
#	[-dlen int]          5                    Max length of deletions
#	[-xc]                0                    Exclude final check of all peptides to clusters
# Random seed is 3
# Read 200 elements on seqlist /Users/marinabarrueco/Downloads/gibbscluster-2.0/test/gibbs_44351/data/pepdata.txt
# Number of temperature steps 20 dt 0.078947
# Back ground frequences
# 0 A  0.07400
# 1 R  0.05200
# 2 N  0.04500
# 3 D  0.05400
# 4 C  0.02500
# 5 Q  0.03400
# 6 E  0.05400
# 7 G  0.07400
# 8 H  0.02600
# 9 I  0.06800
# 10 L  0.09900
# 11 K  0.05800
# 12 M  0.02500
# 13 F  0.04700
# 14 P  0.03900
# 15 S  0.05700
# 16 T  0.05100
# 17 W  0.01300
# 18 Y  0.03200
# 19 V  0.07300
# Read_realblosum done. Alphabet ARNDCQEGHILKMFPSTWYV
# G 0 200
### Initial alignments weighed KLD sum 0.000000

# Doing temprature step 0 1.500000
# Doing temprature step 1 1.421053
# Doing temprature step 2 1.342106
# Doing temprature step 3 1.263160
# Doing temprature step 4 1.184213
# Doing temprature step 5 1.105266
# Doing temprature step 6 1.026319
# Doing temprature step 7 0.947372
# Doing temprature step 8 0.868425
# Doing temprature step 9 0.789479
# Doing temprature step 10 0.710532
# Doing temprature step 11 0.631585
# Doing temprature step 12 0.552638
# Doing temprature step 13 0.473691
# Doing temprature step 14 0.394744
# Doing temprature step 15 0.315798
# Doing temprature step 16 0.236851
# Doing temprature step 17 0.157904
# Doing temprature step 18 0.078957
# Doing temprature step 19 0.000010
## Sequence alignment for group 0
G  0    0          HLYSEVKEV  HLYSEVKEV o  0 ip -99 il -99 dp -99 dl -99 HLA-A02:01 sS  5.395 bgG  -1 bgS  0.000 cS  5.395
G  0    1          FVDDYTVRV  FVDDYTVRV o  0 ip -99 il -99 dp -99 dl -99 HLA-A01:01 sS 11.019 bgG  -1 bgS  0.000 cS 11.019
G  0    2         TLIRVPIPQV  TLIRVPPQV o  0 ip -99 il -99 dp   6 dl   1 HLA-A02:01 sS  8.579 bgG  -1 bgS  0.000 cS  8.579
G  0    3          LIDVGTGYY  LIDVGTGYY o  0 ip -99 il -99 dp -99 dl -99 HLA-A01:01 sS 10.187 bgG  -1 bgS  0.000 cS 10.187
G  0    4          NLIANVLYL  NLIANVLYL o  0 ip -99 il -99 dp -99 dl -99 HLA-A02:01 sS  2.762 bgG  -1 bgS  0.000 cS  2.762
G  0    5         GILGIQPPSV  ILGIQPPSV o  1 ip -99 il -99 dp -99 dl -99 HLA-A02:01 sS  3.798 bgG  -1 bgS  0.000 cS  3.798
G  0    6        LVDNSIRELQY  LVDNSILQY o  0 ip -99 il -99 dp   6 dl   2 HLA-A01:01 sS 14.471 bgG  -1 bgS  0.000 cS 14.471
G  0    7          TLDSDQVGY  TLDSDQVGY o  0 ip -99 il -99 dp -99 dl -99 HLA-A01:01 sS 14.201 bgG  -1 bgS  0.000 cS 14.201
G  0    8           FLGDGMGV  FLGDG-MGV o  0 ip   5 il   1 dp -99 dl -99 HLA-A02:01 sS  8.699 bgG  -1 bgS  0.000 cS  8.699
G  0    9        RLGEAEGLMKV  RLAEGLMKV o  0 ip -99 il -99 dp   2 dl   2 HLA-A02:01 sS  7.834 bgG  -1 bgS  0.000 cS  7.834
G  0   10         YLFDEIDQAL  YLDEIDQAL o  0 ip -99 il -99 dp   2 dl   1 HLA-A02:01 sS 13.549 bgG  -1 bgS  0.000 cS 13.549
G  0   11          LADFGFGNF  LADFGFGNF o  0 ip -99 il -99 dp -99 dl -99 HLA-A01:01 sS  3.150 bgG  -1 bgS  0.000 cS  3.150
G  0   12         ASEPSAQLSY  ASEPSQLSY o  0 ip -99 il -99 dp   5 dl   1 HLA-A01:01 sS 14.762 bgG  -1 bgS  0.000 cS 14.762
G  0   13          YLAERIPTL  YLAERIPTL o  0 ip -99 il -99 dp -99 dl -99 HLA-A02:01 sS 10.329 bgG  -1 bgS  0.000 cS 10.329
G  0   14          VVEDKVEGY  VVEDKVEGY o  0 ip -99 il -99 dp -99 dl -99 HLA-A01:01 sS 10.759 bgG  -1 bgS  0.000 cS 10.759
G  0   15         LMEDEMKEYY  LMEDEMEYY o  0 ip -99 il -99 dp   6 dl   1 HLA-A01:01 sS 13.487 bgG  -1 bgS  0.000 cS 13.487
G  0   16         TFNLEGSLIY  TFNEGSLIY o  0 ip -99 il -99 dp   3 dl   1 HLA-A01:01 sS  9.765 bgG  -1 bgS  0.000 cS  9.765
G  0   17          FLLPKFHGV  FLLPKFHGV o  0 ip -99 il -99 dp -99 dl -99 HLA-A02:01 sS 10.275 bgG  -1 bgS  0.000 cS 10.275
G  0   18         YLLGLGPLEV  YLLGGPLEV o  0 ip -99 il -99 dp   4 dl   1 HLA-A02:01 sS 13.524 bgG  -1 bgS  0.000 cS 13.524
G  0   19         KTDMEKLTFY  KTDEKLTFY o  0 ip -99 il -99 dp   3 dl   1 HLA-A01:01 sS 17.775 bgG  -1 bgS  0.000 cS 17.775
G  0   20        DTSRPLGDSMY  TSRPGDSMY o  1 ip -99 il -99 dp   4 dl   1 HLA-A01:01 sS  9.216 bgG  -1 bgS  0.000 cS  9.216
G  0   21          FLWERPTLL  FLWERPTLL o  0 ip -99 il -99 dp -99 dl -99 HLA-A02:01 sS 10.500 bgG  -1 bgS  0.000 cS 10.500
G  0   22          SLDDFQAWL  SLDDFQAWL o  0 ip -99 il -99 dp -99 dl -99 HLA-A02:01 sS 10.294 bgG  -1 bgS  0.000 cS 10.294
G  0   23          KLQLVEMPL  KLQLVEMPL o  0 ip -99 il -99 dp -99 dl -99 HLA-A02:01 sS  0.132 bgG  -1 bgS  0.000 cS  0.132
G  0   24         LSDTKYLEMI  LSDTKYLEI o  0 ip -99 il -99 dp   8 dl   1 HLA-A01:01 sS  7.998 bgG  -1 bgS  0.000 cS  7.998
G  0   25          HIAEVSQEV  HIAEVSQEV o  0 ip -99 il -99 dp -99 dl -99 HLA-A02:01 sS  5.692 bgG  -1 bgS  0.000 cS  5.692
G  0   26          YLEEDVYQL  YLEEDVYQL o  0 ip -99 il -99 dp -99 dl -99 HLA-A02:01 sS 14.561 bgG  -1 bgS  0.000 cS 14.561
G  0   27          ALQEKLQYL  ALQEKLQYL o  0 ip -99 il -99 dp -99 dl -99 HLA-A02:01 sS  9.964 bgG  -1 bgS  0.000 cS  9.964
G  0   28         FSSDDSKLEY  FSDDSKLEY o  0 ip -99 il -99 dp   1 dl   1 HLA-A01:01 sS 16.367 bgG  -1 bgS  0.000 cS 16.367
G  0   29          TVDVLKEAY  TVDVLKEAY o  0 ip -99 il -99 dp -99 dl -99 HLA-A01:01 sS  7.903 bgG  -1 bgS  0.000 cS  7.903
G  0   30         HLEEGKDLEY  HLEEGDLEY o  0 ip -99 il -99 dp   5 dl   1 HLA-A01:01 sS 19.094 bgG  -1 bgS  0.000 cS 19.094
G  0   31         TSDHFETIMK  TSDFETIMK o  0 ip -99 il -99 dp   3 dl   1 HLA-A01:01 sS  4.118 bgG  -1 bgS  0.000 cS  4.118
G  0   32          ATDRFRSLY  ATDRFRSLY o  0 ip -99 il -99 dp -99 dl -99 HLA-A01:01 sS 10.945 bgG  -1 bgS  0.000 cS 10.945
G  0   33          TMADQIVTV  TMADQIVTV o  0 ip -99 il -99 dp -99 dl -99 HLA-A02:01 sS  4.563 bgG  -1 bgS  0.000 cS  4.563
G  0   34          GTVYEDLRY  GTVYEDLRY o  0 ip -99 il -99 dp -99 dl -99 HLA-A01:01 sS  5.735 bgG  -1 bgS  0.000 cS  5.735
G  0   35          YLKELLNLA  YLKELLNLA o  0 ip -99 il -99 dp -99 dl -99 HLA-A02:01 sS  7.170 bgG  -1 bgS  0.000 cS  7.170
G  0   36         LTETIYKNYY  LTETIYNYY o  0 ip -99 il -99 dp   6 dl   1 HLA-A01:01 sS 11.153 bgG  -1 bgS  0.000 cS 11.153
G  0   37        QTAEASHVSRY  TAESHVSRY o  1 ip -99 il -99 dp   3 dl   1 HLA-A01:01 sS 12.409 bgG  -1 bgS  0.000 cS 12.409
G  0   38         ALADGVVSQA  ALDGVVSQA o  0 ip -99 il -99 dp   2 dl   1 HLA-A02:01 sS  8.017 bgG  -1 bgS  0.000 cS  8.017
G  0   39         TLGSFSGLRV  TLGSFSLRV o  0 ip -99 il -99 dp   6 dl   1 HLA-A02:01 sS  9.667 bgG  -1 bgS  0.000 cS  9.667
G  0   40        YVDDTQFVGFD  YVDDTQFGF o  0 ip -99 il -99 dp   7 dl   1 HLA-A01:01 sS  8.631 bgG  -1 bgS  0.000 cS  8.631
G  0   41          ILNEIVNFV  ILNEIVNFV o  0 ip -99 il -99 dp -99 dl -99 HLA-A02:01 sS  8.624 bgG  -1 bgS  0.000 cS  8.624
G  0   42         FTASWGDLHY  FTASGDLHY o  0 ip -99 il -99 dp   4 dl   1 HLA-A01:01 sS 15.066 bgG  -1 bgS  0.000 cS 15.066
G  0   43          ITDYLIEEV  ITDYLIEEV o  0 ip -99 il -99 dp -99 dl -99 HLA-A01:01 sS  8.569 bgG  -1 bgS  0.000 cS  8.569
G  0   44          YLKEILEQL  YLKEILEQL o  0 ip -99 il -99 dp -99 dl -99 HLA-A02:01 sS 11.257 bgG  -1 bgS  0.000 cS 11.257
G  0   45        LTDLVLKSSVY  LTDLKSSVY o  0 ip -99 il -99 dp   3 dl   2 HLA-A01:01 sS 12.277 bgG  -1 bgS  0.000 cS 12.277
G  0   46          YLAKLIFQM  YLAKLIFQM o  0 ip -99 il -99 dp -99 dl -99 HLA-A02:01 sS  5.020 bgG  -1 bgS  0.000 cS  5.020
G  0   47          LVEKSQLGY  LVEKSQLGY o  0 ip -99 il -99 dp -99 dl -99 HLA-A01:01 sS 10.377 bgG  -1 bgS  0.000 cS 10.377
G  0   48         KLFSGVLMDL  KLFSGVLML o  0 ip -99 il -99 dp   8 dl   1 HLA-A02:01 sS  8.700 bgG  -1 bgS  0.000 cS  8.700
G  0   49          ETDPVENTY  ETDPVENTY o  0 ip -99 il -99 dp -99 dl -99 HLA-A01:01 sS 10.508 bgG  -1 bgS  0.000 cS 10.508
G  0   50          VVDNLQHLY  VVDNLQHLY o  0 ip -99 il -99 dp -99 dl -99 HLA-A01:01 sS 12.797 bgG  -1 bgS  0.000 cS 12.797
G  0   51          LMDKSSTIY  LMDKSSTIY o  0 ip -99 il -99 dp -99 dl -99 HLA-A01:01 sS 12.589 bgG  -1 bgS  0.000 cS 12.589
G  0   52          KQVSDLISV  KQVSDLISV o  0 ip -99 il -99 dp -99 dl -99 HLA-A02:01 sS -1.750 bgG  -1 bgS  0.000 cS -1.750
G  0   53          HLLNESPML  HLLNESPML o  0 ip -99 il -99 dp -99 dl -99 HLA-A02:01 sS  9.067 bgG  -1 bgS  0.000 cS  9.067
G  0   54         LLWPGAALLV  LLWPGALLV o  0 ip -99 il -99 dp   5 dl   1 HLA-A02:01 sS  9.063 bgG  -1 bgS  0.000 cS  9.063
G  0   55          TIMKKVTSV  TIMKKVTSV o  0 ip -99 il -99 dp -99 dl -99 HLA-A02:01 sS  2.984 bgG  -1 bgS  0.000 cS  2.984
G  0   56        DLDLESPKSLY  DLDLESPLY o  0 ip -99 il -99 dp   7 dl   2 HLA-A01:01 sS 10.948 bgG  -1 bgS  0.000 cS 10.948
G  0   57          KLLDGPPGV  KLLDGPPGV o  0 ip -99 il -99 dp -99 dl -99 HLA-A02:01 sS 10.369 bgG  -1 bgS  0.000 cS 10.369
G  0   58          KLQNLNIFL  KLQNLNIFL o  0 ip -99 il -99 dp -99 dl -99 HLA-A02:01 sS  4.813 bgG  -1 bgS  0.000 cS  4.813
G  0   59          LMNPNIASV  LMNPNIASV o  0 ip -99 il -99 dp -99 dl -99 HLA-A02:01 sS  6.179 bgG  -1 bgS  0.000 cS  6.179
G  0   60          ALNNLLHSL  ALNNLLHSL o  0 ip -99 il -99 dp -99 dl -99 HLA-A02:01 sS  9.586 bgG  -1 bgS  0.000 cS  9.586
G  0   61          ALMPVLNQV  ALMPVLNQV o  0 ip -99 il -99 dp -99 dl -99 HLA-A02:01 sS  8.443 bgG  -1 bgS  0.000 cS  8.443
G  0   62         HTDHHMFFDY  HTDHHMFFY o  0 ip -99 il -99 dp   8 dl   1 HLA-A01:01 sS 12.567 bgG  -1 bgS  0.000 cS 12.567
G  0   63          KLNPQQFEV  KLNPQQFEV o  0 ip -99 il -99 dp -99 dl -99 HLA-A02:01 sS 10.460 bgG  -1 bgS  0.000 cS 10.460
G  0   64          FMYDRPLRL  FMYDRPLRL o  0 ip -99 il -99 dp -99 dl -99 HLA-A02:01 sS 10.791 bgG  -1 bgS  0.000 cS 10.791
G  0   65          KLGDLFFRV  KLGDLFFRV o  0 ip -99 il -99 dp -99 dl -99 HLA-A02:01 sS  7.258 bgG  -1 bgS  0.000 cS  7.258
G  0   66          MLDEILLQL  MLDEILLQL o  0 ip -99 il -99 dp -99 dl -99 HLA-A02:01 sS 15.389 bgG  -1 bgS  0.000 cS 15.389
G  0   67         MLDWASGTLY  MLDWASTLY o  0 ip -99 il -99 dp   6 dl   1 HLA-A01:01 sS 13.961 bgG  -1 bgS  0.000 cS 13.961
G  0   68          TLIDSLDTL  TLIDSLDTL o  0 ip -99 il -99 dp -99 dl -99 HLA-A02:01 sS  6.581 bgG  -1 bgS  0.000 cS  6.581
G  0   69         TIDLGAAAHY  TIDLGAAHY o  0 ip -99 il -99 dp   5 dl   1 HLA-A01:01 sS 10.020 bgG  -1 bgS  0.000 cS 10.020
G  0   70          FIEALLPHV  FIEALLPHV o  0 ip -99 il -99 dp -99 dl -99 HLA-A02:01 sS  9.600 bgG  -1 bgS  0.000 cS  9.600
G  0   71          ALYASRLYL  ALYASRLYL o  0 ip -99 il -99 dp -99 dl -99 HLA-A02:01 sS  4.907 bgG  -1 bgS  0.000 cS  4.907
G  0   72          LLDRFLATV  LLDRFLATV o  0 ip -99 il -99 dp -99 dl -99 HLA-A02:01 sS 10.231 bgG  -1 bgS  0.000 cS 10.231
G  0   73          GLSSLSIHL  GLSSLSIHL o  0 ip -99 il -99 dp -99 dl -99 HLA-A02:01 sS  3.445 bgG  -1 bgS  0.000 cS  3.445
G  0   74          YTDNLVRVW  YTDNLVRVW o  0 ip -99 il -99 dp -99 dl -99 HLA-A01:01 sS  5.789 bgG  -1 bgS  0.000 cS  5.789
G  0   75          LTDIKLGKY  LTDIKLGKY o  0 ip -99 il -99 dp -99 dl -99 HLA-A01:01 sS 12.443 bgG  -1 bgS  0.000 cS 12.443
G  0   76         LLESAKMFNY  LLESKMFNY o  0 ip -99 il -99 dp   4 dl   1 HLA-A01:01 sS 14.616 bgG  -1 bgS  0.000 cS 14.616
G  0   77          TTDFEDDEF  TTDFEDDEF o  0 ip -99 il -99 dp -99 dl -99 HLA-A01:01 sS  9.831 bgG  -1 bgS  0.000 cS  9.831
G  0   78        ATAAALTYGLY  ATAAALTYY o  0 ip -99 il -99 dp   8 dl   2 HLA-A01:01 sS  8.298 bgG  -1 bgS  0.000 cS  8.298
G  0   79        KTDPVRLTQLY  KTDPLTQLY o  0 ip -99 il -99 dp   4 dl   2 HLA-A01:01 sS 16.128 bgG  -1 bgS  0.000 cS 16.128
G  0   80        LTEVNKTGTQY  LTEKTGTQY o  0 ip -99 il -99 dp   3 dl   2 HLA-A01:01 sS 10.713 bgG  -1 bgS  0.000 cS 10.713
G  0   81         FLSLINVGLI  FLLINVGLI o  0 ip -99 il -99 dp   2 dl   1 HLA-A02:01 sS  3.059 bgG  -1 bgS  0.000 cS  3.059
G  0   82          SSEVTSQLY  SSEVTSQLY o  0 ip -99 il -99 dp -99 dl -99 HLA-A01:01 sS  8.669 bgG  -1 bgS  0.000 cS  8.669
G  0   83         TSEPKPFLYY  TSEPKPLYY o  0 ip -99 il -99 dp   6 dl   1 HLA-A01:01 sS 17.592 bgG  -1 bgS  0.000 cS 17.592
G  0   84        FLNGGILNYMI  FLNGGILNY o  0 ip -99 il -99 dp -99 dl -99 HLA-A02:01 sS 14.601 bgG  -1 bgS  0.000 cS 14.601
G  0   85        SSEYHYVGGFY  SSEYHYVFY o  0 ip -99 il -99 dp   7 dl   2 HLA-A01:01 sS  7.731 bgG  -1 bgS  0.000 cS  7.731
G  0   86        YLLPQQPPPSL  YLLPQPPSL o  0 ip -99 il -99 dp   5 dl   2 HLA-A02:01 sS 12.850 bgG  -1 bgS  0.000 cS 12.850
G  0   87          VLEINSLKY  VLEINSLKY o  0 ip -99 il -99 dp -99 dl -99 HLA-A01:01 sS 13.017 bgG  -1 bgS  0.000 cS 13.017
G  0   88          SLDGKAIKV  SLDGKAIKV o  0 ip -99 il -99 dp -99 dl -99 HLA-A02:01 sS  7.347 bgG  -1 bgS  0.000 cS  7.347
G  0   89          ETEVSFLDY  ETEVSFLDY o  0 ip -99 il -99 dp -99 dl -99 HLA-A01:01 sS  8.402 bgG  -1 bgS  0.000 cS  8.402
G  0   90          SLYGGTITI  SLYGGTITI o  0 ip -99 il -99 dp -99 dl -99 HLA-A02:01 sS  3.426 bgG  -1 bgS  0.000 cS  3.426
G  0   91          TTEFLYNLY  TTEFLYNLY o  0 ip -99 il -99 dp -99 dl -99 HLA-A01:01 sS 13.677 bgG  -1 bgS  0.000 cS 13.677
G  0   92           FTDKAASY  FTD-KAASY o  0 ip   3 il   1 dp -99 dl -99 HLA-A01:01 sS 14.442 bgG  -1 bgS  0.000 cS 14.442
G  0   93          FTDTEGLPY  FTDTEGLPY o  0 ip -99 il -99 dp -99 dl -99 HLA-A01:01 sS 13.018 bgG  -1 bgS  0.000 cS 13.018
G  0   94          ALYSAEHGL  ALYSAEHGL o  0 ip -99 il -99 dp -99 dl -99 HLA-A02:01 sS  4.283 bgG  -1 bgS  0.000 cS  4.283
G  0   95         RADDADEFGY  RADDADEFY o  0 ip -99 il -99 dp   8 dl   1 HLA-A01:01 sS  8.580 bgG  -1 bgS  0.000 cS  8.580
G  0   96          VLGEGVPIL  VLGEGVPIL o  0 ip -99 il -99 dp -99 dl -99 HLA-A02:01 sS  6.812 bgG  -1 bgS  0.000 cS  6.812
G  0   97        VLERNPNGWWY  VLERNPWWY o  0 ip -99 il -99 dp   6 dl   2 HLA-A01:01 sS 13.762 bgG  -1 bgS  0.000 cS 13.762
G  0   98          LQDPFHGVY  LQDPFHGVY o  0 ip -99 il -99 dp -99 dl -99 HLA-A01:01 sS  8.403 bgG  -1 bgS  0.000 cS  8.403
G  0   99          VADDPNDPY  VADDPNDPY o  0 ip -99 il -99 dp -99 dl -99 HLA-A01:01 sS  5.601 bgG  -1 bgS  0.000 cS  5.601
G  0  100        YTDAPPAYSEL  YTDPAYSEL o  0 ip -99 il -99 dp   3 dl   2 HLA-A01:01 sS 13.931 bgG  -1 bgS  0.000 cS 13.931
G  0  101          TTEAVHYLY  TTEAVHYLY o  0 ip -99 il -99 dp -99 dl -99 HLA-A01:01 sS 11.642 bgG  -1 bgS  0.000 cS 11.642
G  0  102         FLDPRPLTVV  FLDPRPLTV o  0 ip -99 il -99 dp -99 dl -99 HLA-A02:01 sS 16.459 bgG  -1 bgS  0.000 cS 16.459
G  0  103          AMFGKLMTI  AMFGKLMTI o  0 ip -99 il -99 dp -99 dl -99 HLA-A02:01 sS  1.838 bgG  -1 bgS  0.000 cS  1.838
G  0  104          NSDVSLLNY  NSDVSLLNY o  0 ip -99 il -99 dp -99 dl -99 HLA-A01:01 sS 11.929 bgG  -1 bgS  0.000 cS 11.929
G  0  105          FIEERLLMY  FIEERLLMY o  0 ip -99 il -99 dp -99 dl -99 HLA-A01:01 sS 16.597 bgG  -1 bgS  0.000 cS 16.597
G  0  106          KLQIVEMPL  KLQIVEMPL o  0 ip -99 il -99 dp -99 dl -99 HLA-A02:01 sS  0.980 bgG  -1 bgS  0.000 cS  0.980
G  0  107          SLLESVQKL  SLLESVQKL o  0 ip -99 il -99 dp -99 dl -99 HLA-A02:01 sS  7.161 bgG  -1 bgS  0.000 cS  7.161
G  0  108         LSEYSKFLSY  LSESKFLSY o  0 ip -99 il -99 dp   3 dl   1 HLA-A01:01 sS 13.229 bgG  -1 bgS  0.000 cS 13.229
G  0  109          FLLEKGYEV  FLLEKGYEV o  0 ip -99 il -99 dp -99 dl -99 HLA-A02:01 sS  9.853 bgG  -1 bgS  0.000 cS  9.853
G  0  110          ASDPNSSIF  ASDPNSSIF o  0 ip -99 il -99 dp -99 dl -99 HLA-A01:01 sS  7.673 bgG  -1 bgS  0.000 cS  7.673
G  0  111          MSEERTLLY  MSEERTLLY o  0 ip -99 il -99 dp -99 dl -99 HLA-A01:01 sS 13.529 bgG  -1 bgS  0.000 cS 13.529
G  0  112          SLAESLDQA  SLAESLDQA o  0 ip -99 il -99 dp -99 dl -99 HLA-A02:01 sS  5.834 bgG  -1 bgS  0.000 cS  5.834
G  0  113         LLYEDIPDKV  LLEDIPDKV o  0 ip -99 il -99 dp   2 dl   1 HLA-A02:01 sS 10.630 bgG  -1 bgS  0.000 cS 10.630
G  0  114         QTENSLHMGY  QTENSLHMY o  0 ip -99 il -99 dp   8 dl   1 HLA-A01:01 sS 12.691 bgG  -1 bgS  0.000 cS 12.691
G  0  115          YILRELPKV  YILRELPKV o  0 ip -99 il -99 dp -99 dl -99 HLA-A02:01 sS  7.454 bgG  -1 bgS  0.000 cS  7.454
G  0  116          ELFSSPPAV  ELFSSPPAV o  0 ip -99 il -99 dp -99 dl -99 HLA-A02:01 sS  5.232 bgG  -1 bgS  0.000 cS  5.232
G  0  117          NLLKLIAEV  NLLKLIAEV o  0 ip -99 il -99 dp -99 dl -99 HLA-A02:01 sS  5.798 bgG  -1 bgS  0.000 cS  5.798
G  0  118          SLLDIDPLI  SLLDIDPLI o  0 ip -99 il -99 dp -99 dl -99 HLA-A02:01 sS  6.291 bgG  -1 bgS  0.000 cS  6.291
G  0  119          ATDIFSYLV  ATDIFSYLV o  0 ip -99 il -99 dp -99 dl -99 HLA-A01:01 sS  9.983 bgG  -1 bgS  0.000 cS  9.983
G  0  120         MVESLVGWGY  MVESLVWGY o  0 ip -99 il -99 dp   6 dl   1 HLA-A01:01 sS 11.421 bgG  -1 bgS  0.000 cS 11.421
G  0  121          YSDSAVLKL  YSDSAVLKL o  0 ip -99 il -99 dp -99 dl -99 HLA-A01:01 sS 11.925 bgG  -1 bgS  0.000 cS 11.925
G  0  122         SLFGGSVKLA  SLFGGSVKL o  0 ip -99 il -99 dp -99 dl -99 HLA-A02:01 sS  4.904 bgG  -1 bgS  0.000 cS  4.904
G  0  123          TLEGTPVFV  TLEGTPVFV o  0 ip -99 il -99 dp -99 dl -99 HLA-A02:01 sS 10.048 bgG  -1 bgS  0.000 cS 10.048
G  0  124         ETVPRSGEVY  ETVPRSGEY o  0 ip -99 il -99 dp   8 dl   1 HLA-A01:01 sS  7.828 bgG  -1 bgS  0.000 cS  7.828
G  0  125        LSDIGSGIRYL  LSDIGSIRY o  0 ip -99 il -99 dp   6 dl   1 HLA-A01:01 sS 14.129 bgG  -1 bgS  0.000 cS 14.129
G  0  126          YLWNTVSKL  YLWNTVSKL o  0 ip -99 il -99 dp -99 dl -99 HLA-A02:01 sS  7.442 bgG  -1 bgS  0.000 cS  7.442
G  0  127          LLLDMQNRL  LLLDMQNRL o  0 ip -99 il -99 dp -99 dl -99 HLA-A02:01 sS  4.790 bgG  -1 bgS  0.000 cS  4.790
G  0  128          TADGKTYYY  TADGKTYYY o  0 ip -99 il -99 dp -99 dl -99 HLA-A01:01 sS 12.711 bgG  -1 bgS  0.000 cS 12.711
G  0  129          LLLPDYYLV  LLLPDYYLV o  0 ip -99 il -99 dp -99 dl -99 HLA-A02:01 sS  7.329 bgG  -1 bgS  0.000 cS  7.329
G  0  130         KLLEPVPVSV  LLEPVPVSV o  1 ip -99 il -99 dp -99 dl -99 HLA-A02:01 sS 10.838 bgG  -1 bgS  0.000 cS 10.838
G  0  131          FLLWATAEA  FLLWATAEA o  0 ip -99 il -99 dp -99 dl -99 HLA-A02:01 sS  3.771 bgG  -1 bgS  0.000 cS  3.771
G  0  132         FTEVLSPNMY  FTEVLSPMY o  0 ip -99 il -99 dp   7 dl   1 HLA-A01:01 sS 16.537 bgG  -1 bgS  0.000 cS 16.537
G  0  133        RMLEDRDLFVM  MLEDRDLFV o  1 ip -99 il -99 dp -99 dl -99 HLA-A02:01 sS 11.686 bgG  -1 bgS  0.000 cS 11.686
G  0  134          ITSTRSLNY  ITSTRSLNY o  0 ip -99 il -99 dp -99 dl -99 HLA-A01:01 sS  7.327 bgG  -1 bgS  0.000 cS  7.327
G  0  135          FTEDSLLRH  FTEDSLLRH o  0 ip -99 il -99 dp -99 dl -99 HLA-A01:01 sS 10.004 bgG  -1 bgS  0.000 cS 10.004
G  0  136         NSELGSETRY  NSELGSTRY o  0 ip -99 il -99 dp   6 dl   1 HLA-A01:01 sS 10.701 bgG  -1 bgS  0.000 cS 10.701
G  0  137         AVYEGHVSCV  AVYEGHVSV o  0 ip -99 il -99 dp   8 dl   1 HLA-A02:01 sS  6.206 bgG  -1 bgS  0.000 cS  6.206
G  0  138         TSEQNPPYSY  TSEQNPPYY o  0 ip -99 il -99 dp   8 dl   1 HLA-A01:01 sS 13.578 bgG  -1 bgS  0.000 cS 13.578
G  0  139        YADIAVNSDRY  YADINSDRY o  0 ip -99 il -99 dp   4 dl   2 HLA-A01:01 sS 13.160 bgG  -1 bgS  0.000 cS 13.160
G  0  140         TLEESAMLRY  TLEESMLRY o  0 ip -99 il -99 dp   5 dl   1 HLA-A01:01 sS 19.331 bgG  -1 bgS  0.000 cS 19.331
G  0  141         NTDPYKRAVY  NTDPKRAVY o  0 ip -99 il -99 dp   4 dl   1 HLA-A01:01 sS 11.641 bgG  -1 bgS  0.000 cS 11.641
G  0  142          ALARTALAL  ALARTALAL o  0 ip -99 il -99 dp -99 dl -99 HLA-A02:01 sS  2.160 bgG  -1 bgS  0.000 cS  2.160
G  0  143          FLLFINHRL  FLLFINHRL o  0 ip -99 il -99 dp -99 dl -99 HLA-A02:01 sS  7.370 bgG  -1 bgS  0.000 cS  7.370
G  0  144          ILLDRLLYL  ILLDRLLYL o  0 ip -99 il -99 dp -99 dl -99 HLA-A02:01 sS  8.604 bgG  -1 bgS  0.000 cS  8.604
G  0  145          VLIKDLFHI  VLIKDLFHI o  0 ip -99 il -99 dp -99 dl -99 HLA-A02:01 sS  1.610 bgG  -1 bgS  0.000 cS  1.610
G  0  146         ATDVLHAVWY  ATDVLHAWY o  0 ip -99 il -99 dp   7 dl   1 HLA-A01:01 sS 12.759 bgG  -1 bgS  0.000 cS 12.759
G  0  147         TSDFIPRLVY  TSDFIPLVY o  0 ip -99 il -99 dp   6 dl   1 HLA-A01:01 sS 14.418 bgG  -1 bgS  0.000 cS 14.418
G  0  148        KLLCGLLAERL  KLLCGLLRL o  0 ip -99 il -99 dp   7 dl   2 HLA-A02:01 sS  4.763 bgG  -1 bgS  0.000 cS  4.763
G  0  149          ALPEIFTEL  ALPEIFTEL o  0 ip -99 il -99 dp -99 dl -99 HLA-A02:01 sS  4.139 bgG  -1 bgS  0.000 cS  4.139
G  0  150        PTDLETRSYKY  TLETRSYKY o  1 ip -99 il -99 dp   1 dl   1 HLA-A01:01 sS 14.231 bgG  -1 bgS  0.000 cS 14.231
G  0  151          NTDFYQTSY  NTDFYQTSY o  0 ip -99 il -99 dp -99 dl -99 HLA-A01:01 sS 12.245 bgG  -1 bgS  0.000 cS 12.245
G  0  152          VLQGKLAEV  VLQGKLAEV o  0 ip -99 il -99 dp -99 dl -99 HLA-A02:01 sS  8.087 bgG  -1 bgS  0.000 cS  8.087
G  0  153          LLLKYTEKL  LLLKYTEKL o  0 ip -99 il -99 dp -99 dl -99 HLA-A02:01 sS  4.966 bgG  -1 bgS  0.000 cS  4.966
G  0  154         LTEADLQYGY  LTEDLQYGY o  0 ip -99 il -99 dp   3 dl   1 HLA-A01:01 sS 14.162 bgG  -1 bgS  0.000 cS 14.162
G  0  155         YLDGRLEPLY  YLDGRLPLY o  0 ip -99 il -99 dp   6 dl   1 HLA-A01:01 sS 19.584 bgG  -1 bgS  0.000 cS 19.584
G  0  156          KVASLLHQV  KVASLLHQV o  0 ip -99 il -99 dp -99 dl -99 HLA-A02:01 sS  7.051 bgG  -1 bgS  0.000 cS  7.051
G  0  157        VIDEDVKSGRY  VIDEKSGRY o  0 ip -99 il -99 dp   4 dl   2 HLA-A01:01 sS 14.456 bgG  -1 bgS  0.000 cS 14.456
G  0  158         FSDFLGLHSK  FSDFGLHSK o  0 ip -99 il -99 dp   4 dl   1 HLA-A01:01 sS  7.966 bgG  -1 bgS  0.000 cS  7.966
G  0  159        YTDFDGTRVYS  YTDDGTRVY o  0 ip -99 il -99 dp   3 dl   1 HLA-A01:01 sS 17.025 bgG  -1 bgS  0.000 cS 17.025
G  0  160        ALLEQTGDMSL  ALLEGDMSL o  0 ip -99 il -99 dp   4 dl   2 HLA-A02:01 sS 10.150 bgG  -1 bgS  0.000 cS 10.150
G  0  161          FLNQVLAEI  FLNQVLAEI o  0 ip -99 il -99 dp -99 dl -99 HLA-A02:01 sS  7.092 bgG  -1 bgS  0.000 cS  7.092
G  0  162          FMDKLGENL  FMDKLGENL o  0 ip -99 il -99 dp -99 dl -99 HLA-A02:01 sS  7.765 bgG  -1 bgS  0.000 cS  7.765
G  0  163          FQDQLHQLY  FQDQLHQLY o  0 ip -99 il -99 dp -99 dl -99 HLA-A01:01 sS 10.726 bgG  -1 bgS  0.000 cS 10.726
G  0  164          QSERQLLLY  QSERQLLLY o  0 ip -99 il -99 dp -99 dl -99 HLA-A01:01 sS 10.150 bgG  -1 bgS  0.000 cS 10.150
G  0  165         LLDNSYYEQY  LLDSYYEQY o  0 ip -99 il -99 dp   3 dl   1 HLA-A01:01 sS 17.257 bgG  -1 bgS  0.000 cS 17.257
G  0  166        SSDEEFAAALY  SSDEEFALY o  0 ip -99 il -99 dp   6 dl   2 HLA-A01:01 sS 14.050 bgG  -1 bgS  0.000 cS 14.050
G  0  167         LLLPDYYLVT  LLLPDYYLV o  0 ip -99 il -99 dp -99 dl -99 HLA-A02:01 sS  7.329 bgG  -1 bgS  0.000 cS  7.329
G  0  168        ISYGPDWKDFY  ISYGPDWFY o  0 ip -99 il -99 dp   7 dl   2 HLA-A01:01 sS  6.051 bgG  -1 bgS  0.000 cS  6.051
G  0  169          LMELTMLDY  LMELTMLDY o  0 ip -99 il -99 dp -99 dl -99 HLA-A01:01 sS  7.962 bgG  -1 bgS  0.000 cS  7.962
G  0  170         YINASFLDGY  YINSFLDGY o  0 ip -99 il -99 dp   3 dl   1 HLA-A01:01 sS 10.267 bgG  -1 bgS  0.000 cS 10.267
G  0  171          KLFIGGLNV  KLFIGGLNV o  0 ip -99 il -99 dp -99 dl -99 HLA-A02:01 sS  3.453 bgG  -1 bgS  0.000 cS  3.453
G  0  172         PTEISQSLLY  PTESQSLLY o  0 ip -99 il -99 dp   3 dl   1 HLA-A01:01 sS 10.961 bgG  -1 bgS  0.000 cS 10.961
G  0  173          LLLAAPAQA  LLLAAPAQA o  0 ip -99 il -99 dp -99 dl -99 HLA-A02:01 sS  2.571 bgG  -1 bgS  0.000 cS  2.571
G  0  174          ILNPLLTLL  ILNPLLTLL o  0 ip -99 il -99 dp -99 dl -99 HLA-A02:01 sS  8.937 bgG  -1 bgS  0.000 cS  8.937
G  0  175          ALYTGDPNL  ALYTGDPNL o  0 ip -99 il -99 dp -99 dl -99 HLA-A02:01 sS  7.696 bgG  -1 bgS  0.000 cS  7.696
G  0  176        YLAEKYEWDVA  YLAEKYWDV o  0 ip -99 il -99 dp   6 dl   1 HLA-A02:01 sS 11.682 bgG  -1 bgS  0.000 cS 11.682
G  0  177         ATNPESKVFY  ATNPESVFY o  0 ip -99 il -99 dp   6 dl   1 HLA-A01:01 sS 13.859 bgG  -1 bgS  0.000 cS 13.859
G  0  178          YIDAQFENY  YIDAQFENY o  0 ip -99 il -99 dp -99 dl -99 HLA-A01:01 sS 12.071 bgG  -1 bgS  0.000 cS 12.071
G  0  179          VLDRLTFDY  VLDRLTFDY o  0 ip -99 il -99 dp -99 dl -99 HLA-A01:01 sS 13.633 bgG  -1 bgS  0.000 cS 13.633
G  0  180          YVDEYRNDY  YVDEYRNDY o  0 ip -99 il -99 dp -99 dl -99 HLA-A01:01 sS 12.556 bgG  -1 bgS  0.000 cS 12.556
G  0  181          VLTEHVAAA  VLTEHVAAA o  0 ip -99 il -99 dp -99 dl -99 HLA-A02:01 sS  0.960 bgG  -1 bgS  0.000 cS  0.960
G  0  182         ATDIFSYLVE  ATDIFSYLV o  0 ip -99 il -99 dp -99 dl -99 HLA-A01:01 sS  9.983 bgG  -1 bgS  0.000 cS  9.983
G  0  183          VLFGLLREV  VLFGLLREV o  0 ip -99 il -99 dp -99 dl -99 HLA-A02:01 sS  5.456 bgG  -1 bgS  0.000 cS  5.456
G  0  184          YVDEELPDY  YVDEELPDY o  0 ip -99 il -99 dp -99 dl -99 HLA-A01:01 sS 17.994 bgG  -1 bgS  0.000 cS 17.994
G  0  185          GLLGYLHFV  GLLGYLHFV o  0 ip -99 il -99 dp -99 dl -99 HLA-A02:01 sS  5.351 bgG  -1 bgS  0.000 cS  5.351
G  0  186         NTDLWIVMEY  NTDWIVMEY o  0 ip -99 il -99 dp   3 dl   1 HLA-A01:01 sS 14.373 bgG  -1 bgS  0.000 cS 14.373
G  0  187          FLNDIFERI  FLNDIFERI o  0 ip -99 il -99 dp -99 dl -99 HLA-A02:01 sS  8.963 bgG  -1 bgS  0.000 cS  8.963
G  0  188          ALLETMFGV  ALLETMFGV o  0 ip -99 il -99 dp -99 dl -99 HLA-A02:01 sS  7.561 bgG  -1 bgS  0.000 cS  7.561
G  0  189        YSQSPAYNSQY  YSQSYNSQY o  0 ip -99 il -99 dp   4 dl   2 HLA-A01:01 sS 11.837 bgG  -1 bgS  0.000 cS 11.837
G  0  190        DVYADHLDWHY  YADHLDWHY o  2 ip -99 il -99 dp -99 dl -99 HLA-A01:01 sS 14.343 bgG  -1 bgS  0.000 cS 14.343
G  0  191          GLDNINVFL  GLDNINVFL o  0 ip -99 il -99 dp -99 dl -99 HLA-A02:01 sS  5.834 bgG  -1 bgS  0.000 cS  5.834
G  0  192          AMNGHTAAV  AMNGHTAAV o  0 ip -99 il -99 dp -99 dl -99 HLA-A02:01 sS  3.489 bgG  -1 bgS  0.000 cS  3.489
G  0  193          FLTRIISQL  FLTRIISQL o  0 ip -99 il -99 dp -99 dl -99 HLA-A02:01 sS  5.366 bgG  -1 bgS  0.000 cS  5.366
G  0  194        TLIELWEGLTV  TLIELGLTV o  0 ip -99 il -99 dp   5 dl   2 HLA-A02:01 sS  7.173 bgG  -1 bgS  0.000 cS  7.173
G  0  195         SLLPEGPPAI  SLLEGPPAI o  0 ip -99 il -99 dp   3 dl   1 HLA-A02:01 sS  8.021 bgG  -1 bgS  0.000 cS  8.021
G  0  196          TLQEFLERI  TLQEFLERI o  0 ip -99 il -99 dp -99 dl -99 HLA-A02:01 sS  9.510 bgG  -1 bgS  0.000 cS  9.510
G  0  197          YLEEYKFQV  YLEEYKFQV o  0 ip -99 il -99 dp -99 dl -99 HLA-A02:01 sS 13.742 bgG  -1 bgS  0.000 cS 13.742
G  0  198          VADVLVDGY  VADVLVDGY o  0 ip -99 il -99 dp -99 dl -99 HLA-A01:01 sS  7.941 bgG  -1 bgS  0.000 cS  7.941
G  0  199          FVDERPEEV  FVDERPEEV o  0 ip -99 il -99 dp -99 dl -99 HLA-A02:01 sS 13.680 bgG  -1 bgS  0.000 cS 13.680
# group 0, size 200: Final KLD sum after 40000 epochs - 9.658308
#
# Final number of non-empty clusters: 1

### Final KLD sum after 40000 iterations: 9.658308
